Component: ARM Compiler 5.06 update 7 (build 960) Tool: armlink [4d3601]

==============================================================================

Section Cross References

    main.o(i.I2C0_UpdateRelayStatus) refers to ssd1306.o(i.SSD1306_I2C0_cls) for SSD1306_I2C0_cls
    main.o(i.I2C0_UpdateRelayStatus) refers to ssd1306.o(i.SSD1306_I2C0_DrawBitmap) for SSD1306_I2C0_DrawBitmap
    main.o(i.I2C0_UpdateRelayStatus) refers to ssd1306.o(i.SSD1306_I2C0_UpdateScreen) for SSD1306_I2C0_UpdateScreen
    main.o(i.I2C0_UpdateRelayStatus) refers to main.o(.constdata) for bitmap9
    main.o(i.I2C0_config) refers to sysctl.o(i.SysCtlPeripheralEnable) for SysCtlPeripheralEnable
    main.o(i.I2C0_config) refers to sysctl.o(i.SysCtlPeripheralReady) for SysCtlPeripheralReady
    main.o(i.I2C0_config) refers to gpio.o(i.GPIOPinConfigure) for GPIOPinConfigure
    main.o(i.I2C0_config) refers to gpio.o(i.GPIOPinTypeI2CSCL) for GPIOPinTypeI2CSCL
    main.o(i.I2C0_config) refers to gpio.o(i.GPIOPinTypeI2C) for GPIOPinTypeI2C
    main.o(i.I2C0_config) refers to sysctl.o(i.SysCtlClockGet) for SysCtlClockGet
    main.o(i.I2C0_config) refers to i2c.o(i.I2CMasterInitExpClk) for I2CMasterInitExpClk
    main.o(i.I2C0_sendMultipleBytes) refers to i2c.o(i.I2CMasterSlaveAddrSet) for I2CMasterSlaveAddrSet
    main.o(i.I2C0_sendMultipleBytes) refers to i2c.o(i.I2CMasterDataPut) for I2CMasterDataPut
    main.o(i.I2C0_sendMultipleBytes) refers to i2c.o(i.I2CMasterControl) for I2CMasterControl
    main.o(i.I2C0_sendMultipleBytes) refers to i2c.o(i.I2CMasterBusy) for I2CMasterBusy
    main.o(i.I2C0_sendSingleByte) refers to i2c.o(i.I2CMasterSlaveAddrSet) for I2CMasterSlaveAddrSet
    main.o(i.I2C0_sendSingleByte) refers to i2c.o(i.I2CMasterDataPut) for I2CMasterDataPut
    main.o(i.I2C0_sendSingleByte) refers to i2c.o(i.I2CMasterControl) for I2CMasterControl
    main.o(i.I2C0_sendSingleByte) refers to i2c.o(i.I2CMasterBusy) for I2CMasterBusy
    main.o(i.I2C7_config) refers to sysctl.o(i.SysCtlPeripheralEnable) for SysCtlPeripheralEnable
    main.o(i.I2C7_config) refers to sysctl.o(i.SysCtlPeripheralReady) for SysCtlPeripheralReady
    main.o(i.I2C7_config) refers to gpio.o(i.GPIOPinConfigure) for GPIOPinConfigure
    main.o(i.I2C7_config) refers to gpio.o(i.GPIOPinTypeI2CSCL) for GPIOPinTypeI2CSCL
    main.o(i.I2C7_config) refers to gpio.o(i.GPIOPinTypeI2C) for GPIOPinTypeI2C
    main.o(i.I2C7_config) refers to sysctl.o(i.SysCtlClockGet) for SysCtlClockGet
    main.o(i.I2C7_config) refers to i2c.o(i.I2CMasterInitExpClk) for I2CMasterInitExpClk
    main.o(i.I2C7_sendMultipleBytes) refers to i2c.o(i.I2CMasterSlaveAddrSet) for I2CMasterSlaveAddrSet
    main.o(i.I2C7_sendMultipleBytes) refers to i2c.o(i.I2CMasterDataPut) for I2CMasterDataPut
    main.o(i.I2C7_sendMultipleBytes) refers to i2c.o(i.I2CMasterControl) for I2CMasterControl
    main.o(i.I2C7_sendMultipleBytes) refers to i2c.o(i.I2CMasterBusy) for I2CMasterBusy
    main.o(i.I2C7_sendSingleByte) refers to i2c.o(i.I2CMasterSlaveAddrSet) for I2CMasterSlaveAddrSet
    main.o(i.I2C7_sendSingleByte) refers to i2c.o(i.I2CMasterDataPut) for I2CMasterDataPut
    main.o(i.I2C7_sendSingleByte) refers to i2c.o(i.I2CMasterControl) for I2CMasterControl
    main.o(i.I2C7_sendSingleByte) refers to i2c.o(i.I2CMasterBusy) for I2CMasterBusy
    main.o(i.PWM0_setup) refers to sysctl.o(i.SysCtlPeripheralEnable) for SysCtlPeripheralEnable
    main.o(i.PWM0_setup) refers to sysctl.o(i.SysCtlPeripheralReady) for SysCtlPeripheralReady
    main.o(i.PWM0_setup) refers to gpio.o(i.GPIOPinConfigure) for GPIOPinConfigure
    main.o(i.PWM0_setup) refers to gpio.o(i.GPIOPinTypePWM) for GPIOPinTypePWM
    main.o(i.PWM0_setup) refers to pwm.o(i.PWMGenConfigure) for PWMGenConfigure
    main.o(i.PWM0_setup) refers to pwm.o(i.PWMGenPeriodSet) for PWMGenPeriodSet
    main.o(i.PWM0_setup) refers to pwm.o(i.PWMPulseWidthSet) for PWMPulseWidthSet
    main.o(i.PWM0_setup) refers to pwm.o(i.PWMGenEnable) for PWMGenEnable
    main.o(i.PWM0_setup) refers to pwm.o(i.PWMOutputState) for PWMOutputState
    main.o(i.PortF_setup) refers to sysctl.o(i.SysCtlPeripheralEnable) for SysCtlPeripheralEnable
    main.o(i.PortF_setup) refers to sysctl.o(i.SysCtlPeripheralReady) for SysCtlPeripheralReady
    main.o(i.PortF_setup) refers to gpio.o(i.GPIOPinTypeGPIOOutput) for GPIOPinTypeGPIOOutput
    main.o(i.PortF_setup) refers to main.o(i.PWM0_setup) for PWM0_setup
    main.o(i.PortL_setup) refers to sysctl.o(i.SysCtlPeripheralEnable) for SysCtlPeripheralEnable
    main.o(i.PortL_setup) refers to sysctl.o(i.SysCtlPeripheralReady) for SysCtlPeripheralReady
    main.o(i.PortL_setup) refers to gpio.o(i.GPIOPinTypeGPIOInput) for GPIOPinTypeGPIOInput
    main.o(i.PortL_setup) refers to gpio.o(i.GPIOPadConfigSet) for GPIOPadConfigSet
    main.o(i.PortM_setup) refers to sysctl.o(i.SysCtlPeripheralEnable) for SysCtlPeripheralEnable
    main.o(i.PortM_setup) refers to sysctl.o(i.SysCtlPeripheralReady) for SysCtlPeripheralReady
    main.o(i.PortM_setup) refers to gpio.o(i.GPIOPinTypeGPIOOutput) for GPIOPinTypeGPIOOutput
    main.o(i.PortN_setup) refers to sysctl.o(i.SysCtlPeripheralEnable) for SysCtlPeripheralEnable
    main.o(i.PortN_setup) refers to sysctl.o(i.SysCtlPeripheralReady) for SysCtlPeripheralReady
    main.o(i.PortN_setup) refers to gpio.o(i.GPIOPinTypeGPIOOutput) for GPIOPinTypeGPIOOutput
    main.o(i.SetupSystick) refers to systick.o(i.SysTickDisable) for SysTickDisable
    main.o(i.SetupSystick) refers to systick.o(i.SysTickPeriodSet) for SysTickPeriodSet
    main.o(i.SetupSystick) refers to systick.o(i.SysTickIntRegister) for SysTickIntRegister
    main.o(i.SetupSystick) refers to systick.o(i.SysTickIntEnable) for SysTickIntEnable
    main.o(i.SetupSystick) refers to systick.o(i.SysTickEnable) for SysTickEnable
    main.o(i.SetupSystick) refers to main.o(.data) for SysTicks1ms
    main.o(i.SetupSystick) refers to main.o(i.SysTickIntHandler) for SysTickIntHandler
    main.o(i.SetupUart) refers to sysctl.o(i.SysCtlPeripheralEnable) for SysCtlPeripheralEnable
    main.o(i.SetupUart) refers to sysctl.o(i.SysCtlPeripheralReady) for SysCtlPeripheralReady
    main.o(i.SetupUart) refers to uart.o(i.UARTConfigSetExpClk) for UARTConfigSetExpClk
    main.o(i.SetupUart) refers to uart.o(i.UARTIntEnable) for UARTIntEnable
    main.o(i.SetupUart) refers to uart.o(i.UARTIntRegister) for UARTIntRegister
    main.o(i.SetupUart) refers to gpio.o(i.GPIOPinConfigure) for GPIOPinConfigure
    main.o(i.SetupUart) refers to gpio.o(i.GPIOPinTypeUART) for GPIOPinTypeUART
    main.o(i.SetupUart) refers to main.o(.data) for SysClock
    main.o(i.SetupUart) refers to main.o(i.UART_Interruption_Handler) for UART_Interruption_Handler
    main.o(i.SysTickIntHandler) refers to main.o(.data) for SysTicks1ms
    main.o(i.UART_Interruption_Handler) refers to uart.o(i.UARTIntStatus) for UARTIntStatus
    main.o(i.UART_Interruption_Handler) refers to uart.o(i.UARTIntClear) for UARTIntClear
    main.o(i.UART_Interruption_Handler) refers to uart.o(i.UARTCharGetNonBlocking) for UARTCharGetNonBlocking
    main.o(i.UART_Interruption_Handler) refers to main.o(.data) for rxbuffer
    main.o(i.main) refers to sysctl.o(i.SysCtlClockFreqSet) for SysCtlClockFreqSet
    main.o(i.main) refers to main.o(i.SetupSystick) for SetupSystick
    main.o(i.main) refers to main.o(i.PortF_setup) for PortF_setup
    main.o(i.main) refers to main.o(i.PortL_setup) for PortL_setup
    main.o(i.main) refers to main.o(i.PortM_setup) for PortM_setup
    main.o(i.main) refers to main.o(i.PortN_setup) for PortN_setup
    main.o(i.main) refers to main.o(i.I2C0_config) for I2C0_config
    main.o(i.main) refers to ssd1306.o(i.OLED0_Init) for OLED0_Init
    main.o(i.main) refers to ssd1306.o(i.SSD1306_I2C0_cls) for SSD1306_I2C0_cls
    main.o(i.main) refers to ssd1306.o(i.SSD1306_I2C0_DrawBitmap) for SSD1306_I2C0_DrawBitmap
    main.o(i.main) refers to ssd1306.o(i.SSD1306_I2C0_UpdateScreen) for SSD1306_I2C0_UpdateScreen
    main.o(i.main) refers to main.o(i.I2C7_config) for I2C7_config
    main.o(i.main) refers to ssd1306.o(i.OLED7_Init) for OLED7_Init
    main.o(i.main) refers to ssd1306.o(i.OLED7_clearDisplay) for OLED7_clearDisplay
    main.o(i.main) refers to ssd1306.o(i.OLED7_sendStrXYI) for OLED7_sendStrXYI
    main.o(i.main) refers to ssd1306.o(i.OLED7_sendCharXYI) for OLED7_sendCharXYI
    main.o(i.main) refers to main.o(i.SetupUart) for SetupUart
    main.o(i.main) refers to uart.o(i.UARTCharsAvail) for UARTCharsAvail
    main.o(i.main) refers to uart_functions.o(i.UARTStringReceive) for UARTStringReceive
    main.o(i.main) refers to relay_functions.o(i.executaComando) for executaComando
    main.o(i.main) refers to main.o(i.I2C0_UpdateRelayStatus) for I2C0_UpdateRelayStatus
    main.o(i.main) refers to teclado.o(i.VarreTeclado) for VarreTeclado
    main.o(i.main) refers to strcpy.o(.text) for strcpy
    main.o(i.main) refers to main.o(.data) for SysClock
    main.o(i.main) refers to main.o(.constdata) for bitmap8
    startup_rvmdk.o(RESET) refers to startup_rvmdk.o(STACK) for StackMem
    startup_rvmdk.o(RESET) refers to entry.o(.ARM.Collect$$$$00000000) for __main
    relay_functions.o(i.AnsOneRele) refers to uart_functions.o(i.UARTStringSend) for UARTStringSend
    relay_functions.o(i.AnsStatus) refers to uart_functions.o(i.UARTStringSend) for UARTStringSend
    relay_functions.o(i.executaComando) refers to gpio.o(i.GPIOPinWrite) for GPIOPinWrite
    relay_functions.o(i.executaComando) refers to relay_functions.o(i.AnsOneRele) for AnsOneRele
    relay_functions.o(i.executaComando) refers to uart_functions.o(i.UARTStringSend) for UARTStringSend
    relay_functions.o(i.executaComando) refers to relay_functions.o(i.AnsStatus) for AnsStatus
    uart_functions.o(i.UARTStringReceive) refers to uart.o(i.UARTCharGetNonBlocking) for UARTCharGetNonBlocking
    uart_functions.o(i.UARTStringReceive) refers to uart.o(i.UARTCharsAvail) for UARTCharsAvail
    uart_functions.o(i.UARTStringSend) refers to uart.o(i.UARTCharPut) for UARTCharPut
    ssd1306.o(i.OLED0_Init) refers to ssd1306.o(i.OLED0_command) for OLED0_command
    ssd1306.o(i.OLED0_clearDisplay) refers to ssd1306.o(i.OLED0_setXY) for OLED0_setXY
    ssd1306.o(i.OLED0_clearDisplay) refers to ssd1306.o(i.OLED0_sendChar) for OLED0_sendChar
    ssd1306.o(i.OLED0_command) refers to main.o(i.I2C0_sendMultipleBytes) for I2C0_sendMultipleBytes
    ssd1306.o(i.OLED0_data) refers to main.o(i.I2C0_sendMultipleBytes) for I2C0_sendMultipleBytes
    ssd1306.o(i.OLED0_displayOff) refers to ssd1306.o(i.OLED0_command) for OLED0_command
    ssd1306.o(i.OLED0_displayOn) refers to ssd1306.o(i.OLED0_command) for OLED0_command
    ssd1306.o(i.OLED0_resetDisplay) refers to ssd1306.o(i.OLED0_displayOff) for OLED0_displayOff
    ssd1306.o(i.OLED0_resetDisplay) refers to ssd1306.o(i.OLED0_clearDisplay) for OLED0_clearDisplay
    ssd1306.o(i.OLED0_resetDisplay) refers to ssd1306.o(i.OLED0_displayOn) for OLED0_displayOn
    ssd1306.o(i.OLED0_sendChar) refers to main.o(i.I2C0_sendMultipleBytes) for I2C0_sendMultipleBytes
    ssd1306.o(i.OLED0_sendCharXY) refers to ssd1306.o(i.OLED0_setXY) for OLED0_setXY
    ssd1306.o(i.OLED0_sendCharXY) refers to main.o(i.I2C0_sendMultipleBytes) for I2C0_sendMultipleBytes
    ssd1306.o(i.OLED0_sendCharXY) refers to ssd1306.o(.constdata) for ASCII_font5x8
    ssd1306.o(i.OLED0_sendCharXYI) refers to ssd1306.o(i.OLED0_setXY) for OLED0_setXY
    ssd1306.o(i.OLED0_sendCharXYI) refers to main.o(i.I2C0_sendMultipleBytes) for I2C0_sendMultipleBytes
    ssd1306.o(i.OLED0_sendCharXYI) refers to ssd1306.o(.constdata) for ASCII_font5x8
    ssd1306.o(i.OLED0_sendStrXY) refers to ssd1306.o(i.OLED0_sendCharXY) for OLED0_sendCharXY
    ssd1306.o(i.OLED0_sendStrXYI) refers to ssd1306.o(i.OLED0_sendCharXYI) for OLED0_sendCharXYI
    ssd1306.o(i.OLED0_setColAddress) refers to ssd1306.o(i.OLED0_command) for OLED0_command
    ssd1306.o(i.OLED0_setPageAddress) refers to ssd1306.o(i.OLED0_command) for OLED0_command
    ssd1306.o(i.OLED0_setXY) refers to ssd1306.o(i.OLED0_command) for OLED0_command
    ssd1306.o(i.OLED7_Init) refers to ssd1306.o(i.OLED7_command) for OLED7_command
    ssd1306.o(i.OLED7_clearDisplay) refers to ssd1306.o(i.OLED7_setXY) for OLED7_setXY
    ssd1306.o(i.OLED7_clearDisplay) refers to ssd1306.o(i.OLED7_sendChar) for OLED7_sendChar
    ssd1306.o(i.OLED7_command) refers to main.o(i.I2C7_sendMultipleBytes) for I2C7_sendMultipleBytes
    ssd1306.o(i.OLED7_data) refers to main.o(i.I2C7_sendMultipleBytes) for I2C7_sendMultipleBytes
    ssd1306.o(i.OLED7_displayOff) refers to ssd1306.o(i.OLED7_command) for OLED7_command
    ssd1306.o(i.OLED7_displayOn) refers to ssd1306.o(i.OLED7_command) for OLED7_command
    ssd1306.o(i.OLED7_resetDisplay) refers to ssd1306.o(i.OLED7_displayOff) for OLED7_displayOff
    ssd1306.o(i.OLED7_resetDisplay) refers to ssd1306.o(i.OLED7_clearDisplay) for OLED7_clearDisplay
    ssd1306.o(i.OLED7_resetDisplay) refers to ssd1306.o(i.OLED7_displayOn) for OLED7_displayOn
    ssd1306.o(i.OLED7_sendChar) refers to main.o(i.I2C7_sendMultipleBytes) for I2C7_sendMultipleBytes
    ssd1306.o(i.OLED7_sendCharXY) refers to ssd1306.o(i.OLED7_setXY) for OLED7_setXY
    ssd1306.o(i.OLED7_sendCharXY) refers to main.o(i.I2C7_sendMultipleBytes) for I2C7_sendMultipleBytes
    ssd1306.o(i.OLED7_sendCharXY) refers to ssd1306.o(.constdata) for ASCII_font5x8
    ssd1306.o(i.OLED7_sendCharXYI) refers to ssd1306.o(i.OLED7_setXY) for OLED7_setXY
    ssd1306.o(i.OLED7_sendCharXYI) refers to main.o(i.I2C7_sendMultipleBytes) for I2C7_sendMultipleBytes
    ssd1306.o(i.OLED7_sendCharXYI) refers to ssd1306.o(.constdata) for ASCII_font5x8
    ssd1306.o(i.OLED7_sendStrXY) refers to ssd1306.o(i.OLED7_sendCharXY) for OLED7_sendCharXY
    ssd1306.o(i.OLED7_sendStrXYI) refers to ssd1306.o(i.OLED7_sendCharXYI) for OLED7_sendCharXYI
    ssd1306.o(i.OLED7_setColAddress) refers to ssd1306.o(i.OLED7_command) for OLED7_command
    ssd1306.o(i.OLED7_setPageAddress) refers to ssd1306.o(i.OLED7_command) for OLED7_command
    ssd1306.o(i.OLED7_setXY) refers to ssd1306.o(i.OLED7_command) for OLED7_command
    ssd1306.o(i.SSD1306_I2C0_DrawBitmap) refers to ssd1306.o(i.SSD1306_I2C0_DrawPixel) for SSD1306_I2C0_DrawPixel
    ssd1306.o(i.SSD1306_I2C0_DrawPixel) refers to ssd1306.o(.bss) for SSD1306_Buffer
    ssd1306.o(i.SSD1306_I2C0_UpdateScreen) refers to ssd1306.o(i.OLED0_command) for OLED0_command
    ssd1306.o(i.SSD1306_I2C0_UpdateScreen) refers to ssd1306.o(i.OLED0_data) for OLED0_data
    ssd1306.o(i.SSD1306_I2C0_UpdateScreen) refers to ssd1306.o(.bss) for SSD1306_Buffer
    ssd1306.o(i.SSD1306_I2C0_cls) refers to ssd1306.o(.bss) for SSD1306_Buffer
    teclado.o(i.AtivaColuna) refers to gpio.o(i.GPIOPinWrite) for GPIOPinWrite
    teclado.o(i.LeLinha) refers to gpio.o(i.GPIOPinRead) for GPIOPinRead
    teclado.o(i.VarreTeclado) refers to teclado.o(i.AtivaColuna) for AtivaColuna
    teclado.o(i.VarreTeclado) refers to teclado.o(i.LeLinha) for LeLinha
    gpio.o(i.GPIOIntRegister) refers to gpio.o(i._GPIOIntNumberGet) for _GPIOIntNumberGet
    gpio.o(i.GPIOIntRegister) refers to interrupt.o(i.IntRegister) for IntRegister
    gpio.o(i.GPIOIntRegister) refers to interrupt.o(i.IntEnable) for IntEnable
    gpio.o(i.GPIOIntRegisterPin) refers to gpio.o(i._GPIOIntNumberGet) for _GPIOIntNumberGet
    gpio.o(i.GPIOIntRegisterPin) refers to interrupt.o(i.IntRegister) for IntRegister
    gpio.o(i.GPIOIntRegisterPin) refers to interrupt.o(i.IntEnable) for IntEnable
    gpio.o(i.GPIOIntUnregister) refers to gpio.o(i._GPIOIntNumberGet) for _GPIOIntNumberGet
    gpio.o(i.GPIOIntUnregister) refers to interrupt.o(i.IntDisable) for IntDisable
    gpio.o(i.GPIOIntUnregister) refers to interrupt.o(i.IntUnregister) for IntUnregister
    gpio.o(i.GPIOIntUnregisterPin) refers to gpio.o(i._GPIOIntNumberGet) for _GPIOIntNumberGet
    gpio.o(i.GPIOIntUnregisterPin) refers to interrupt.o(i.IntDisable) for IntDisable
    gpio.o(i.GPIOIntUnregisterPin) refers to interrupt.o(i.IntUnregister) for IntUnregister
    gpio.o(i.GPIOPinConfigure) refers to gpio.o(.constdata) for .constdata
    gpio.o(i.GPIOPinTypeADC) refers to gpio.o(i.GPIODirModeSet) for GPIODirModeSet
    gpio.o(i.GPIOPinTypeADC) refers to gpio.o(i.GPIOPadConfigSet) for GPIOPadConfigSet
    gpio.o(i.GPIOPinTypeCAN) refers to gpio.o(i.GPIODirModeSet) for GPIODirModeSet
    gpio.o(i.GPIOPinTypeCAN) refers to gpio.o(i.GPIOPadConfigSet) for GPIOPadConfigSet
    gpio.o(i.GPIOPinTypeComparator) refers to gpio.o(i.GPIODirModeSet) for GPIODirModeSet
    gpio.o(i.GPIOPinTypeComparator) refers to gpio.o(i.GPIOPadConfigSet) for GPIOPadConfigSet
    gpio.o(i.GPIOPinTypeComparatorOutput) refers to gpio.o(i.GPIODirModeSet) for GPIODirModeSet
    gpio.o(i.GPIOPinTypeComparatorOutput) refers to gpio.o(i.GPIOPadConfigSet) for GPIOPadConfigSet
    gpio.o(i.GPIOPinTypeDIVSCLK) refers to gpio.o(i.GPIODirModeSet) for GPIODirModeSet
    gpio.o(i.GPIOPinTypeDIVSCLK) refers to gpio.o(i.GPIOPadConfigSet) for GPIOPadConfigSet
    gpio.o(i.GPIOPinTypeEPI) refers to gpio.o(i.GPIODirModeSet) for GPIODirModeSet
    gpio.o(i.GPIOPinTypeEPI) refers to gpio.o(i.GPIOPadConfigSet) for GPIOPadConfigSet
    gpio.o(i.GPIOPinTypeEthernetLED) refers to gpio.o(i.GPIODirModeSet) for GPIODirModeSet
    gpio.o(i.GPIOPinTypeEthernetLED) refers to gpio.o(i.GPIOPadConfigSet) for GPIOPadConfigSet
    gpio.o(i.GPIOPinTypeEthernetMII) refers to gpio.o(i.GPIODirModeSet) for GPIODirModeSet
    gpio.o(i.GPIOPinTypeEthernetMII) refers to gpio.o(i.GPIOPadConfigSet) for GPIOPadConfigSet
    gpio.o(i.GPIOPinTypeGPIOInput) refers to gpio.o(i.GPIODirModeSet) for GPIODirModeSet
    gpio.o(i.GPIOPinTypeGPIOInput) refers to gpio.o(i.GPIOPadConfigSet) for GPIOPadConfigSet
    gpio.o(i.GPIOPinTypeGPIOOutput) refers to gpio.o(i.GPIOPadConfigSet) for GPIOPadConfigSet
    gpio.o(i.GPIOPinTypeGPIOOutput) refers to gpio.o(i.GPIODirModeSet) for GPIODirModeSet
    gpio.o(i.GPIOPinTypeGPIOOutputOD) refers to gpio.o(i.GPIOPadConfigSet) for GPIOPadConfigSet
    gpio.o(i.GPIOPinTypeGPIOOutputOD) refers to gpio.o(i.GPIODirModeSet) for GPIODirModeSet
    gpio.o(i.GPIOPinTypeHibernateRTCCLK) refers to gpio.o(i.GPIODirModeSet) for GPIODirModeSet
    gpio.o(i.GPIOPinTypeHibernateRTCCLK) refers to gpio.o(i.GPIOPadConfigSet) for GPIOPadConfigSet
    gpio.o(i.GPIOPinTypeI2C) refers to gpio.o(i.GPIODirModeSet) for GPIODirModeSet
    gpio.o(i.GPIOPinTypeI2C) refers to gpio.o(i.GPIOPadConfigSet) for GPIOPadConfigSet
    gpio.o(i.GPIOPinTypeI2CSCL) refers to gpio.o(i.GPIODirModeSet) for GPIODirModeSet
    gpio.o(i.GPIOPinTypeI2CSCL) refers to gpio.o(i.GPIOPadConfigSet) for GPIOPadConfigSet
    gpio.o(i.GPIOPinTypeLCD) refers to gpio.o(i.GPIODirModeSet) for GPIODirModeSet
    gpio.o(i.GPIOPinTypeLCD) refers to gpio.o(i.GPIOPadConfigSet) for GPIOPadConfigSet
    gpio.o(i.GPIOPinTypeOneWire) refers to gpio.o(i.GPIODirModeSet) for GPIODirModeSet
    gpio.o(i.GPIOPinTypeOneWire) refers to gpio.o(i.GPIOPadConfigSet) for GPIOPadConfigSet
    gpio.o(i.GPIOPinTypePWM) refers to gpio.o(i.GPIODirModeSet) for GPIODirModeSet
    gpio.o(i.GPIOPinTypePWM) refers to gpio.o(i.GPIOPadConfigSet) for GPIOPadConfigSet
    gpio.o(i.GPIOPinTypeQEI) refers to gpio.o(i.GPIODirModeSet) for GPIODirModeSet
    gpio.o(i.GPIOPinTypeQEI) refers to gpio.o(i.GPIOPadConfigSet) for GPIOPadConfigSet
    gpio.o(i.GPIOPinTypeSSI) refers to gpio.o(i.GPIODirModeSet) for GPIODirModeSet
    gpio.o(i.GPIOPinTypeSSI) refers to gpio.o(i.GPIOPadConfigSet) for GPIOPadConfigSet
    gpio.o(i.GPIOPinTypeTimer) refers to gpio.o(i.GPIODirModeSet) for GPIODirModeSet
    gpio.o(i.GPIOPinTypeTimer) refers to gpio.o(i.GPIOPadConfigSet) for GPIOPadConfigSet
    gpio.o(i.GPIOPinTypeTrace) refers to gpio.o(i.GPIODirModeSet) for GPIODirModeSet
    gpio.o(i.GPIOPinTypeTrace) refers to gpio.o(i.GPIOPadConfigSet) for GPIOPadConfigSet
    gpio.o(i.GPIOPinTypeUART) refers to gpio.o(i.GPIODirModeSet) for GPIODirModeSet
    gpio.o(i.GPIOPinTypeUART) refers to gpio.o(i.GPIOPadConfigSet) for GPIOPadConfigSet
    gpio.o(i.GPIOPinTypeUSBAnalog) refers to gpio.o(i.GPIODirModeSet) for GPIODirModeSet
    gpio.o(i.GPIOPinTypeUSBAnalog) refers to gpio.o(i.GPIOPadConfigSet) for GPIOPadConfigSet
    gpio.o(i.GPIOPinTypeUSBDigital) refers to gpio.o(i.GPIODirModeSet) for GPIODirModeSet
    gpio.o(i.GPIOPinTypeUSBDigital) refers to gpio.o(i.GPIOPadConfigSet) for GPIOPadConfigSet
    gpio.o(i.GPIOPinTypeWakeHigh) refers to gpio.o(i.GPIODirModeSet) for GPIODirModeSet
    gpio.o(i.GPIOPinTypeWakeHigh) refers to gpio.o(i.GPIOPadConfigSet) for GPIOPadConfigSet
    gpio.o(i.GPIOPinTypeWakeLow) refers to gpio.o(i.GPIODirModeSet) for GPIODirModeSet
    gpio.o(i.GPIOPinTypeWakeLow) refers to gpio.o(i.GPIOPadConfigSet) for GPIOPadConfigSet
    gpio.o(i._GPIOIntNumberGet) refers to gpio.o(.constdata) for .constdata
    i2c.o(i.I2CIntRegister) refers to interrupt.o(i.IntRegister) for IntRegister
    i2c.o(i.I2CIntRegister) refers to interrupt.o(i.IntEnable) for IntEnable
    i2c.o(i.I2CIntRegister) refers to i2c.o(.constdata) for .constdata
    i2c.o(i.I2CIntUnregister) refers to interrupt.o(i.IntDisable) for IntDisable
    i2c.o(i.I2CIntUnregister) refers to interrupt.o(i.IntUnregister) for IntUnregister
    i2c.o(i.I2CIntUnregister) refers to i2c.o(.constdata) for .constdata
    pwm.o(i.PWMFaultIntRegister) refers to interrupt.o(i.IntRegister) for IntRegister
    pwm.o(i.PWMFaultIntRegister) refers to interrupt.o(i.IntEnable) for IntEnable
    pwm.o(i.PWMFaultIntUnregister) refers to interrupt.o(i.IntDisable) for IntDisable
    pwm.o(i.PWMFaultIntUnregister) refers to interrupt.o(i.IntUnregister) for IntUnregister
    pwm.o(i.PWMGenIntRegister) refers to pwm.o(i._PWMGenIntNumberGet) for _PWMGenIntNumberGet
    pwm.o(i.PWMGenIntRegister) refers to interrupt.o(i.IntRegister) for IntRegister
    pwm.o(i.PWMGenIntRegister) refers to interrupt.o(i.IntEnable) for IntEnable
    pwm.o(i.PWMGenIntUnregister) refers to pwm.o(i._PWMGenIntNumberGet) for _PWMGenIntNumberGet
    pwm.o(i.PWMGenIntUnregister) refers to interrupt.o(i.IntDisable) for IntDisable
    pwm.o(i.PWMGenIntUnregister) refers to interrupt.o(i.IntUnregister) for IntUnregister
    sysctl.o(i.SysCtlClockFreqSet) refers to sysctl.o(.constdata) for .constdata
    sysctl.o(i.SysCtlClockGet) refers to sysctl.o(.constdata) for .constdata
    sysctl.o(i.SysCtlClockSet) refers to sysctl.o(.emb_text) for SysCtlDelay
    sysctl.o(i.SysCtlDeepSleep) refers to cpu.o(.emb_text) for CPUwfi
    sysctl.o(i.SysCtlIntRegister) refers to interrupt.o(i.IntRegister) for IntRegister
    sysctl.o(i.SysCtlIntRegister) refers to interrupt.o(i.IntEnable) for IntEnable
    sysctl.o(i.SysCtlIntUnregister) refers to interrupt.o(i.IntDisable) for IntDisable
    sysctl.o(i.SysCtlIntUnregister) refers to interrupt.o(i.IntUnregister) for IntUnregister
    sysctl.o(i.SysCtlSleep) refers to cpu.o(.emb_text) for CPUwfi
    sysctl.o(i.SysCtlVCOGet) refers to sysctl.o(.constdata) for .constdata
    systick.o(i.SysTickIntRegister) refers to interrupt.o(i.IntRegister) for IntRegister
    systick.o(i.SysTickIntUnregister) refers to interrupt.o(i.IntUnregister) for IntUnregister
    uart.o(i.UARTIntRegister) refers to interrupt.o(i.IntRegister) for IntRegister
    uart.o(i.UARTIntRegister) refers to interrupt.o(i.IntEnable) for IntEnable
    uart.o(i.UARTIntRegister) refers to uart.o(.constdata) for .constdata
    uart.o(i.UARTIntUnregister) refers to interrupt.o(i.IntDisable) for IntDisable
    uart.o(i.UARTIntUnregister) refers to interrupt.o(i.IntUnregister) for IntUnregister
    uart.o(i.UARTIntUnregister) refers to uart.o(.constdata) for .constdata
    interrupt.o(i.IntDisable) refers to interrupt.o(.constdata) for .constdata
    interrupt.o(i.IntEnable) refers to interrupt.o(.constdata) for .constdata
    interrupt.o(i.IntIsEnabled) refers to interrupt.o(.constdata) for .constdata
    interrupt.o(i.IntMasterDisable) refers to cpu.o(.emb_text) for CPUcpsid
    interrupt.o(i.IntMasterEnable) refers to cpu.o(.emb_text) for CPUcpsie
    interrupt.o(i.IntPendClear) refers to interrupt.o(.constdata) for .constdata
    interrupt.o(i.IntPendSet) refers to interrupt.o(.constdata) for .constdata
    interrupt.o(i.IntPriorityGet) refers to interrupt.o(.constdata) for .constdata
    interrupt.o(i.IntPriorityGroupingGet) refers to interrupt.o(.constdata) for .constdata
    interrupt.o(i.IntPriorityGroupingSet) refers to interrupt.o(.constdata) for .constdata
    interrupt.o(i.IntPriorityMaskGet) refers to cpu.o(.emb_text) for CPUbasepriGet
    interrupt.o(i.IntPriorityMaskSet) refers to cpu.o(.emb_text) for CPUbasepriSet
    interrupt.o(i.IntPrioritySet) refers to interrupt.o(.constdata) for .constdata
    interrupt.o(i.IntRegister) refers to interrupt.o(vtable) for vtable
    interrupt.o(i.IntUnregister) refers to interrupt.o(i._IntDefaultHandler) for _IntDefaultHandler
    interrupt.o(i.IntUnregister) refers to interrupt.o(vtable) for vtable
    entry.o(.ARM.Collect$$$$00000000) refers (Special) to entry10a.o(.ARM.Collect$$$$0000000F) for __rt_final_cpp
    entry.o(.ARM.Collect$$$$00000000) refers (Special) to entry11a.o(.ARM.Collect$$$$00000011) for __rt_final_exit
    entry.o(.ARM.Collect$$$$00000000) refers (Special) to entry12b.o(.ARM.Collect$$$$0000000E) for __rt_lib_shutdown_fini
    entry.o(.ARM.Collect$$$$00000000) refers (Special) to entry7b.o(.ARM.Collect$$$$00000008) for _main_clock
    entry.o(.ARM.Collect$$$$00000000) refers (Special) to entry8b.o(.ARM.Collect$$$$0000000A) for _main_cpp_init
    entry.o(.ARM.Collect$$$$00000000) refers (Special) to entry9a.o(.ARM.Collect$$$$0000000B) for _main_init
    entry.o(.ARM.Collect$$$$00000000) refers (Special) to entry5.o(.ARM.Collect$$$$00000004) for _main_scatterload
    entry.o(.ARM.Collect$$$$00000000) refers (Special) to entry2.o(.ARM.Collect$$$$00000001) for _main_stk
    entry2.o(.ARM.Collect$$$$00000001) refers to entry2.o(.ARM.Collect$$$$00002712) for __lit__00000000
    entry2.o(.ARM.Collect$$$$00002712) refers to startup_rvmdk.o(STACK) for __initial_sp
    entry2.o(__vectab_stack_and_reset_area) refers to startup_rvmdk.o(STACK) for __initial_sp
    entry2.o(__vectab_stack_and_reset_area) refers to entry.o(.ARM.Collect$$$$00000000) for __main
    entry5.o(.ARM.Collect$$$$00000004) refers to init.o(.text) for __scatterload
    entry9a.o(.ARM.Collect$$$$0000000B) refers to main.o(i.main) for main
    entry9b.o(.ARM.Collect$$$$0000000C) refers to main.o(i.main) for main
    init.o(.text) refers to entry5.o(.ARM.Collect$$$$00000004) for __main_after_scatterload


==============================================================================

Removing Unused input sections from the image.

    Removing main.o(i.I2C0_sendSingleByte), (52 bytes).
    Removing main.o(i.I2C7_sendSingleByte), (52 bytes).
    Removing startup_rvmdk.o(HEAP), (0 bytes).
    Removing startup_rvmdk.o(.text), (0 bytes).
    Removing ssd1306.o(i.OLED0_clearDisplay), (42 bytes).
    Removing ssd1306.o(i.OLED0_displayOff), (10 bytes).
    Removing ssd1306.o(i.OLED0_displayOn), (10 bytes).
    Removing ssd1306.o(i.OLED0_resetDisplay), (16 bytes).
    Removing ssd1306.o(i.OLED0_sendChar), (32 bytes).
    Removing ssd1306.o(i.OLED0_sendCharXY), (72 bytes).
    Removing ssd1306.o(i.OLED0_sendCharXYI), (228 bytes).
    Removing ssd1306.o(i.OLED0_sendStrXY), (38 bytes).
    Removing ssd1306.o(i.OLED0_sendStrXYI), (38 bytes).
    Removing ssd1306.o(i.OLED0_setColAddress), (22 bytes).
    Removing ssd1306.o(i.OLED0_setPageAddress), (22 bytes).
    Removing ssd1306.o(i.OLED0_setXY), (40 bytes).
    Removing ssd1306.o(i.OLED7_data), (32 bytes).
    Removing ssd1306.o(i.OLED7_displayOff), (10 bytes).
    Removing ssd1306.o(i.OLED7_displayOn), (10 bytes).
    Removing ssd1306.o(i.OLED7_resetDisplay), (16 bytes).
    Removing ssd1306.o(i.OLED7_sendCharXY), (72 bytes).
    Removing ssd1306.o(i.OLED7_sendStrXY), (38 bytes).
    Removing ssd1306.o(i.OLED7_setColAddress), (22 bytes).
    Removing ssd1306.o(i.OLED7_setPageAddress), (22 bytes).
    Removing gpio.o(i.GPIOADCTriggerDisable), (14 bytes).
    Removing gpio.o(i.GPIOADCTriggerEnable), (12 bytes).
    Removing gpio.o(i.GPIODMATriggerDisable), (14 bytes).
    Removing gpio.o(i.GPIODMATriggerEnable), (12 bytes).
    Removing gpio.o(i.GPIODirModeGet), (34 bytes).
    Removing gpio.o(i.GPIOIntClear), (6 bytes).
    Removing gpio.o(i.GPIOIntDisable), (14 bytes).
    Removing gpio.o(i.GPIOIntEnable), (12 bytes).
    Removing gpio.o(i.GPIOIntRegister), (26 bytes).
    Removing gpio.o(i.GPIOIntRegisterPin), (30 bytes).
    Removing gpio.o(i.GPIOIntStatus), (14 bytes).
    Removing gpio.o(i.GPIOIntTypeGet), (70 bytes).
    Removing gpio.o(i.GPIOIntTypeSet), (80 bytes).
    Removing gpio.o(i.GPIOIntUnregister), (22 bytes).
    Removing gpio.o(i.GPIOIntUnregisterPin), (26 bytes).
    Removing gpio.o(i.GPIOPadConfigGet), (248 bytes).
    Removing gpio.o(i.GPIOPinTypeADC), (28 bytes).
    Removing gpio.o(i.GPIOPinTypeCAN), (28 bytes).
    Removing gpio.o(i.GPIOPinTypeComparator), (28 bytes).
    Removing gpio.o(i.GPIOPinTypeComparatorOutput), (28 bytes).
    Removing gpio.o(i.GPIOPinTypeDIVSCLK), (28 bytes).
    Removing gpio.o(i.GPIOPinTypeEPI), (28 bytes).
    Removing gpio.o(i.GPIOPinTypeEthernetLED), (28 bytes).
    Removing gpio.o(i.GPIOPinTypeEthernetMII), (28 bytes).
    Removing gpio.o(i.GPIOPinTypeGPIOOutputOD), (28 bytes).
    Removing gpio.o(i.GPIOPinTypeHibernateRTCCLK), (28 bytes).
    Removing gpio.o(i.GPIOPinTypeLCD), (28 bytes).
    Removing gpio.o(i.GPIOPinTypeOneWire), (28 bytes).
    Removing gpio.o(i.GPIOPinTypeQEI), (28 bytes).
    Removing gpio.o(i.GPIOPinTypeSSI), (28 bytes).
    Removing gpio.o(i.GPIOPinTypeTimer), (28 bytes).
    Removing gpio.o(i.GPIOPinTypeTrace), (28 bytes).
    Removing gpio.o(i.GPIOPinTypeUSBAnalog), (28 bytes).
    Removing gpio.o(i.GPIOPinTypeUSBDigital), (28 bytes).
    Removing gpio.o(i.GPIOPinTypeWakeHigh), (30 bytes).
    Removing gpio.o(i.GPIOPinTypeWakeLow), (30 bytes).
    Removing gpio.o(i.GPIOPinWakeStatus), (6 bytes).
    Removing gpio.o(i.GPIOUnlockPin), (24 bytes).
    Removing gpio.o(i._GPIOIntNumberGet), (80 bytes).
    Removing i2c.o(i.I2CFIFODataGet), (16 bytes).
    Removing i2c.o(i.I2CFIFODataGetNonBlocking), (24 bytes).
    Removing i2c.o(i.I2CFIFODataPut), (16 bytes).
    Removing i2c.o(i.I2CFIFODataPutNonBlocking), (20 bytes).
    Removing i2c.o(i.I2CFIFOStatus), (6 bytes).
    Removing i2c.o(i.I2CIntRegister), (96 bytes).
    Removing i2c.o(i.I2CIntUnregister), (96 bytes).
    Removing i2c.o(i.I2CLoopbackEnable), (10 bytes).
    Removing i2c.o(i.I2CMasterBurstCountGet), (4 bytes).
    Removing i2c.o(i.I2CMasterBurstLengthSet), (4 bytes).
    Removing i2c.o(i.I2CMasterBusBusy), (12 bytes).
    Removing i2c.o(i.I2CMasterDataGet), (4 bytes).
    Removing i2c.o(i.I2CMasterDisable), (10 bytes).
    Removing i2c.o(i.I2CMasterEnable), (10 bytes).
    Removing i2c.o(i.I2CMasterErr), (24 bytes).
    Removing i2c.o(i.I2CMasterGlitchFilterConfigSet), (84 bytes).
    Removing i2c.o(i.I2CMasterIntClear), (8 bytes).
    Removing i2c.o(i.I2CMasterIntClearEx), (4 bytes).
    Removing i2c.o(i.I2CMasterIntDisable), (6 bytes).
    Removing i2c.o(i.I2CMasterIntDisableEx), (10 bytes).
    Removing i2c.o(i.I2CMasterIntEnable), (6 bytes).
    Removing i2c.o(i.I2CMasterIntEnableEx), (8 bytes).
    Removing i2c.o(i.I2CMasterIntStatus), (24 bytes).
    Removing i2c.o(i.I2CMasterIntStatusEx), (10 bytes).
    Removing i2c.o(i.I2CMasterLineStateGet), (4 bytes).
    Removing i2c.o(i.I2CMasterTimeoutSet), (4 bytes).
    Removing i2c.o(i.I2CRxFIFOConfigSet), (22 bytes).
    Removing i2c.o(i.I2CRxFIFOFlush), (14 bytes).
    Removing i2c.o(i.I2CSlaveACKOverride), (22 bytes).
    Removing i2c.o(i.I2CSlaveACKValueSet), (22 bytes).
    Removing i2c.o(i.I2CSlaveAddressSet), (24 bytes).
    Removing i2c.o(i.I2CSlaveDataGet), (6 bytes).
    Removing i2c.o(i.I2CSlaveDataPut), (6 bytes).
    Removing i2c.o(i.I2CSlaveDisable), (16 bytes).
    Removing i2c.o(i.I2CSlaveEnable), (16 bytes).
    Removing i2c.o(i.I2CSlaveFIFODisable), (8 bytes).
    Removing i2c.o(i.I2CSlaveFIFOEnable), (10 bytes).
    Removing i2c.o(i.I2CSlaveInit), (20 bytes).
    Removing i2c.o(i.I2CSlaveIntClear), (8 bytes).
    Removing i2c.o(i.I2CSlaveIntClearEx), (6 bytes).
    Removing i2c.o(i.I2CSlaveIntDisable), (14 bytes).
    Removing i2c.o(i.I2CSlaveIntDisableEx), (14 bytes).
    Removing i2c.o(i.I2CSlaveIntEnable), (14 bytes).
    Removing i2c.o(i.I2CSlaveIntEnableEx), (12 bytes).
    Removing i2c.o(i.I2CSlaveIntStatus), (28 bytes).
    Removing i2c.o(i.I2CSlaveIntStatusEx), (14 bytes).
    Removing i2c.o(i.I2CSlaveStatus), (6 bytes).
    Removing i2c.o(i.I2CTxFIFOConfigSet), (24 bytes).
    Removing i2c.o(i.I2CTxFIFOFlush), (14 bytes).
    Removing i2c.o(.constdata), (128 bytes).
    Removing pwm.o(i.PWMClockGet), (26 bytes).
    Removing pwm.o(i.PWMClockSet), (20 bytes).
    Removing pwm.o(i.PWMDeadBandDisable), (12 bytes).
    Removing pwm.o(i.PWMDeadBandEnable), (16 bytes).
    Removing pwm.o(i.PWMFaultIntClear), (8 bytes).
    Removing pwm.o(i.PWMFaultIntClearExt), (4 bytes).
    Removing pwm.o(i.PWMFaultIntRegister), (92 bytes).
    Removing pwm.o(i.PWMFaultIntUnregister), (84 bytes).
    Removing pwm.o(i.PWMGenDisable), (10 bytes).
    Removing pwm.o(i.PWMGenFaultClear), (18 bytes).
    Removing pwm.o(i.PWMGenFaultConfigure), (18 bytes).
    Removing pwm.o(i.PWMGenFaultStatus), (18 bytes).
    Removing pwm.o(i.PWMGenFaultTriggerGet), (12 bytes).
    Removing pwm.o(i.PWMGenFaultTriggerSet), (12 bytes).
    Removing pwm.o(i.PWMGenIntClear), (6 bytes).
    Removing pwm.o(i.PWMGenIntRegister), (26 bytes).
    Removing pwm.o(i.PWMGenIntStatus), (12 bytes).
    Removing pwm.o(i.PWMGenIntTrigDisable), (10 bytes).
    Removing pwm.o(i.PWMGenIntTrigEnable), (10 bytes).
    Removing pwm.o(i.PWMGenIntUnregister), (22 bytes).
    Removing pwm.o(i.PWMGenPeriodGet), (18 bytes).
    Removing pwm.o(i.PWMIntDisable), (10 bytes).
    Removing pwm.o(i.PWMIntEnable), (8 bytes).
    Removing pwm.o(i.PWMIntStatus), (10 bytes).
    Removing pwm.o(i.PWMOutputFault), (16 bytes).
    Removing pwm.o(i.PWMOutputFaultLevel), (16 bytes).
    Removing pwm.o(i.PWMOutputInvert), (16 bytes).
    Removing pwm.o(i.PWMOutputUpdateMode), (62 bytes).
    Removing pwm.o(i.PWMPulseWidthGet), (32 bytes).
    Removing pwm.o(i.PWMSyncTimeBase), (4 bytes).
    Removing pwm.o(i.PWMSyncUpdate), (4 bytes).
    Removing pwm.o(i._PWMGenIntNumberGet), (224 bytes).
    Removing sysctl.o(.emb_text), (6 bytes).
    Removing sysctl.o(i.SysCtlAltClkConfig), (12 bytes).
    Removing sysctl.o(i.SysCtlClockOutConfig), (20 bytes).
    Removing sysctl.o(i.SysCtlClockSet), (288 bytes).
    Removing sysctl.o(i.SysCtlDeepSleep), (32 bytes).
    Removing sysctl.o(i.SysCtlDeepSleepClockConfigSet), (112 bytes).
    Removing sysctl.o(i.SysCtlDeepSleepClockSet), (12 bytes).
    Removing sysctl.o(i.SysCtlDeepSleepPowerSet), (12 bytes).
    Removing sysctl.o(i.SysCtlFlashSectorSizeGet), (56 bytes).
    Removing sysctl.o(i.SysCtlFlashSizeGet), (56 bytes).
    Removing sysctl.o(i.SysCtlGPIOAHBDisable), (28 bytes).
    Removing sysctl.o(i.SysCtlGPIOAHBEnable), (24 bytes).
    Removing sysctl.o(i.SysCtlIntClear), (12 bytes).
    Removing sysctl.o(i.SysCtlIntDisable), (16 bytes).
    Removing sysctl.o(i.SysCtlIntEnable), (16 bytes).
    Removing sysctl.o(i.SysCtlIntRegister), (20 bytes).
    Removing sysctl.o(i.SysCtlIntStatus), (16 bytes).
    Removing sysctl.o(i.SysCtlIntUnregister), (18 bytes).
    Removing sysctl.o(i.SysCtlLDODeepSleepGet), (12 bytes).
    Removing sysctl.o(i.SysCtlLDODeepSleepSet), (12 bytes).
    Removing sysctl.o(i.SysCtlLDOSleepGet), (12 bytes).
    Removing sysctl.o(i.SysCtlLDOSleepSet), (12 bytes).
    Removing sysctl.o(i.SysCtlMOSCConfigSet), (12 bytes).
    Removing sysctl.o(i.SysCtlNMIClear), (16 bytes).
    Removing sysctl.o(i.SysCtlNMIStatus), (12 bytes).
    Removing sysctl.o(i.SysCtlPIOSCCalibrate), (76 bytes).
    Removing sysctl.o(i.SysCtlPWMClockGet), (24 bytes).
    Removing sysctl.o(i.SysCtlPWMClockSet), (20 bytes).
    Removing sysctl.o(i.SysCtlPeripheralClockGating), (68 bytes).
    Removing sysctl.o(i.SysCtlPeripheralDeepSleepDisable), (40 bytes).
    Removing sysctl.o(i.SysCtlPeripheralDeepSleepEnable), (40 bytes).
    Removing sysctl.o(i.SysCtlPeripheralDisable), (40 bytes).
    Removing sysctl.o(i.SysCtlPeripheralPowerOff), (40 bytes).
    Removing sysctl.o(i.SysCtlPeripheralPowerOn), (40 bytes).
    Removing sysctl.o(i.SysCtlPeripheralPresent), (44 bytes).
    Removing sysctl.o(i.SysCtlPeripheralReset), (60 bytes).
    Removing sysctl.o(i.SysCtlPeripheralSleepDisable), (40 bytes).
    Removing sysctl.o(i.SysCtlPeripheralSleepEnable), (40 bytes).
    Removing sysctl.o(i.SysCtlReset), (16 bytes).
    Removing sysctl.o(i.SysCtlResetBehaviorGet), (12 bytes).
    Removing sysctl.o(i.SysCtlResetBehaviorSet), (12 bytes).
    Removing sysctl.o(i.SysCtlResetCauseClear), (16 bytes).
    Removing sysctl.o(i.SysCtlResetCauseGet), (12 bytes).
    Removing sysctl.o(i.SysCtlSRAMSizeGet), (16 bytes).
    Removing sysctl.o(i.SysCtlSleep), (4 bytes).
    Removing sysctl.o(i.SysCtlSleepPowerSet), (12 bytes).
    Removing sysctl.o(i.SysCtlUSBPLLDisable), (16 bytes).
    Removing sysctl.o(i.SysCtlUSBPLLEnable), (16 bytes).
    Removing sysctl.o(i.SysCtlVCOGet), (120 bytes).
    Removing sysctl.o(i.SysCtlVoltageEventClear), (16 bytes).
    Removing sysctl.o(i.SysCtlVoltageEventConfig), (12 bytes).
    Removing sysctl.o(i.SysCtlVoltageEventStatus), (12 bytes).
    Removing systick.o(i.SysTickIntDisable), (14 bytes).
    Removing systick.o(i.SysTickIntUnregister), (18 bytes).
    Removing systick.o(i.SysTickPeriodGet), (10 bytes).
    Removing systick.o(i.SysTickValueGet), (8 bytes).
    Removing uart.o(i.UART9BitAddrSend), (38 bytes).
    Removing uart.o(i.UART9BitAddrSet), (10 bytes).
    Removing uart.o(i.UART9BitDisable), (14 bytes).
    Removing uart.o(i.UART9BitEnable), (14 bytes).
    Removing uart.o(i.UARTBreakCtl), (18 bytes).
    Removing uart.o(i.UARTBusy), (8 bytes).
    Removing uart.o(i.UARTCharGet), (12 bytes).
    Removing uart.o(i.UARTCharPutNonBlocking), (16 bytes).
    Removing uart.o(i.UARTClockSourceGet), (6 bytes).
    Removing uart.o(i.UARTClockSourceSet), (6 bytes).
    Removing uart.o(i.UARTConfigGetExpClk), (46 bytes).
    Removing uart.o(i.UARTDMADisable), (10 bytes).
    Removing uart.o(i.UARTDMAEnable), (8 bytes).
    Removing uart.o(i.UARTDisable), (30 bytes).
    Removing uart.o(i.UARTDisableSIR), (10 bytes).
    Removing uart.o(i.UARTEnable), (20 bytes).
    Removing uart.o(i.UARTEnableSIR), (18 bytes).
    Removing uart.o(i.UARTFIFODisable), (10 bytes).
    Removing uart.o(i.UARTFIFOEnable), (10 bytes).
    Removing uart.o(i.UARTFIFOLevelGet), (16 bytes).
    Removing uart.o(i.UARTFIFOLevelSet), (6 bytes).
    Removing uart.o(i.UARTFlowControlGet), (8 bytes).
    Removing uart.o(i.UARTFlowControlSet), (12 bytes).
    Removing uart.o(i.UARTIntDisable), (10 bytes).
    Removing uart.o(i.UARTIntUnregister), (88 bytes).
    Removing uart.o(i.UARTLoopbackEnable), (10 bytes).
    Removing uart.o(i.UARTModemControlClear), (14 bytes).
    Removing uart.o(i.UARTModemControlGet), (8 bytes).
    Removing uart.o(i.UARTModemControlSet), (12 bytes).
    Removing uart.o(i.UARTModemStatusGet), (10 bytes).
    Removing uart.o(i.UARTParityModeGet), (8 bytes).
    Removing uart.o(i.UARTParityModeSet), (12 bytes).
    Removing uart.o(i.UARTRxErrorClear), (6 bytes).
    Removing uart.o(i.UARTRxErrorGet), (8 bytes).
    Removing uart.o(i.UARTSmartCardDisable), (10 bytes).
    Removing uart.o(i.UARTSmartCardEnable), (22 bytes).
    Removing uart.o(i.UARTSpaceAvail), (10 bytes).
    Removing uart.o(i.UARTTxIntModeGet), (8 bytes).
    Removing uart.o(i.UARTTxIntModeSet), (12 bytes).
    Removing cpu.o(.emb_text), (38 bytes).
    Removing interrupt.o(i.IntDisable), (100 bytes).
    Removing interrupt.o(i.IntIsEnabled), (96 bytes).
    Removing interrupt.o(i.IntMasterDisable), (14 bytes).
    Removing interrupt.o(i.IntMasterEnable), (14 bytes).
    Removing interrupt.o(i.IntPendClear), (68 bytes).
    Removing interrupt.o(i.IntPendSet), (84 bytes).
    Removing interrupt.o(i.IntPriorityGet), (28 bytes).
    Removing interrupt.o(i.IntPriorityGroupingGet), (36 bytes).
    Removing interrupt.o(i.IntPriorityGroupingSet), (28 bytes).
    Removing interrupt.o(i.IntPriorityMaskGet), (4 bytes).
    Removing interrupt.o(i.IntPriorityMaskSet), (4 bytes).
    Removing interrupt.o(i.IntPrioritySet), (40 bytes).
    Removing interrupt.o(i.IntTrigger), (12 bytes).
    Removing interrupt.o(i.IntUnregister), (20 bytes).
    Removing interrupt.o(i._IntDefaultHandler), (2 bytes).

256 unused section(s) (total 6988 bytes) removed from the image.

==============================================================================

Image Symbol Table

    Local Symbols

    Symbol Name                              Value     Ov Type        Size  Object(Section)

    RESET                                    0x00000000   Section      540  startup_rvmdk.o(RESET)
    ../clib/../cmprslib/zerorunl.c           0x00000000   Number         0  __dczerorl.o ABSOLUTE
    ../clib/microlib/init/entry.s            0x00000000   Number         0  entry10b.o ABSOLUTE
    ../clib/microlib/init/entry.s            0x00000000   Number         0  entry.o ABSOLUTE
    ../clib/microlib/init/entry.s            0x00000000   Number         0  entry7a.o ABSOLUTE
    ../clib/microlib/init/entry.s            0x00000000   Number         0  entry12a.o ABSOLUTE
    ../clib/microlib/init/entry.s            0x00000000   Number         0  entry11b.o ABSOLUTE
    ../clib/microlib/init/entry.s            0x00000000   Number         0  entry11a.o ABSOLUTE
    ../clib/microlib/init/entry.s            0x00000000   Number         0  entry2.o ABSOLUTE
    ../clib/microlib/init/entry.s            0x00000000   Number         0  entry12b.o ABSOLUTE
    ../clib/microlib/init/entry.s            0x00000000   Number         0  entry10a.o ABSOLUTE
    ../clib/microlib/init/entry.s            0x00000000   Number         0  entry9b.o ABSOLUTE
    ../clib/microlib/init/entry.s            0x00000000   Number         0  entry5.o ABSOLUTE
    ../clib/microlib/init/entry.s            0x00000000   Number         0  entry9a.o ABSOLUTE
    ../clib/microlib/init/entry.s            0x00000000   Number         0  entry8b.o ABSOLUTE
    ../clib/microlib/init/entry.s            0x00000000   Number         0  entry8a.o ABSOLUTE
    ../clib/microlib/init/entry.s            0x00000000   Number         0  entry7b.o ABSOLUTE
    ../clib/microlib/string/strcpy.c         0x00000000   Number         0  strcpy.o ABSOLUTE
    cpu.c                                    0x00000000   Number         0  cpu.o ABSOLUTE
    cpu.c                                    0x00000000   Number         0  cpu.o ABSOLUTE
    dc.s                                     0x00000000   Number         0  dc.o ABSOLUTE
    gpio.c                                   0x00000000   Number         0  gpio.o ABSOLUTE
    handlers.s                               0x00000000   Number         0  handlers.o ABSOLUTE
    i2c.c                                    0x00000000   Number         0  i2c.o ABSOLUTE
    init.s                                   0x00000000   Number         0  init.o ABSOLUTE
    interrupt.c                              0x00000000   Number         0  interrupt.o ABSOLUTE
    main.c                                   0x00000000   Number         0  main.o ABSOLUTE
    pwm.c                                    0x00000000   Number         0  pwm.o ABSOLUTE
    relay_functions.c                        0x00000000   Number         0  relay_functions.o ABSOLUTE
    ssd1306.c                                0x00000000   Number         0  ssd1306.o ABSOLUTE
    startup_rvmdk.S                          0x00000000   Number         0  startup_rvmdk.o ABSOLUTE
    sysctl.c                                 0x00000000   Number         0  sysctl.o ABSOLUTE
    sysctl.c                                 0x00000000   Number         0  sysctl.o ABSOLUTE
    systick.c                                0x00000000   Number         0  systick.o ABSOLUTE
    teclado.c                                0x00000000   Number         0  teclado.o ABSOLUTE
    uart.c                                   0x00000000   Number         0  uart.o ABSOLUTE
    uart_functions.c                         0x00000000   Number         0  uart_functions.o ABSOLUTE
    $v0                                      0x00000200   Number         0  startup_rvmdk.o(RESET)
    NmiSR                                    0x00000215   Thumb Code     0  startup_rvmdk.o(RESET)
    FaultISR                                 0x00000217   Thumb Code     0  startup_rvmdk.o(RESET)
    IntDefaultHandler                        0x00000219   Thumb Code     0  startup_rvmdk.o(RESET)
    .ARM.Collect$$$$00000000                 0x0000021c   Section        0  entry.o(.ARM.Collect$$$$00000000)
    .ARM.Collect$$$$00000001                 0x0000021c   Section        4  entry2.o(.ARM.Collect$$$$00000001)
    .ARM.Collect$$$$00000004                 0x00000220   Section        4  entry5.o(.ARM.Collect$$$$00000004)
    .ARM.Collect$$$$00000008                 0x00000224   Section        0  entry7b.o(.ARM.Collect$$$$00000008)
    .ARM.Collect$$$$0000000A                 0x00000224   Section        0  entry8b.o(.ARM.Collect$$$$0000000A)
    .ARM.Collect$$$$0000000B                 0x00000224   Section        8  entry9a.o(.ARM.Collect$$$$0000000B)
    .ARM.Collect$$$$0000000E                 0x0000022c   Section        4  entry12b.o(.ARM.Collect$$$$0000000E)
    .ARM.Collect$$$$0000000F                 0x00000230   Section        0  entry10a.o(.ARM.Collect$$$$0000000F)
    .ARM.Collect$$$$00000011                 0x00000230   Section        0  entry11a.o(.ARM.Collect$$$$00000011)
    .ARM.Collect$$$$00002712                 0x00000230   Section        4  entry2.o(.ARM.Collect$$$$00002712)
    __lit__00000000                          0x00000230   Data           4  entry2.o(.ARM.Collect$$$$00002712)
    .text                                    0x00000234   Section        0  strcpy.o(.text)
    .text                                    0x00000248   Section       36  init.o(.text)
    .text                                    0x0000026c   Section        0  __dczerorl.o(.text)
    i.AnsOneRele                             0x000002a8   Section        0  relay_functions.o(i.AnsOneRele)
    i.AnsStatus                              0x00000334   Section        0  relay_functions.o(i.AnsStatus)
    i.AtivaColuna                            0x00000384   Section        0  teclado.o(i.AtivaColuna)
    i.GPIODirModeSet                         0x000003e0   Section        0  gpio.o(i.GPIODirModeSet)
    i.GPIOPadConfigSet                       0x00000408   Section        0  gpio.o(i.GPIOPadConfigSet)
    i.GPIOPinConfigure                       0x00000578   Section        0  gpio.o(i.GPIOPinConfigure)
    i.GPIOPinRead                            0x000005bc   Section        0  gpio.o(i.GPIOPinRead)
    i.GPIOPinTypeGPIOInput                   0x000005c2   Section        0  gpio.o(i.GPIOPinTypeGPIOInput)
    i.GPIOPinTypeGPIOOutput                  0x000005de   Section        0  gpio.o(i.GPIOPinTypeGPIOOutput)
    i.GPIOPinTypeI2C                         0x000005fa   Section        0  gpio.o(i.GPIOPinTypeI2C)
    i.GPIOPinTypeI2CSCL                      0x00000616   Section        0  gpio.o(i.GPIOPinTypeI2CSCL)
    i.GPIOPinTypePWM                         0x00000632   Section        0  gpio.o(i.GPIOPinTypePWM)
    i.GPIOPinTypeUART                        0x0000064e   Section        0  gpio.o(i.GPIOPinTypeUART)
    i.GPIOPinWrite                           0x0000066a   Section        0  gpio.o(i.GPIOPinWrite)
    i.I2C0_UpdateRelayStatus                 0x00000670   Section        0  main.o(i.I2C0_UpdateRelayStatus)
    i.I2C0_config                            0x00000700   Section        0  main.o(i.I2C0_config)
    i.I2C0_sendMultipleBytes                 0x0000076c   Section        0  main.o(i.I2C0_sendMultipleBytes)
    i.I2C7_config                            0x000007ec   Section        0  main.o(i.I2C7_config)
    i.I2C7_sendMultipleBytes                 0x00000858   Section        0  main.o(i.I2C7_sendMultipleBytes)
    i.I2CMasterBusy                          0x000008d8   Section        0  i2c.o(i.I2CMasterBusy)
    i.I2CMasterControl                       0x000008e4   Section        0  i2c.o(i.I2CMasterControl)
    i.I2CMasterDataPut                       0x000008e8   Section        0  i2c.o(i.I2CMasterDataPut)
    i.I2CMasterInitExpClk                    0x000008ec   Section        0  i2c.o(i.I2CMasterInitExpClk)
    i.I2CMasterSlaveAddrSet                  0x00000940   Section        0  i2c.o(i.I2CMasterSlaveAddrSet)
    i.IntEnable                              0x00000948   Section        0  interrupt.o(i.IntEnable)
    i.IntRegister                            0x000009ac   Section        0  interrupt.o(i.IntRegister)
    i.LeLinha                                0x000009e0   Section        0  teclado.o(i.LeLinha)
    i.OLED0_Init                             0x00000a14   Section        0  ssd1306.o(i.OLED0_Init)
    i.OLED0_command                          0x00000ac6   Section        0  ssd1306.o(i.OLED0_command)
    i.OLED0_data                             0x00000ae0   Section        0  ssd1306.o(i.OLED0_data)
    i.OLED7_Init                             0x00000b00   Section        0  ssd1306.o(i.OLED7_Init)
    i.OLED7_clearDisplay                     0x00000b8e   Section        0  ssd1306.o(i.OLED7_clearDisplay)
    i.OLED7_command                          0x00000bb8   Section        0  ssd1306.o(i.OLED7_command)
    i.OLED7_sendChar                         0x00000bd4   Section        0  ssd1306.o(i.OLED7_sendChar)
    i.OLED7_sendCharXYI                      0x00000bf4   Section        0  ssd1306.o(i.OLED7_sendCharXYI)
    i.OLED7_sendStrXYI                       0x00000cd8   Section        0  ssd1306.o(i.OLED7_sendStrXYI)
    i.OLED7_setXY                            0x00000cfe   Section        0  ssd1306.o(i.OLED7_setXY)
    i.PWM0_setup                             0x00000d28   Section        0  main.o(i.PWM0_setup)
    i.PWMGenConfigure                        0x00000d9c   Section        0  pwm.o(i.PWMGenConfigure)
    i.PWMGenEnable                           0x00000dc2   Section        0  pwm.o(i.PWMGenEnable)
    i.PWMGenPeriodSet                        0x00000dcc   Section        0  pwm.o(i.PWMGenPeriodSet)
    i.PWMOutputState                         0x00000dde   Section        0  pwm.o(i.PWMOutputState)
    i.PWMPulseWidthSet                       0x00000dee   Section        0  pwm.o(i.PWMPulseWidthSet)
    i.PortF_setup                            0x00000e10   Section        0  main.o(i.PortF_setup)
    i.PortL_setup                            0x00000e3c   Section        0  main.o(i.PortL_setup)
    i.PortM_setup                            0x00000e70   Section        0  main.o(i.PortM_setup)
    i.PortN_setup                            0x00000e98   Section        0  main.o(i.PortN_setup)
    i.SSD1306_I2C0_DrawBitmap                0x00000ec0   Section        0  ssd1306.o(i.SSD1306_I2C0_DrawBitmap)
    i.SSD1306_I2C0_DrawPixel                 0x00000f3c   Section        0  ssd1306.o(i.SSD1306_I2C0_DrawPixel)
    i.SSD1306_I2C0_UpdateScreen              0x00000fc8   Section        0  ssd1306.o(i.SSD1306_I2C0_UpdateScreen)
    i.SSD1306_I2C0_cls                       0x0000100c   Section        0  ssd1306.o(i.SSD1306_I2C0_cls)
    i.SetupSystick                           0x00001028   Section        0  main.o(i.SetupSystick)
    i.SetupUart                              0x00001058   Section        0  main.o(i.SetupUart)
    i.SysCtlClockFreqSet                     0x000010cc   Section        0  sysctl.o(i.SysCtlClockFreqSet)
    i.SysCtlClockGet                         0x000013b0   Section        0  sysctl.o(i.SysCtlClockGet)
    i.SysCtlPeripheralEnable                 0x00001504   Section        0  sysctl.o(i.SysCtlPeripheralEnable)
    i.SysCtlPeripheralReady                  0x0000152c   Section        0  sysctl.o(i.SysCtlPeripheralReady)
    i.SysTickDisable                         0x00001558   Section        0  systick.o(i.SysTickDisable)
    i.SysTickEnable                          0x00001566   Section        0  systick.o(i.SysTickEnable)
    i.SysTickIntEnable                       0x00001574   Section        0  systick.o(i.SysTickIntEnable)
    i.SysTickIntHandler                      0x00001584   Section        0  main.o(i.SysTickIntHandler)
    i.SysTickIntRegister                     0x00001594   Section        0  systick.o(i.SysTickIntRegister)
    i.SysTickPeriodSet                       0x000015ac   Section        0  systick.o(i.SysTickPeriodSet)
    i.UARTCharGetNonBlocking                 0x000015b6   Section        0  uart.o(i.UARTCharGetNonBlocking)
    i.UARTCharPut                            0x000015c6   Section        0  uart.o(i.UARTCharPut)
    i.UARTCharsAvail                         0x000015d2   Section        0  uart.o(i.UARTCharsAvail)
    i.UARTConfigSetExpClk                    0x000015dc   Section        0  uart.o(i.UARTConfigSetExpClk)
    i.UARTIntClear                           0x0000164a   Section        0  uart.o(i.UARTIntClear)
    i.UARTIntEnable                          0x0000164e   Section        0  uart.o(i.UARTIntEnable)
    i.UARTIntRegister                        0x00001658   Section        0  uart.o(i.UARTIntRegister)
    i.UARTIntStatus                          0x000016b0   Section        0  uart.o(i.UARTIntStatus)
    i.UARTStringReceive                      0x000016bc   Section        0  uart_functions.o(i.UARTStringReceive)
    i.UARTStringSend                         0x000016e8   Section        0  uart_functions.o(i.UARTStringSend)
    i.UART_Interruption_Handler              0x00001708   Section        0  main.o(i.UART_Interruption_Handler)
    i.VarreTeclado                           0x00001748   Section        0  teclado.o(i.VarreTeclado)
    i.__scatterload_copy                     0x0000181e   Section       14  handlers.o(i.__scatterload_copy)
    i.__scatterload_null                     0x0000182c   Section        2  handlers.o(i.__scatterload_null)
    i.__scatterload_zeroinit                 0x0000182e   Section       14  handlers.o(i.__scatterload_zeroinit)
    i.executaComando                         0x0000183c   Section        0  relay_functions.o(i.executaComando)
    i.main                                   0x000019bc   Section        0  main.o(i.main)
    .constdata                               0x00001b38   Section     1440  main.o(.constdata)
    .constdata                               0x000020d8   Section      480  ssd1306.o(.constdata)
    .constdata                               0x000022b8   Section      552  gpio.o(.constdata)
    g_ppui32GPIOIntMapBlizzard               0x000022b8   Data         192  gpio.o(.constdata)
    g_ppui32GPIOIntMapSnowflake              0x00002378   Data         216  gpio.o(.constdata)
    g_pui32GPIOBaseAddrs                     0x00002450   Data         144  gpio.o(.constdata)
    .constdata                               0x000024e0   Section      596  sysctl.o(.constdata)
    g_pui32VCOFrequencies                    0x000024e0   Data           8  sysctl.o(.constdata)
    g_pui32Xtals                             0x000024e8   Data         108  sysctl.o(.constdata)
    g_pppui32XTALtoVCO                       0x00002554   Data         432  sysctl.o(.constdata)
    g_sXTALtoMEMTIM                          0x00002704   Data          48  sysctl.o(.constdata)
    .constdata                               0x00002734   Section      128  uart.o(.constdata)
    g_ppui32UARTIntMap                       0x00002734   Data          64  uart.o(.constdata)
    g_ppui32UARTIntMapSnowflake              0x00002774   Data          64  uart.o(.constdata)
    .constdata                               0x000027b4   Section      268  interrupt.o(.constdata)
    g_pui32Priority                          0x000027b4   Data          32  interrupt.o(.constdata)
    g_pui32Regs                              0x000027d4   Data         156  interrupt.o(.constdata)
    g_pui32EnRegs                            0x00002870   Data          20  interrupt.o(.constdata)
    g_pui32Dii16Regs                         0x00002884   Data          20  interrupt.o(.constdata)
    g_pui32PendRegs                          0x00002898   Data          20  interrupt.o(.constdata)
    g_pui32UnpendRegs                        0x000028ac   Data          20  interrupt.o(.constdata)
    .data                                    0x20000000   Section       16  main.o(.data)
    SysTicks1ms                              0x20000000   Data           4  main.o(.data)
    vtable                                   0x20000400   Section      620  interrupt.o(vtable)
    g_pfnRAMVectors                          0x20000400   Data         620  interrupt.o(vtable)
    .bss                                     0x2000066c   Section     1024  ssd1306.o(.bss)
    STACK                                    0x20000a70   Section      512  startup_rvmdk.o(STACK)
    StackMem                                 0x20000a70   Data           0  startup_rvmdk.o(STACK)

    Global Symbols

    Symbol Name                              Value     Ov Type        Size  Object(Section)

    BuildAttributes$$THM_ISAv4$E$P$D$K$B$S$7EM$VFPi3$EXTD16$VFPS$VFMA$PE$A:L22UL41UL21$X:L11$S22US41US21$IEEE1$IW$USESV6$~STKCKD$USESV7$~SHL$OTIME$EBA8$MICROLIB$REQ8$PRES8$EABIv2 0x00000000   Number         0  anon$$obj.o ABSOLUTE
    __ARM_use_no_argv                        0x00000000   Number         0  main.o ABSOLUTE
    __Vectors                                0x00000000   Data           0  startup_rvmdk.o(RESET)
    __arm_fini_                               - Undefined Weak Reference
    __cpp_initialize__aeabi_                  - Undefined Weak Reference
    __cxa_finalize                            - Undefined Weak Reference
    _clock_init                               - Undefined Weak Reference
    _microlib_exit                            - Undefined Weak Reference
    Reset_Handler                            0x00000201   Thumb Code     0  startup_rvmdk.o(RESET)
    __main                                   0x0000021d   Thumb Code     0  entry.o(.ARM.Collect$$$$00000000)
    _main_stk                                0x0000021d   Thumb Code     0  entry2.o(.ARM.Collect$$$$00000001)
    _main_scatterload                        0x00000221   Thumb Code     0  entry5.o(.ARM.Collect$$$$00000004)
    __main_after_scatterload                 0x00000225   Thumb Code     0  entry5.o(.ARM.Collect$$$$00000004)
    _main_clock                              0x00000225   Thumb Code     0  entry7b.o(.ARM.Collect$$$$00000008)
    _main_cpp_init                           0x00000225   Thumb Code     0  entry8b.o(.ARM.Collect$$$$0000000A)
    _main_init                               0x00000225   Thumb Code     0  entry9a.o(.ARM.Collect$$$$0000000B)
    __rt_lib_shutdown_fini                   0x0000022d   Thumb Code     0  entry12b.o(.ARM.Collect$$$$0000000E)
    __rt_final_cpp                           0x00000231   Thumb Code     0  entry10a.o(.ARM.Collect$$$$0000000F)
    __rt_final_exit                          0x00000231   Thumb Code     0  entry11a.o(.ARM.Collect$$$$00000011)
    strcpy                                   0x00000235   Thumb Code    18  strcpy.o(.text)
    __scatterload                            0x00000249   Thumb Code    28  init.o(.text)
    __scatterload_rt2                        0x00000249   Thumb Code     0  init.o(.text)
    __decompress                             0x0000026d   Thumb Code     0  __dczerorl.o(.text)
    __decompress0                            0x0000026d   Thumb Code    58  __dczerorl.o(.text)
    AnsOneRele                               0x000002a9   Thumb Code    90  relay_functions.o(i.AnsOneRele)
    AnsStatus                                0x00000335   Thumb Code    74  relay_functions.o(i.AnsStatus)
    AtivaColuna                              0x00000385   Thumb Code    86  teclado.o(i.AtivaColuna)
    GPIODirModeSet                           0x000003e1   Thumb Code    40  gpio.o(i.GPIODirModeSet)
    GPIOPadConfigSet                         0x00000409   Thumb Code   354  gpio.o(i.GPIOPadConfigSet)
    GPIOPinConfigure                         0x00000579   Thumb Code    60  gpio.o(i.GPIOPinConfigure)
    GPIOPinRead                              0x000005bd   Thumb Code     6  gpio.o(i.GPIOPinRead)
    GPIOPinTypeGPIOInput                     0x000005c3   Thumb Code    28  gpio.o(i.GPIOPinTypeGPIOInput)
    GPIOPinTypeGPIOOutput                    0x000005df   Thumb Code    28  gpio.o(i.GPIOPinTypeGPIOOutput)
    GPIOPinTypeI2C                           0x000005fb   Thumb Code    28  gpio.o(i.GPIOPinTypeI2C)
    GPIOPinTypeI2CSCL                        0x00000617   Thumb Code    28  gpio.o(i.GPIOPinTypeI2CSCL)
    GPIOPinTypePWM                           0x00000633   Thumb Code    28  gpio.o(i.GPIOPinTypePWM)
    GPIOPinTypeUART                          0x0000064f   Thumb Code    28  gpio.o(i.GPIOPinTypeUART)
    GPIOPinWrite                             0x0000066b   Thumb Code     6  gpio.o(i.GPIOPinWrite)
    I2C0_UpdateRelayStatus                   0x00000671   Thumb Code   134  main.o(i.I2C0_UpdateRelayStatus)
    I2C0_config                              0x00000701   Thumb Code    82  main.o(i.I2C0_config)
    I2C0_sendMultipleBytes                   0x0000076d   Thumb Code   122  main.o(i.I2C0_sendMultipleBytes)
    I2C7_config                              0x000007ed   Thumb Code    82  main.o(i.I2C7_config)
    I2C7_sendMultipleBytes                   0x00000859   Thumb Code   122  main.o(i.I2C7_sendMultipleBytes)
    I2CMasterBusy                            0x000008d9   Thumb Code    12  i2c.o(i.I2CMasterBusy)
    I2CMasterControl                         0x000008e5   Thumb Code     4  i2c.o(i.I2CMasterControl)
    I2CMasterDataPut                         0x000008e9   Thumb Code     4  i2c.o(i.I2CMasterDataPut)
    I2CMasterInitExpClk                      0x000008ed   Thumb Code    72  i2c.o(i.I2CMasterInitExpClk)
    I2CMasterSlaveAddrSet                    0x00000941   Thumb Code     8  i2c.o(i.I2CMasterSlaveAddrSet)
    IntEnable                                0x00000949   Thumb Code    92  interrupt.o(i.IntEnable)
    IntRegister                              0x000009ad   Thumb Code    44  interrupt.o(i.IntRegister)
    LeLinha                                  0x000009e1   Thumb Code    48  teclado.o(i.LeLinha)
    OLED0_Init                               0x00000a15   Thumb Code   178  ssd1306.o(i.OLED0_Init)
    OLED0_command                            0x00000ac7   Thumb Code    26  ssd1306.o(i.OLED0_command)
    OLED0_data                               0x00000ae1   Thumb Code    26  ssd1306.o(i.OLED0_data)
    OLED7_Init                               0x00000b01   Thumb Code   142  ssd1306.o(i.OLED7_Init)
    OLED7_clearDisplay                       0x00000b8f   Thumb Code    42  ssd1306.o(i.OLED7_clearDisplay)
    OLED7_command                            0x00000bb9   Thumb Code    26  ssd1306.o(i.OLED7_command)
    OLED7_sendChar                           0x00000bd5   Thumb Code    26  ssd1306.o(i.OLED7_sendChar)
    OLED7_sendCharXYI                        0x00000bf5   Thumb Code   222  ssd1306.o(i.OLED7_sendCharXYI)
    OLED7_sendStrXYI                         0x00000cd9   Thumb Code    38  ssd1306.o(i.OLED7_sendStrXYI)
    OLED7_setXY                              0x00000cff   Thumb Code    40  ssd1306.o(i.OLED7_setXY)
    PWM0_setup                               0x00000d29   Thumb Code   100  main.o(i.PWM0_setup)
    PWMGenConfigure                          0x00000d9d   Thumb Code    38  pwm.o(i.PWMGenConfigure)
    PWMGenEnable                             0x00000dc3   Thumb Code    10  pwm.o(i.PWMGenEnable)
    PWMGenPeriodSet                          0x00000dcd   Thumb Code    18  pwm.o(i.PWMGenPeriodSet)
    PWMOutputState                           0x00000ddf   Thumb Code    16  pwm.o(i.PWMOutputState)
    PWMPulseWidthSet                         0x00000def   Thumb Code    32  pwm.o(i.PWMPulseWidthSet)
    PortF_setup                              0x00000e11   Thumb Code    34  main.o(i.PortF_setup)
    PortL_setup                              0x00000e3d   Thumb Code    42  main.o(i.PortL_setup)
    PortM_setup                              0x00000e71   Thumb Code    30  main.o(i.PortM_setup)
    PortN_setup                              0x00000e99   Thumb Code    30  main.o(i.PortN_setup)
    SSD1306_I2C0_DrawBitmap                  0x00000ec1   Thumb Code   122  ssd1306.o(i.SSD1306_I2C0_DrawBitmap)
    SSD1306_I2C0_DrawPixel                   0x00000f3d   Thumb Code   136  ssd1306.o(i.SSD1306_I2C0_DrawPixel)
    SSD1306_I2C0_UpdateScreen                0x00000fc9   Thumb Code    64  ssd1306.o(i.SSD1306_I2C0_UpdateScreen)
    SSD1306_I2C0_cls                         0x0000100d   Thumb Code    22  ssd1306.o(i.SSD1306_I2C0_cls)
    SetupSystick                             0x00001029   Thumb Code    34  main.o(i.SetupSystick)
    SetupUart                                0x00001059   Thumb Code    96  main.o(i.SetupUart)
    SysCtlClockFreqSet                       0x000010cd   Thumb Code   700  sysctl.o(i.SysCtlClockFreqSet)
    SysCtlClockGet                           0x000013b1   Thumb Code   304  sysctl.o(i.SysCtlClockGet)
    SysCtlPeripheralEnable                   0x00001505   Thumb Code    36  sysctl.o(i.SysCtlPeripheralEnable)
    SysCtlPeripheralReady                    0x0000152d   Thumb Code    40  sysctl.o(i.SysCtlPeripheralReady)
    SysTickDisable                           0x00001559   Thumb Code    14  systick.o(i.SysTickDisable)
    SysTickEnable                            0x00001567   Thumb Code    14  systick.o(i.SysTickEnable)
    SysTickIntEnable                         0x00001575   Thumb Code    14  systick.o(i.SysTickIntEnable)
    SysTickIntHandler                        0x00001585   Thumb Code    12  main.o(i.SysTickIntHandler)
    SysTickIntRegister                       0x00001595   Thumb Code    24  systick.o(i.SysTickIntRegister)
    SysTickPeriodSet                         0x000015ad   Thumb Code    10  systick.o(i.SysTickPeriodSet)
    UARTCharGetNonBlocking                   0x000015b7   Thumb Code    16  uart.o(i.UARTCharGetNonBlocking)
    UARTCharPut                              0x000015c7   Thumb Code    12  uart.o(i.UARTCharPut)
    UARTCharsAvail                           0x000015d3   Thumb Code    10  uart.o(i.UARTCharsAvail)
    UARTConfigSetExpClk                      0x000015dd   Thumb Code   110  uart.o(i.UARTConfigSetExpClk)
    UARTIntClear                             0x0000164b   Thumb Code     4  uart.o(i.UARTIntClear)
    UARTIntEnable                            0x0000164f   Thumb Code     8  uart.o(i.UARTIntEnable)
    UARTIntRegister                          0x00001659   Thumb Code    70  uart.o(i.UARTIntRegister)
    UARTIntStatus                            0x000016b1   Thumb Code    10  uart.o(i.UARTIntStatus)
    UARTStringReceive                        0x000016bd   Thumb Code    38  uart_functions.o(i.UARTStringReceive)
    UARTStringSend                           0x000016e9   Thumb Code    28  uart_functions.o(i.UARTStringSend)
    UART_Interruption_Handler                0x00001709   Thumb Code    54  main.o(i.UART_Interruption_Handler)
    VarreTeclado                             0x00001749   Thumb Code   214  teclado.o(i.VarreTeclado)
    __scatterload_copy                       0x0000181f   Thumb Code    14  handlers.o(i.__scatterload_copy)
    __scatterload_null                       0x0000182d   Thumb Code     2  handlers.o(i.__scatterload_null)
    __scatterload_zeroinit                   0x0000182f   Thumb Code    14  handlers.o(i.__scatterload_zeroinit)
    executaComando                           0x0000183d   Thumb Code   358  relay_functions.o(i.executaComando)
    main                                     0x000019bd   Thumb Code   296  main.o(i.main)
    UtfprLogo                                0x00001b38   Data         720  main.o(.constdata)
    bitmap6                                  0x00001e08   Data          72  main.o(.constdata)
    bitmap7                                  0x00001e50   Data          72  main.o(.constdata)
    bitmap8                                  0x00001e98   Data          72  main.o(.constdata)
    bitmap9                                  0x00001ee0   Data          72  main.o(.constdata)
    bitmap10                                 0x00001f28   Data          72  main.o(.constdata)
    bitmap11                                 0x00001f70   Data          72  main.o(.constdata)
    bitmap12                                 0x00001fb8   Data          72  main.o(.constdata)
    bitmap13                                 0x00002000   Data          72  main.o(.constdata)
    bitmap14                                 0x00002048   Data          72  main.o(.constdata)
    bitmap15                                 0x00002090   Data          72  main.o(.constdata)
    ASCII_font5x8                            0x000020d8   Data         480  ssd1306.o(.constdata)
    Region$$Table$$Base                      0x000028c0   Number         0  anon$$obj.o(Region$$Table)
    Region$$Table$$Limit                     0x000028e0   Number         0  anon$$obj.o(Region$$Table)
    rxbuffer                                 0x20000004   Data           4  main.o(.data)
    txbuffer                                 0x20000008   Data           4  main.o(.data)
    SysClock                                 0x2000000c   Data           4  main.o(.data)
    SSD1306_Buffer                           0x2000066c   Data        1024  ssd1306.o(.bss)
    __initial_sp                             0x20000c70   Data           0  startup_rvmdk.o(STACK)



==============================================================================

Memory Map of the image

  Image Entry point : 0x00000201

  Load Region LR_1 (Base: 0x00000000, Size: 0x00002f4c, Max: 0xffffffff, ABSOLUTE, COMPRESSED[0x000028f0])

    Execution Region ER_RO (Exec base: 0x00000000, Load base: 0x00000000, Size: 0x000028e0, Max: 0xffffffff, ABSOLUTE)

    Exec Addr    Load Addr    Size         Type   Attr      Idx    E Section Name        Object

    0x00000000   0x00000000   0x0000021c   Code   RO          172  * RESET               startup_rvmdk.o
    0x0000021c   0x0000021c   0x00000000   Code   RO         2209  * .ARM.Collect$$$$00000000  mc_w.l(entry.o)
    0x0000021c   0x0000021c   0x00000004   Code   RO         2214    .ARM.Collect$$$$00000001  mc_w.l(entry2.o)
    0x00000220   0x00000220   0x00000004   Code   RO         2217    .ARM.Collect$$$$00000004  mc_w.l(entry5.o)
    0x00000224   0x00000224   0x00000000   Code   RO         2219    .ARM.Collect$$$$00000008  mc_w.l(entry7b.o)
    0x00000224   0x00000224   0x00000000   Code   RO         2221    .ARM.Collect$$$$0000000A  mc_w.l(entry8b.o)
    0x00000224   0x00000224   0x00000008   Code   RO         2222    .ARM.Collect$$$$0000000B  mc_w.l(entry9a.o)
    0x0000022c   0x0000022c   0x00000004   Code   RO         2229    .ARM.Collect$$$$0000000E  mc_w.l(entry12b.o)
    0x00000230   0x00000230   0x00000000   Code   RO         2224    .ARM.Collect$$$$0000000F  mc_w.l(entry10a.o)
    0x00000230   0x00000230   0x00000000   Code   RO         2226    .ARM.Collect$$$$00000011  mc_w.l(entry11a.o)
    0x00000230   0x00000230   0x00000004   Code   RO         2215    .ARM.Collect$$$$00002712  mc_w.l(entry2.o)
    0x00000234   0x00000234   0x00000012   Code   RO         2212    .text               mc_w.l(strcpy.o)
    0x00000246   0x00000246   0x00000002   PAD
    0x00000248   0x00000248   0x00000024   Code   RO         2230    .text               mc_w.l(init.o)
    0x0000026c   0x0000026c   0x0000003a   Code   RO         2240    .text               mc_w.l(__dczerorl.o)
    0x000002a6   0x000002a6   0x00000002   PAD
    0x000002a8   0x000002a8   0x0000008c   Code   RO          177    i.AnsOneRele        relay_functions.o
    0x00000334   0x00000334   0x00000050   Code   RO          178    i.AnsStatus         relay_functions.o
    0x00000384   0x00000384   0x0000005c   Code   RO          436    i.AtivaColuna       teclado.o
    0x000003e0   0x000003e0   0x00000028   Code   RO          475    i.GPIODirModeSet    driverlib.lib(gpio.o)
    0x00000408   0x00000408   0x00000170   Code   RO          487    i.GPIOPadConfigSet  driverlib.lib(gpio.o)
    0x00000578   0x00000578   0x00000044   Code   RO          488    i.GPIOPinConfigure  driverlib.lib(gpio.o)
    0x000005bc   0x000005bc   0x00000006   Code   RO          489    i.GPIOPinRead       driverlib.lib(gpio.o)
    0x000005c2   0x000005c2   0x0000001c   Code   RO          498    i.GPIOPinTypeGPIOInput  driverlib.lib(gpio.o)
    0x000005de   0x000005de   0x0000001c   Code   RO          499    i.GPIOPinTypeGPIOOutput  driverlib.lib(gpio.o)
    0x000005fa   0x000005fa   0x0000001c   Code   RO          502    i.GPIOPinTypeI2C    driverlib.lib(gpio.o)
    0x00000616   0x00000616   0x0000001c   Code   RO          503    i.GPIOPinTypeI2CSCL  driverlib.lib(gpio.o)
    0x00000632   0x00000632   0x0000001c   Code   RO          506    i.GPIOPinTypePWM    driverlib.lib(gpio.o)
    0x0000064e   0x0000064e   0x0000001c   Code   RO          511    i.GPIOPinTypeUART   driverlib.lib(gpio.o)
    0x0000066a   0x0000066a   0x00000006   Code   RO          517    i.GPIOPinWrite      driverlib.lib(gpio.o)
    0x00000670   0x00000670   0x00000090   Code   RO            1    i.I2C0_UpdateRelayStatus  main.o
    0x00000700   0x00000700   0x0000006c   Code   RO            2    i.I2C0_config       main.o
    0x0000076c   0x0000076c   0x00000080   Code   RO            3    i.I2C0_sendMultipleBytes  main.o
    0x000007ec   0x000007ec   0x0000006c   Code   RO            5    i.I2C7_config       main.o
    0x00000858   0x00000858   0x00000080   Code   RO            6    i.I2C7_sendMultipleBytes  main.o
    0x000008d8   0x000008d8   0x0000000c   Code   RO          818    i.I2CMasterBusy     driverlib.lib(i2c.o)
    0x000008e4   0x000008e4   0x00000004   Code   RO          819    i.I2CMasterControl  driverlib.lib(i2c.o)
    0x000008e8   0x000008e8   0x00000004   Code   RO          821    i.I2CMasterDataPut  driverlib.lib(i2c.o)
    0x000008ec   0x000008ec   0x00000054   Code   RO          826    i.I2CMasterInitExpClk  driverlib.lib(i2c.o)
    0x00000940   0x00000940   0x00000008   Code   RO          836    i.I2CMasterSlaveAddrSet  driverlib.lib(i2c.o)
    0x00000948   0x00000948   0x00000064   Code   RO         2100    i.IntEnable         driverlib.lib(interrupt.o)
    0x000009ac   0x000009ac   0x00000034   Code   RO         2112    i.IntRegister       driverlib.lib(interrupt.o)
    0x000009e0   0x000009e0   0x00000034   Code   RO          437    i.LeLinha           teclado.o
    0x00000a14   0x00000a14   0x000000b2   Code   RO          219    i.OLED0_Init        ssd1306.o
    0x00000ac6   0x00000ac6   0x0000001a   Code   RO          221    i.OLED0_command     ssd1306.o
    0x00000ae0   0x00000ae0   0x00000020   Code   RO          222    i.OLED0_data        ssd1306.o
    0x00000b00   0x00000b00   0x0000008e   Code   RO          234    i.OLED7_Init        ssd1306.o
    0x00000b8e   0x00000b8e   0x0000002a   Code   RO          235    i.OLED7_clearDisplay  ssd1306.o
    0x00000bb8   0x00000bb8   0x0000001a   Code   RO          236    i.OLED7_command     ssd1306.o
    0x00000bd2   0x00000bd2   0x00000002   PAD
    0x00000bd4   0x00000bd4   0x00000020   Code   RO          241    i.OLED7_sendChar    ssd1306.o
    0x00000bf4   0x00000bf4   0x000000e4   Code   RO          243    i.OLED7_sendCharXYI  ssd1306.o
    0x00000cd8   0x00000cd8   0x00000026   Code   RO          245    i.OLED7_sendStrXYI  ssd1306.o
    0x00000cfe   0x00000cfe   0x00000028   Code   RO          248    i.OLED7_setXY       ssd1306.o
    0x00000d26   0x00000d26   0x00000002   PAD
    0x00000d28   0x00000d28   0x00000074   Code   RO            8    i.PWM0_setup        main.o
    0x00000d9c   0x00000d9c   0x00000026   Code   RO         1152    i.PWMGenConfigure   driverlib.lib(pwm.o)
    0x00000dc2   0x00000dc2   0x0000000a   Code   RO         1154    i.PWMGenEnable      driverlib.lib(pwm.o)
    0x00000dcc   0x00000dcc   0x00000012   Code   RO         1167    i.PWMGenPeriodSet   driverlib.lib(pwm.o)
    0x00000dde   0x00000dde   0x00000010   Code   RO         1174    i.PWMOutputState    driverlib.lib(pwm.o)
    0x00000dee   0x00000dee   0x00000020   Code   RO         1177    i.PWMPulseWidthSet  driverlib.lib(pwm.o)
    0x00000e0e   0x00000e0e   0x00000002   PAD
    0x00000e10   0x00000e10   0x0000002c   Code   RO            9    i.PortF_setup       main.o
    0x00000e3c   0x00000e3c   0x00000034   Code   RO           10    i.PortL_setup       main.o
    0x00000e70   0x00000e70   0x00000028   Code   RO           11    i.PortM_setup       main.o
    0x00000e98   0x00000e98   0x00000028   Code   RO           12    i.PortN_setup       main.o
    0x00000ec0   0x00000ec0   0x0000007a   Code   RO          249    i.SSD1306_I2C0_DrawBitmap  ssd1306.o
    0x00000f3a   0x00000f3a   0x00000002   PAD
    0x00000f3c   0x00000f3c   0x0000008c   Code   RO          250    i.SSD1306_I2C0_DrawPixel  ssd1306.o
    0x00000fc8   0x00000fc8   0x00000044   Code   RO          251    i.SSD1306_I2C0_UpdateScreen  ssd1306.o
    0x0000100c   0x0000100c   0x0000001c   Code   RO          252    i.SSD1306_I2C0_cls  ssd1306.o
    0x00001028   0x00001028   0x00000030   Code   RO           13    i.SetupSystick      main.o
    0x00001058   0x00001058   0x00000074   Code   RO           14    i.SetupUart         main.o
    0x000010cc   0x000010cc   0x000002e4   Code   RO         1379    i.SysCtlClockFreqSet  driverlib.lib(sysctl.o)
    0x000013b0   0x000013b0   0x00000154   Code   RO         1380    i.SysCtlClockGet    driverlib.lib(sysctl.o)
    0x00001504   0x00001504   0x00000028   Code   RO         1411    i.SysCtlPeripheralEnable  driverlib.lib(sysctl.o)
    0x0000152c   0x0000152c   0x0000002c   Code   RO         1415    i.SysCtlPeripheralReady  driverlib.lib(sysctl.o)
    0x00001558   0x00001558   0x0000000e   Code   RO         1731    i.SysTickDisable    driverlib.lib(systick.o)
    0x00001566   0x00001566   0x0000000e   Code   RO         1732    i.SysTickEnable     driverlib.lib(systick.o)
    0x00001574   0x00001574   0x0000000e   Code   RO         1734    i.SysTickIntEnable  driverlib.lib(systick.o)
    0x00001582   0x00001582   0x00000002   PAD
    0x00001584   0x00001584   0x00000010   Code   RO           15    i.SysTickIntHandler  main.o
    0x00001594   0x00001594   0x00000018   Code   RO         1735    i.SysTickIntRegister  driverlib.lib(systick.o)
    0x000015ac   0x000015ac   0x0000000a   Code   RO         1738    i.SysTickPeriodSet  driverlib.lib(systick.o)
    0x000015b6   0x000015b6   0x00000010   Code   RO         1801    i.UARTCharGetNonBlocking  driverlib.lib(uart.o)
    0x000015c6   0x000015c6   0x0000000c   Code   RO         1802    i.UARTCharPut       driverlib.lib(uart.o)
    0x000015d2   0x000015d2   0x0000000a   Code   RO         1804    i.UARTCharsAvail    driverlib.lib(uart.o)
    0x000015dc   0x000015dc   0x0000006e   Code   RO         1808    i.UARTConfigSetExpClk  driverlib.lib(uart.o)
    0x0000164a   0x0000164a   0x00000004   Code   RO         1821    i.UARTIntClear      driverlib.lib(uart.o)
    0x0000164e   0x0000164e   0x00000008   Code   RO         1823    i.UARTIntEnable     driverlib.lib(uart.o)
    0x00001656   0x00001656   0x00000002   PAD
    0x00001658   0x00001658   0x00000058   Code   RO         1824    i.UARTIntRegister   driverlib.lib(uart.o)
    0x000016b0   0x000016b0   0x0000000a   Code   RO         1825    i.UARTIntStatus     driverlib.lib(uart.o)
    0x000016ba   0x000016ba   0x00000002   PAD
    0x000016bc   0x000016bc   0x0000002c   Code   RO          201    i.UARTStringReceive  uart_functions.o
    0x000016e8   0x000016e8   0x00000020   Code   RO          202    i.UARTStringSend    uart_functions.o
    0x00001708   0x00001708   0x00000040   Code   RO           16    i.UART_Interruption_Handler  main.o
    0x00001748   0x00001748   0x000000d6   Code   RO          438    i.VarreTeclado      teclado.o
    0x0000181e   0x0000181e   0x0000000e   Code   RO         2234    i.__scatterload_copy  mc_w.l(handlers.o)
    0x0000182c   0x0000182c   0x00000002   Code   RO         2235    i.__scatterload_null  mc_w.l(handlers.o)
    0x0000182e   0x0000182e   0x0000000e   Code   RO         2236    i.__scatterload_zeroinit  mc_w.l(handlers.o)
    0x0000183c   0x0000183c   0x00000180   Code   RO          179    i.executaComando    relay_functions.o
    0x000019bc   0x000019bc   0x0000017c   Code   RO           17    i.main              main.o
    0x00001b38   0x00001b38   0x000005a0   Data   RO           18    .constdata          main.o
    0x000020d8   0x000020d8   0x000001e0   Data   RO          254    .constdata          ssd1306.o
    0x000022b8   0x000022b8   0x00000228   Data   RO          520    .constdata          driverlib.lib(gpio.o)
    0x000024e0   0x000024e0   0x00000254   Data   RO         1433    .constdata          driverlib.lib(sysctl.o)
    0x00002734   0x00002734   0x00000080   Data   RO         1841    .constdata          driverlib.lib(uart.o)
    0x000027b4   0x000027b4   0x0000010c   Data   RO         2116    .constdata          driverlib.lib(interrupt.o)
    0x000028c0   0x000028c0   0x00000020   Data   RO         2232    Region$$Table       anon$$obj.o


    Execution Region ER_RW (Exec base: 0x20000000, Load base: 0x000028e0, Size: 0x0000066c, Max: 0xffffffff, ABSOLUTE, COMPRESSED[0x00000010])

    Exec Addr    Load Addr    Size         Type   Attr      Idx    E Section Name        Object

    0x20000000   COMPRESSED   0x00000010   Data   RW           19    .data               main.o
    0x20000010   COMPRESSED   0x000003f0   PAD
    0x20000400   COMPRESSED   0x0000026c   Data   RW         2117    vtable              driverlib.lib(interrupt.o)


    Execution Region ER_ZI (Exec base: 0x2000066c, Load base: 0x000028f0, Size: 0x00000604, Max: 0xffffffff, ABSOLUTE)

    Exec Addr    Load Addr    Size         Type   Attr      Idx    E Section Name        Object

    0x2000066c        -       0x00000400   Zero   RW          253    .bss                ssd1306.o
    0x20000a6c   0x000028f0   0x00000004   PAD
    0x20000a70        -       0x00000200   Zero   RW          170    STACK               startup_rvmdk.o


==============================================================================

Image component sizes


      Code (inc. data)   RO Data    RW Data    ZI Data      Debug   Object Name

      1532        262       1440         16          0      13891   main.o
       604         82          0          0          0       2498   relay_functions.o
      1142         32        480          0       1024       8871   ssd1306.o
       540        514          0          0        512        248   startup_rvmdk.o
       358         10          0          0          0       1663   teclado.o
        76         10          0          0          0       1545   uart_functions.o

    ----------------------------------------------------------------------
      4258        910       1952       1024       1540      28716   Object Totals
         0          0         32          0          0          0   (incl. Generated)
         6          0          0       1008          4          0   (incl. Padding)

    ----------------------------------------------------------------------

      Code (inc. data)   RO Data    RW Data    ZI Data      Debug   Library Member Name

       656         22        552          0          0      10343   gpio.o
       112         12          0          0          0       3481   i2c.o
       152         16        268        620          0       2150   interrupt.o
       114          0          0          0          0       2639   pwm.o
      1164         84        596          0          0       5439   sysctl.o
        76          0          0          0          0       2400   systick.o
       258         18        128          0          0       5484   uart.o
        58          0          0          0          0          0   __dczerorl.o
         0          0          0          0          0          0   entry.o
         0          0          0          0          0          0   entry10a.o
         0          0          0          0          0          0   entry11a.o
         4          0          0          0          0          0   entry12b.o
         8          4          0          0          0          0   entry2.o
         4          0          0          0          0          0   entry5.o
         0          0          0          0          0          0   entry7b.o
         0          0          0          0          0          0   entry8b.o
         8          4          0          0          0          0   entry9a.o
        30          0          0          0          0          0   handlers.o
        36          8          0          0          0         68   init.o
        18          0          0          0          0         68   strcpy.o

    ----------------------------------------------------------------------
      2710        168       1544        620          0      32072   Library Totals
        12          0          0          0          0          0   (incl. Padding)

    ----------------------------------------------------------------------

      Code (inc. data)   RO Data    RW Data    ZI Data      Debug   Library Name

      2532        152       1544        620          0      31936   driverlib.lib
       166         16          0          0          0        136   mc_w.l

    ----------------------------------------------------------------------
      2710        168       1544        620          0      32072   Library Totals

    ----------------------------------------------------------------------

==============================================================================


      Code (inc. data)   RO Data    RW Data    ZI Data      Debug   

      6968       1078       3496       1644       1540      54172   Grand Totals
      6968       1078       3496         16       1540      54172   ELF Image Totals (compressed)
      6968       1078       3496         16          0          0   ROM Totals

==============================================================================

    Total RO  Size (Code + RO Data)                10464 (  10.22kB)
    Total RW  Size (RW Data + ZI Data)              3184 (   3.11kB)
    Total ROM Size (Code + RO Data + RW Data)      10480 (  10.23kB)

==============================================================================

