Component: ARM Compiler 5.06 update 7 (build 960) Tool: armlink [4d3601]

==============================================================================

Section Cross References

    main.o(i.SetupSystick) refers to systick.o(i.SysTickDisable) for SysTickDisable
    main.o(i.SetupSystick) refers to systick.o(i.SysTickPeriodSet) for SysTickPeriodSet
    main.o(i.SetupSystick) refers to systick.o(i.SysTickIntRegister) for SysTickIntRegister
    main.o(i.SetupSystick) refers to systick.o(i.SysTickIntEnable) for SysTickIntEnable
    main.o(i.SetupSystick) refers to systick.o(i.SysTickEnable) for SysTickEnable
    main.o(i.SetupSystick) refers to main.o(.data) for SysTicks1ms
    main.o(i.SetupSystick) refers to main.o(i.SysTickIntHandler) for SysTickIntHandler
    main.o(i.SysTickIntHandler) refers to main.o(.data) for SysTicks1ms
    main.o(i.main) refers to sysctl.o(i.SysCtlClockFreqSet) for SysCtlClockFreqSet
    main.o(i.main) refers to main.o(i.SetupSystick) for SetupSystick
    main.o(i.main) refers to main.o(.data) for SysClock
    startup_rvmdk.o(RESET) refers to startup_rvmdk.o(STACK) for StackMem
    startup_rvmdk.o(RESET) refers to entry.o(.ARM.Collect$$$$00000000) for __main
    sysctl.o(i.SysCtlClockFreqSet) refers to sysctl.o(.constdata) for .constdata
    sysctl.o(i.SysCtlClockGet) refers to sysctl.o(.constdata) for .constdata
    sysctl.o(i.SysCtlClockSet) refers to sysctl.o(.emb_text) for SysCtlDelay
    sysctl.o(i.SysCtlDeepSleep) refers to cpu.o(.emb_text) for CPUwfi
    sysctl.o(i.SysCtlIntRegister) refers to interrupt.o(i.IntRegister) for IntRegister
    sysctl.o(i.SysCtlIntRegister) refers to interrupt.o(i.IntEnable) for IntEnable
    sysctl.o(i.SysCtlIntUnregister) refers to interrupt.o(i.IntDisable) for IntDisable
    sysctl.o(i.SysCtlIntUnregister) refers to interrupt.o(i.IntUnregister) for IntUnregister
    sysctl.o(i.SysCtlSleep) refers to cpu.o(.emb_text) for CPUwfi
    sysctl.o(i.SysCtlVCOGet) refers to sysctl.o(.constdata) for .constdata
    systick.o(i.SysTickIntRegister) refers to interrupt.o(i.IntRegister) for IntRegister
    systick.o(i.SysTickIntUnregister) refers to interrupt.o(i.IntUnregister) for IntUnregister
    interrupt.o(i.IntDisable) refers to interrupt.o(.constdata) for .constdata
    interrupt.o(i.IntEnable) refers to interrupt.o(.constdata) for .constdata
    interrupt.o(i.IntIsEnabled) refers to interrupt.o(.constdata) for .constdata
    interrupt.o(i.IntMasterDisable) refers to cpu.o(.emb_text) for CPUcpsid
    interrupt.o(i.IntMasterEnable) refers to cpu.o(.emb_text) for CPUcpsie
    interrupt.o(i.IntPendClear) refers to interrupt.o(.constdata) for .constdata
    interrupt.o(i.IntPendSet) refers to interrupt.o(.constdata) for .constdata
    interrupt.o(i.IntPriorityGet) refers to interrupt.o(.constdata) for .constdata
    interrupt.o(i.IntPriorityGroupingGet) refers to interrupt.o(.constdata) for .constdata
    interrupt.o(i.IntPriorityGroupingSet) refers to interrupt.o(.constdata) for .constdata
    interrupt.o(i.IntPriorityMaskGet) refers to cpu.o(.emb_text) for CPUbasepriGet
    interrupt.o(i.IntPriorityMaskSet) refers to cpu.o(.emb_text) for CPUbasepriSet
    interrupt.o(i.IntPrioritySet) refers to interrupt.o(.constdata) for .constdata
    interrupt.o(i.IntRegister) refers to interrupt.o(vtable) for vtable
    interrupt.o(i.IntUnregister) refers to interrupt.o(i._IntDefaultHandler) for _IntDefaultHandler
    interrupt.o(i.IntUnregister) refers to interrupt.o(vtable) for vtable
    entry.o(.ARM.Collect$$$$00000000) refers (Special) to entry10a.o(.ARM.Collect$$$$0000000F) for __rt_final_cpp
    entry.o(.ARM.Collect$$$$00000000) refers (Special) to entry11a.o(.ARM.Collect$$$$00000011) for __rt_final_exit
    entry.o(.ARM.Collect$$$$00000000) refers (Special) to entry12b.o(.ARM.Collect$$$$0000000E) for __rt_lib_shutdown_fini
    entry.o(.ARM.Collect$$$$00000000) refers (Special) to entry7b.o(.ARM.Collect$$$$00000008) for _main_clock
    entry.o(.ARM.Collect$$$$00000000) refers (Special) to entry8b.o(.ARM.Collect$$$$0000000A) for _main_cpp_init
    entry.o(.ARM.Collect$$$$00000000) refers (Special) to entry9a.o(.ARM.Collect$$$$0000000B) for _main_init
    entry.o(.ARM.Collect$$$$00000000) refers (Special) to entry5.o(.ARM.Collect$$$$00000004) for _main_scatterload
    entry.o(.ARM.Collect$$$$00000000) refers (Special) to entry2.o(.ARM.Collect$$$$00000001) for _main_stk
    entry2.o(.ARM.Collect$$$$00000001) refers to entry2.o(.ARM.Collect$$$$00002712) for __lit__00000000
    entry2.o(.ARM.Collect$$$$00002712) refers to startup_rvmdk.o(STACK) for __initial_sp
    entry2.o(__vectab_stack_and_reset_area) refers to startup_rvmdk.o(STACK) for __initial_sp
    entry2.o(__vectab_stack_and_reset_area) refers to entry.o(.ARM.Collect$$$$00000000) for __main
    entry5.o(.ARM.Collect$$$$00000004) refers to init.o(.text) for __scatterload
    entry9a.o(.ARM.Collect$$$$0000000B) refers to main.o(i.main) for main
    entry9b.o(.ARM.Collect$$$$0000000C) refers to main.o(i.main) for main
    init.o(.text) refers to entry5.o(.ARM.Collect$$$$00000004) for __main_after_scatterload


==============================================================================

Removing Unused input sections from the image.

    Removing startup_rvmdk.o(HEAP), (0 bytes).
    Removing startup_rvmdk.o(.text), (0 bytes).
    Removing sysctl.o(.emb_text), (6 bytes).
    Removing sysctl.o(i.SysCtlAltClkConfig), (12 bytes).
    Removing sysctl.o(i.SysCtlClockGet), (340 bytes).
    Removing sysctl.o(i.SysCtlClockOutConfig), (20 bytes).
    Removing sysctl.o(i.SysCtlClockSet), (288 bytes).
    Removing sysctl.o(i.SysCtlDeepSleep), (32 bytes).
    Removing sysctl.o(i.SysCtlDeepSleepClockConfigSet), (112 bytes).
    Removing sysctl.o(i.SysCtlDeepSleepClockSet), (12 bytes).
    Removing sysctl.o(i.SysCtlDeepSleepPowerSet), (12 bytes).
    Removing sysctl.o(i.SysCtlFlashSectorSizeGet), (56 bytes).
    Removing sysctl.o(i.SysCtlFlashSizeGet), (56 bytes).
    Removing sysctl.o(i.SysCtlGPIOAHBDisable), (28 bytes).
    Removing sysctl.o(i.SysCtlGPIOAHBEnable), (24 bytes).
    Removing sysctl.o(i.SysCtlIntClear), (12 bytes).
    Removing sysctl.o(i.SysCtlIntDisable), (16 bytes).
    Removing sysctl.o(i.SysCtlIntEnable), (16 bytes).
    Removing sysctl.o(i.SysCtlIntRegister), (20 bytes).
    Removing sysctl.o(i.SysCtlIntStatus), (16 bytes).
    Removing sysctl.o(i.SysCtlIntUnregister), (18 bytes).
    Removing sysctl.o(i.SysCtlLDODeepSleepGet), (12 bytes).
    Removing sysctl.o(i.SysCtlLDODeepSleepSet), (12 bytes).
    Removing sysctl.o(i.SysCtlLDOSleepGet), (12 bytes).
    Removing sysctl.o(i.SysCtlLDOSleepSet), (12 bytes).
    Removing sysctl.o(i.SysCtlMOSCConfigSet), (12 bytes).
    Removing sysctl.o(i.SysCtlNMIClear), (16 bytes).
    Removing sysctl.o(i.SysCtlNMIStatus), (12 bytes).
    Removing sysctl.o(i.SysCtlPIOSCCalibrate), (76 bytes).
    Removing sysctl.o(i.SysCtlPWMClockGet), (24 bytes).
    Removing sysctl.o(i.SysCtlPWMClockSet), (20 bytes).
    Removing sysctl.o(i.SysCtlPeripheralClockGating), (68 bytes).
    Removing sysctl.o(i.SysCtlPeripheralDeepSleepDisable), (40 bytes).
    Removing sysctl.o(i.SysCtlPeripheralDeepSleepEnable), (40 bytes).
    Removing sysctl.o(i.SysCtlPeripheralDisable), (40 bytes).
    Removing sysctl.o(i.SysCtlPeripheralEnable), (40 bytes).
    Removing sysctl.o(i.SysCtlPeripheralPowerOff), (40 bytes).
    Removing sysctl.o(i.SysCtlPeripheralPowerOn), (40 bytes).
    Removing sysctl.o(i.SysCtlPeripheralPresent), (44 bytes).
    Removing sysctl.o(i.SysCtlPeripheralReady), (44 bytes).
    Removing sysctl.o(i.SysCtlPeripheralReset), (60 bytes).
    Removing sysctl.o(i.SysCtlPeripheralSleepDisable), (40 bytes).
    Removing sysctl.o(i.SysCtlPeripheralSleepEnable), (40 bytes).
    Removing sysctl.o(i.SysCtlReset), (16 bytes).
    Removing sysctl.o(i.SysCtlResetBehaviorGet), (12 bytes).
    Removing sysctl.o(i.SysCtlResetBehaviorSet), (12 bytes).
    Removing sysctl.o(i.SysCtlResetCauseClear), (16 bytes).
    Removing sysctl.o(i.SysCtlResetCauseGet), (12 bytes).
    Removing sysctl.o(i.SysCtlSRAMSizeGet), (16 bytes).
    Removing sysctl.o(i.SysCtlSleep), (4 bytes).
    Removing sysctl.o(i.SysCtlSleepPowerSet), (12 bytes).
    Removing sysctl.o(i.SysCtlUSBPLLDisable), (16 bytes).
    Removing sysctl.o(i.SysCtlUSBPLLEnable), (16 bytes).
    Removing sysctl.o(i.SysCtlVCOGet), (120 bytes).
    Removing sysctl.o(i.SysCtlVoltageEventClear), (16 bytes).
    Removing sysctl.o(i.SysCtlVoltageEventConfig), (12 bytes).
    Removing sysctl.o(i.SysCtlVoltageEventStatus), (12 bytes).
    Removing systick.o(i.SysTickIntDisable), (14 bytes).
    Removing systick.o(i.SysTickIntUnregister), (18 bytes).
    Removing systick.o(i.SysTickPeriodGet), (10 bytes).
    Removing systick.o(i.SysTickValueGet), (8 bytes).
    Removing cpu.o(.emb_text), (38 bytes).
    Removing interrupt.o(i.IntDisable), (100 bytes).
    Removing interrupt.o(i.IntEnable), (100 bytes).
    Removing interrupt.o(i.IntIsEnabled), (96 bytes).
    Removing interrupt.o(i.IntMasterDisable), (14 bytes).
    Removing interrupt.o(i.IntMasterEnable), (14 bytes).
    Removing interrupt.o(i.IntPendClear), (68 bytes).
    Removing interrupt.o(i.IntPendSet), (84 bytes).
    Removing interrupt.o(i.IntPriorityGet), (28 bytes).
    Removing interrupt.o(i.IntPriorityGroupingGet), (36 bytes).
    Removing interrupt.o(i.IntPriorityGroupingSet), (28 bytes).
    Removing interrupt.o(i.IntPriorityMaskGet), (4 bytes).
    Removing interrupt.o(i.IntPriorityMaskSet), (4 bytes).
    Removing interrupt.o(i.IntPrioritySet), (40 bytes).
    Removing interrupt.o(i.IntTrigger), (12 bytes).
    Removing interrupt.o(i.IntUnregister), (20 bytes).
    Removing interrupt.o(i._IntDefaultHandler), (2 bytes).
    Removing interrupt.o(.constdata), (268 bytes).

79 unused section(s) (total 3138 bytes) removed from the image.

==============================================================================

Image Symbol Table

    Local Symbols

    Symbol Name                              Value     Ov Type        Size  Object(Section)

    RESET                                    0x00000000   Section      540  startup_rvmdk.o(RESET)
    ../clib/../cmprslib/zerorunl.c           0x00000000   Number         0  __dczerorl.o ABSOLUTE
    ../clib/microlib/init/entry.s            0x00000000   Number         0  entry12a.o ABSOLUTE
    ../clib/microlib/init/entry.s            0x00000000   Number         0  entry11b.o ABSOLUTE
    ../clib/microlib/init/entry.s            0x00000000   Number         0  entry11a.o ABSOLUTE
    ../clib/microlib/init/entry.s            0x00000000   Number         0  entry10b.o ABSOLUTE
    ../clib/microlib/init/entry.s            0x00000000   Number         0  entry10a.o ABSOLUTE
    ../clib/microlib/init/entry.s            0x00000000   Number         0  entry9a.o ABSOLUTE
    ../clib/microlib/init/entry.s            0x00000000   Number         0  entry9b.o ABSOLUTE
    ../clib/microlib/init/entry.s            0x00000000   Number         0  entry12b.o ABSOLUTE
    ../clib/microlib/init/entry.s            0x00000000   Number         0  entry8b.o ABSOLUTE
    ../clib/microlib/init/entry.s            0x00000000   Number         0  entry8a.o ABSOLUTE
    ../clib/microlib/init/entry.s            0x00000000   Number         0  entry7b.o ABSOLUTE
    ../clib/microlib/init/entry.s            0x00000000   Number         0  entry7a.o ABSOLUTE
    ../clib/microlib/init/entry.s            0x00000000   Number         0  entry5.o ABSOLUTE
    ../clib/microlib/init/entry.s            0x00000000   Number         0  entry.o ABSOLUTE
    ../clib/microlib/init/entry.s            0x00000000   Number         0  entry2.o ABSOLUTE
    cpu.c                                    0x00000000   Number         0  cpu.o ABSOLUTE
    cpu.c                                    0x00000000   Number         0  cpu.o ABSOLUTE
    dc.s                                     0x00000000   Number         0  dc.o ABSOLUTE
    handlers.s                               0x00000000   Number         0  handlers.o ABSOLUTE
    init.s                                   0x00000000   Number         0  init.o ABSOLUTE
    interrupt.c                              0x00000000   Number         0  interrupt.o ABSOLUTE
    main.c                                   0x00000000   Number         0  main.o ABSOLUTE
    startup_rvmdk.S                          0x00000000   Number         0  startup_rvmdk.o ABSOLUTE
    sysctl.c                                 0x00000000   Number         0  sysctl.o ABSOLUTE
    sysctl.c                                 0x00000000   Number         0  sysctl.o ABSOLUTE
    systick.c                                0x00000000   Number         0  systick.o ABSOLUTE
    $v0                                      0x00000200   Number         0  startup_rvmdk.o(RESET)
    NmiSR                                    0x00000215   Thumb Code     0  startup_rvmdk.o(RESET)
    FaultISR                                 0x00000217   Thumb Code     0  startup_rvmdk.o(RESET)
    IntDefaultHandler                        0x00000219   Thumb Code     0  startup_rvmdk.o(RESET)
    .ARM.Collect$$$$00000000                 0x0000021c   Section        0  entry.o(.ARM.Collect$$$$00000000)
    .ARM.Collect$$$$00000001                 0x0000021c   Section        4  entry2.o(.ARM.Collect$$$$00000001)
    .ARM.Collect$$$$00000004                 0x00000220   Section        4  entry5.o(.ARM.Collect$$$$00000004)
    .ARM.Collect$$$$00000008                 0x00000224   Section        0  entry7b.o(.ARM.Collect$$$$00000008)
    .ARM.Collect$$$$0000000A                 0x00000224   Section        0  entry8b.o(.ARM.Collect$$$$0000000A)
    .ARM.Collect$$$$0000000B                 0x00000224   Section        8  entry9a.o(.ARM.Collect$$$$0000000B)
    .ARM.Collect$$$$0000000E                 0x0000022c   Section        4  entry12b.o(.ARM.Collect$$$$0000000E)
    .ARM.Collect$$$$0000000F                 0x00000230   Section        0  entry10a.o(.ARM.Collect$$$$0000000F)
    .ARM.Collect$$$$00000011                 0x00000230   Section        0  entry11a.o(.ARM.Collect$$$$00000011)
    .ARM.Collect$$$$00002712                 0x00000230   Section        4  entry2.o(.ARM.Collect$$$$00002712)
    __lit__00000000                          0x00000230   Data           4  entry2.o(.ARM.Collect$$$$00002712)
    .text                                    0x00000234   Section       36  init.o(.text)
    .text                                    0x00000258   Section        0  __dczerorl.o(.text)
    i.IntRegister                            0x00000294   Section        0  interrupt.o(i.IntRegister)
    i.SetupSystick                           0x000002c8   Section        0  main.o(i.SetupSystick)
    i.SysCtlClockFreqSet                     0x000002f8   Section        0  sysctl.o(i.SysCtlClockFreqSet)
    i.SysTickDisable                         0x000005dc   Section        0  systick.o(i.SysTickDisable)
    i.SysTickEnable                          0x000005ea   Section        0  systick.o(i.SysTickEnable)
    i.SysTickIntEnable                       0x000005f8   Section        0  systick.o(i.SysTickIntEnable)
    i.SysTickIntHandler                      0x00000608   Section        0  main.o(i.SysTickIntHandler)
    i.SysTickIntRegister                     0x00000618   Section        0  systick.o(i.SysTickIntRegister)
    i.SysTickPeriodSet                       0x00000630   Section        0  systick.o(i.SysTickPeriodSet)
    i.__scatterload_copy                     0x0000063a   Section       14  handlers.o(i.__scatterload_copy)
    i.__scatterload_null                     0x00000648   Section        2  handlers.o(i.__scatterload_null)
    i.__scatterload_zeroinit                 0x0000064a   Section       14  handlers.o(i.__scatterload_zeroinit)
    i.main                                   0x00000658   Section        0  main.o(i.main)
    .constdata                               0x0000067c   Section      596  sysctl.o(.constdata)
    g_pui32VCOFrequencies                    0x0000067c   Data           8  sysctl.o(.constdata)
    g_pui32Xtals                             0x00000684   Data         108  sysctl.o(.constdata)
    g_pppui32XTALtoVCO                       0x000006f0   Data         432  sysctl.o(.constdata)
    g_sXTALtoMEMTIM                          0x000008a0   Data          48  sysctl.o(.constdata)
    .data                                    0x20000000   Section        8  main.o(.data)
    SysTicks1ms                              0x20000000   Data           4  main.o(.data)
    vtable                                   0x20000400   Section      620  interrupt.o(vtable)
    g_pfnRAMVectors                          0x20000400   Data         620  interrupt.o(vtable)
    STACK                                    0x20000670   Section      512  startup_rvmdk.o(STACK)
    StackMem                                 0x20000670   Data           0  startup_rvmdk.o(STACK)

    Global Symbols

    Symbol Name                              Value     Ov Type        Size  Object(Section)

    BuildAttributes$$THM_ISAv4$E$P$D$K$B$S$7EM$VFPi3$EXTD16$VFPS$VFMA$PE$A:L22UL41UL21$X:L11$S22US41US21$IEEE1$IW$USESV6$~STKCKD$USESV7$~SHL$OTIME$EBA8$MICROLIB$REQ8$PRES8$EABIv2 0x00000000   Number         0  anon$$obj.o ABSOLUTE
    __ARM_use_no_argv                        0x00000000   Number         0  main.o ABSOLUTE
    __Vectors                                0x00000000   Data           0  startup_rvmdk.o(RESET)
    __arm_fini_                               - Undefined Weak Reference
    __cpp_initialize__aeabi_                  - Undefined Weak Reference
    __cxa_finalize                            - Undefined Weak Reference
    _clock_init                               - Undefined Weak Reference
    _microlib_exit                            - Undefined Weak Reference
    Reset_Handler                            0x00000201   Thumb Code     0  startup_rvmdk.o(RESET)
    __main                                   0x0000021d   Thumb Code     0  entry.o(.ARM.Collect$$$$00000000)
    _main_stk                                0x0000021d   Thumb Code     0  entry2.o(.ARM.Collect$$$$00000001)
    _main_scatterload                        0x00000221   Thumb Code     0  entry5.o(.ARM.Collect$$$$00000004)
    __main_after_scatterload                 0x00000225   Thumb Code     0  entry5.o(.ARM.Collect$$$$00000004)
    _main_clock                              0x00000225   Thumb Code     0  entry7b.o(.ARM.Collect$$$$00000008)
    _main_cpp_init                           0x00000225   Thumb Code     0  entry8b.o(.ARM.Collect$$$$0000000A)
    _main_init                               0x00000225   Thumb Code     0  entry9a.o(.ARM.Collect$$$$0000000B)
    __rt_lib_shutdown_fini                   0x0000022d   Thumb Code     0  entry12b.o(.ARM.Collect$$$$0000000E)
    __rt_final_cpp                           0x00000231   Thumb Code     0  entry10a.o(.ARM.Collect$$$$0000000F)
    __rt_final_exit                          0x00000231   Thumb Code     0  entry11a.o(.ARM.Collect$$$$00000011)
    __scatterload                            0x00000235   Thumb Code    28  init.o(.text)
    __scatterload_rt2                        0x00000235   Thumb Code     0  init.o(.text)
    __decompress                             0x00000259   Thumb Code     0  __dczerorl.o(.text)
    __decompress0                            0x00000259   Thumb Code    58  __dczerorl.o(.text)
    IntRegister                              0x00000295   Thumb Code    44  interrupt.o(i.IntRegister)
    SetupSystick                             0x000002c9   Thumb Code    34  main.o(i.SetupSystick)
    SysCtlClockFreqSet                       0x000002f9   Thumb Code   700  sysctl.o(i.SysCtlClockFreqSet)
    SysTickDisable                           0x000005dd   Thumb Code    14  systick.o(i.SysTickDisable)
    SysTickEnable                            0x000005eb   Thumb Code    14  systick.o(i.SysTickEnable)
    SysTickIntEnable                         0x000005f9   Thumb Code    14  systick.o(i.SysTickIntEnable)
    SysTickIntHandler                        0x00000609   Thumb Code    12  main.o(i.SysTickIntHandler)
    SysTickIntRegister                       0x00000619   Thumb Code    24  systick.o(i.SysTickIntRegister)
    SysTickPeriodSet                         0x00000631   Thumb Code    10  systick.o(i.SysTickPeriodSet)
    __scatterload_copy                       0x0000063b   Thumb Code    14  handlers.o(i.__scatterload_copy)
    __scatterload_null                       0x00000649   Thumb Code     2  handlers.o(i.__scatterload_null)
    __scatterload_zeroinit                   0x0000064b   Thumb Code    14  handlers.o(i.__scatterload_zeroinit)
    main                                     0x00000659   Thumb Code    22  main.o(i.main)
    Region$$Table$$Base                      0x000008d0   Number         0  anon$$obj.o(Region$$Table)
    Region$$Table$$Limit                     0x000008f0   Number         0  anon$$obj.o(Region$$Table)
    SysClock                                 0x20000004   Data           4  main.o(.data)
    __initial_sp                             0x20000870   Data           0  startup_rvmdk.o(STACK)



==============================================================================

Memory Map of the image

  Image Entry point : 0x00000201

  Load Region LR_1 (Base: 0x00000000, Size: 0x00000f5c, Max: 0xffffffff, ABSOLUTE, COMPRESSED[0x00000900])

    Execution Region ER_RO (Exec base: 0x00000000, Load base: 0x00000000, Size: 0x000008f0, Max: 0xffffffff, ABSOLUTE)

    Exec Addr    Load Addr    Size         Type   Attr      Idx    E Section Name        Object

    0x00000000   0x00000000   0x0000021c   Code   RO           47  * RESET               startup_rvmdk.o
    0x0000021c   0x0000021c   0x00000000   Code   RO          610  * .ARM.Collect$$$$00000000  mc_w.l(entry.o)
    0x0000021c   0x0000021c   0x00000004   Code   RO          613    .ARM.Collect$$$$00000001  mc_w.l(entry2.o)
    0x00000220   0x00000220   0x00000004   Code   RO          616    .ARM.Collect$$$$00000004  mc_w.l(entry5.o)
    0x00000224   0x00000224   0x00000000   Code   RO          618    .ARM.Collect$$$$00000008  mc_w.l(entry7b.o)
    0x00000224   0x00000224   0x00000000   Code   RO          620    .ARM.Collect$$$$0000000A  mc_w.l(entry8b.o)
    0x00000224   0x00000224   0x00000008   Code   RO          621    .ARM.Collect$$$$0000000B  mc_w.l(entry9a.o)
    0x0000022c   0x0000022c   0x00000004   Code   RO          628    .ARM.Collect$$$$0000000E  mc_w.l(entry12b.o)
    0x00000230   0x00000230   0x00000000   Code   RO          623    .ARM.Collect$$$$0000000F  mc_w.l(entry10a.o)
    0x00000230   0x00000230   0x00000000   Code   RO          625    .ARM.Collect$$$$00000011  mc_w.l(entry11a.o)
    0x00000230   0x00000230   0x00000004   Code   RO          614    .ARM.Collect$$$$00002712  mc_w.l(entry2.o)
    0x00000234   0x00000234   0x00000024   Code   RO          629    .text               mc_w.l(init.o)
    0x00000258   0x00000258   0x0000003a   Code   RO          639    .text               mc_w.l(__dczerorl.o)
    0x00000292   0x00000292   0x00000002   PAD
    0x00000294   0x00000294   0x00000034   Code   RO          513    i.IntRegister       driverlib.lib(interrupt.o)
    0x000002c8   0x000002c8   0x00000030   Code   RO            1    i.SetupSystick      main.o
    0x000002f8   0x000002f8   0x000002e4   Code   RO           54    i.SysCtlClockFreqSet  driverlib.lib(sysctl.o)
    0x000005dc   0x000005dc   0x0000000e   Code   RO          427    i.SysTickDisable    driverlib.lib(systick.o)
    0x000005ea   0x000005ea   0x0000000e   Code   RO          428    i.SysTickEnable     driverlib.lib(systick.o)
    0x000005f8   0x000005f8   0x0000000e   Code   RO          430    i.SysTickIntEnable  driverlib.lib(systick.o)
    0x00000606   0x00000606   0x00000002   PAD
    0x00000608   0x00000608   0x00000010   Code   RO            2    i.SysTickIntHandler  main.o
    0x00000618   0x00000618   0x00000018   Code   RO          431    i.SysTickIntRegister  driverlib.lib(systick.o)
    0x00000630   0x00000630   0x0000000a   Code   RO          434    i.SysTickPeriodSet  driverlib.lib(systick.o)
    0x0000063a   0x0000063a   0x0000000e   Code   RO          633    i.__scatterload_copy  mc_w.l(handlers.o)
    0x00000648   0x00000648   0x00000002   Code   RO          634    i.__scatterload_null  mc_w.l(handlers.o)
    0x0000064a   0x0000064a   0x0000000e   Code   RO          635    i.__scatterload_zeroinit  mc_w.l(handlers.o)
    0x00000658   0x00000658   0x00000024   Code   RO            3    i.main              main.o
    0x0000067c   0x0000067c   0x00000254   Data   RO          108    .constdata          driverlib.lib(sysctl.o)
    0x000008d0   0x000008d0   0x00000020   Data   RO          631    Region$$Table       anon$$obj.o


    Execution Region ER_RW (Exec base: 0x20000000, Load base: 0x000008f0, Size: 0x0000066c, Max: 0xffffffff, ABSOLUTE, COMPRESSED[0x00000010])

    Exec Addr    Load Addr    Size         Type   Attr      Idx    E Section Name        Object

    0x20000000   COMPRESSED   0x00000008   Data   RW            4    .data               main.o
    0x20000008   COMPRESSED   0x000003f8   PAD
    0x20000400   COMPRESSED   0x0000026c   Data   RW          518    vtable              driverlib.lib(interrupt.o)


    Execution Region ER_ZI (Exec base: 0x2000066c, Load base: 0x00000900, Size: 0x00000204, Max: 0xffffffff, ABSOLUTE)

    Exec Addr    Load Addr    Size         Type   Attr      Idx    E Section Name        Object

    0x2000066c   0x00000900   0x00000004   PAD
    0x20000670        -       0x00000200   Zero   RW           45    STACK               startup_rvmdk.o


==============================================================================

Image component sizes


      Code (inc. data)   RO Data    RW Data    ZI Data      Debug   Object Name

       100         32          0          8          0       6013   main.o
       540        514          0          0        512        248   startup_rvmdk.o

    ----------------------------------------------------------------------
       640        546         32       1024        512       6261   Object Totals
         0          0         32          0          0          0   (incl. Generated)
         0          0          0       1016          0          0   (incl. Padding)

    ----------------------------------------------------------------------

      Code (inc. data)   RO Data    RW Data    ZI Data      Debug   Library Member Name

        52          8          0        620          0       1574   interrupt.o
       740         40        596          0          0       6517   sysctl.o
        76          0          0          0          0       2400   systick.o
        58          0          0          0          0          0   __dczerorl.o
         0          0          0          0          0          0   entry.o
         0          0          0          0          0          0   entry10a.o
         0          0          0          0          0          0   entry11a.o
         4          0          0          0          0          0   entry12b.o
         8          4          0          0          0          0   entry2.o
         4          0          0          0          0          0   entry5.o
         0          0          0          0          0          0   entry7b.o
         0          0          0          0          0          0   entry8b.o
         8          4          0          0          0          0   entry9a.o
        30          0          0          0          0          0   handlers.o
        36          8          0          0          0         68   init.o

    ----------------------------------------------------------------------
      1020         64        596        620          4      10559   Library Totals
         4          0          0          0          4          0   (incl. Padding)

    ----------------------------------------------------------------------

      Code (inc. data)   RO Data    RW Data    ZI Data      Debug   Library Name

       868         48        596        620          0      10491   driverlib.lib
       148         16          0          0          0         68   mc_w.l

    ----------------------------------------------------------------------
      1020         64        596        620          4      10559   Library Totals

    ----------------------------------------------------------------------

==============================================================================


      Code (inc. data)   RO Data    RW Data    ZI Data      Debug   

      1660        610        628       1644        516      16504   Grand Totals
      1660        610        628         16        516      16504   ELF Image Totals (compressed)
      1660        610        628         16          0          0   ROM Totals

==============================================================================

    Total RO  Size (Code + RO Data)                 2288 (   2.23kB)
    Total RW  Size (RW Data + ZI Data)              2160 (   2.11kB)
    Total ROM Size (Code + RO Data + RW Data)       2304 (   2.25kB)

==============================================================================

