Component: ARM Compiler 5.06 update 7 (build 960) Tool: armlink [4d3601]

==============================================================================

Section Cross References

    main.o(i.PortF_setup) refers to sysctl.o(i.SysCtlPeripheralEnable) for SysCtlPeripheralEnable
    main.o(i.PortF_setup) refers to sysctl.o(i.SysCtlPeripheralReady) for SysCtlPeripheralReady
    main.o(i.PortF_setup) refers to gpio.o(i.GPIOPinTypeGPIOOutput) for GPIOPinTypeGPIOOutput
    main.o(i.PortN_setup) refers to sysctl.o(i.SysCtlPeripheralEnable) for SysCtlPeripheralEnable
    main.o(i.PortN_setup) refers to sysctl.o(i.SysCtlPeripheralReady) for SysCtlPeripheralReady
    main.o(i.PortN_setup) refers to gpio.o(i.GPIOPinTypeGPIOOutput) for GPIOPinTypeGPIOOutput
    main.o(i.SetupSystick) refers to systick.o(i.SysTickDisable) for SysTickDisable
    main.o(i.SetupSystick) refers to systick.o(i.SysTickPeriodSet) for SysTickPeriodSet
    main.o(i.SetupSystick) refers to systick.o(i.SysTickIntRegister) for SysTickIntRegister
    main.o(i.SetupSystick) refers to systick.o(i.SysTickIntEnable) for SysTickIntEnable
    main.o(i.SetupSystick) refers to systick.o(i.SysTickEnable) for SysTickEnable
    main.o(i.SetupSystick) refers to main.o(.data) for SysTicks1ms
    main.o(i.SetupSystick) refers to main.o(i.SysTickIntHandler) for SysTickIntHandler
    main.o(i.SetupUart) refers to sysctl.o(i.SysCtlPeripheralEnable) for SysCtlPeripheralEnable
    main.o(i.SetupUart) refers to sysctl.o(i.SysCtlPeripheralReady) for SysCtlPeripheralReady
    main.o(i.SetupUart) refers to uart.o(i.UARTConfigSetExpClk) for UARTConfigSetExpClk
    main.o(i.SetupUart) refers to uart.o(i.UARTFIFODisable) for UARTFIFODisable
    main.o(i.SetupUart) refers to uart.o(i.UARTIntEnable) for UARTIntEnable
    main.o(i.SetupUart) refers to uart.o(i.UARTIntRegister) for UARTIntRegister
    main.o(i.SetupUart) refers to gpio.o(i.GPIOPinConfigure) for GPIOPinConfigure
    main.o(i.SetupUart) refers to gpio.o(i.GPIOPinTypeUART) for GPIOPinTypeUART
    main.o(i.SetupUart) refers to main.o(.data) for SysClock
    main.o(i.SetupUart) refers to main.o(i.UART_Interruption_Handler) for UART_Interruption_Handler
    main.o(i.SysTickIntHandler) refers to main.o(.data) for SysTicks1ms
    main.o(i.UART_Interruption_Handler) refers to uart.o(i.UARTIntStatus) for UARTIntStatus
    main.o(i.UART_Interruption_Handler) refers to uart.o(i.UARTIntClear) for UARTIntClear
    main.o(i.UART_Interruption_Handler) refers to uart.o(i.UARTCharGetNonBlocking) for UARTCharGetNonBlocking
    main.o(i.UART_Interruption_Handler) refers to main.o(.data) for rxbuffer
    main.o(i.main) refers to sysctl.o(i.SysCtlClockFreqSet) for SysCtlClockFreqSet
    main.o(i.main) refers to main.o(i.SetupSystick) for SetupSystick
    main.o(i.main) refers to main.o(i.PortF_setup) for PortF_setup
    main.o(i.main) refers to main.o(i.PortN_setup) for PortN_setup
    main.o(i.main) refers to main.o(i.SetupUart) for SetupUart
    main.o(i.main) refers to uart_functions.o(i.UARTStringReceive) for UARTStringReceive
    main.o(i.main) refers to relay_functions.o(i.executaComando) for executaComando
    main.o(i.main) refers to uart.o(i.UARTCharsAvail) for UARTCharsAvail
    main.o(i.main) refers to main.o(.data) for SysClock
    startup_rvmdk.o(RESET) refers to startup_rvmdk.o(STACK) for StackMem
    startup_rvmdk.o(RESET) refers to entry.o(.ARM.Collect$$$$00000000) for __main
    relay_functions.o(i.AnsOneRele) refers to uart_functions.o(i.UARTStringSend) for UARTStringSend
    relay_functions.o(i.AnsStatus) refers to uart_functions.o(i.UARTStringSend) for UARTStringSend
    relay_functions.o(i.executaComando) refers to gpio.o(i.GPIOPinWrite) for GPIOPinWrite
    relay_functions.o(i.executaComando) refers to relay_functions.o(i.AnsOneRele) for AnsOneRele
    relay_functions.o(i.executaComando) refers to uart_functions.o(i.UARTStringSend) for UARTStringSend
    relay_functions.o(i.executaComando) refers to relay_functions.o(i.AnsStatus) for AnsStatus
    uart_functions.o(i.UARTStringReceive) refers to uart.o(i.UARTCharGetNonBlocking) for UARTCharGetNonBlocking
    uart_functions.o(i.UARTStringSend) refers to uart.o(i.UARTCharPut) for UARTCharPut
    gpio.o(i.GPIOIntRegister) refers to gpio.o(i._GPIOIntNumberGet) for _GPIOIntNumberGet
    gpio.o(i.GPIOIntRegister) refers to interrupt.o(i.IntRegister) for IntRegister
    gpio.o(i.GPIOIntRegister) refers to interrupt.o(i.IntEnable) for IntEnable
    gpio.o(i.GPIOIntRegisterPin) refers to gpio.o(i._GPIOIntNumberGet) for _GPIOIntNumberGet
    gpio.o(i.GPIOIntRegisterPin) refers to interrupt.o(i.IntRegister) for IntRegister
    gpio.o(i.GPIOIntRegisterPin) refers to interrupt.o(i.IntEnable) for IntEnable
    gpio.o(i.GPIOIntUnregister) refers to gpio.o(i._GPIOIntNumberGet) for _GPIOIntNumberGet
    gpio.o(i.GPIOIntUnregister) refers to interrupt.o(i.IntDisable) for IntDisable
    gpio.o(i.GPIOIntUnregister) refers to interrupt.o(i.IntUnregister) for IntUnregister
    gpio.o(i.GPIOIntUnregisterPin) refers to gpio.o(i._GPIOIntNumberGet) for _GPIOIntNumberGet
    gpio.o(i.GPIOIntUnregisterPin) refers to interrupt.o(i.IntDisable) for IntDisable
    gpio.o(i.GPIOIntUnregisterPin) refers to interrupt.o(i.IntUnregister) for IntUnregister
    gpio.o(i.GPIOPinConfigure) refers to gpio.o(.constdata) for .constdata
    gpio.o(i.GPIOPinTypeADC) refers to gpio.o(i.GPIODirModeSet) for GPIODirModeSet
    gpio.o(i.GPIOPinTypeADC) refers to gpio.o(i.GPIOPadConfigSet) for GPIOPadConfigSet
    gpio.o(i.GPIOPinTypeCAN) refers to gpio.o(i.GPIODirModeSet) for GPIODirModeSet
    gpio.o(i.GPIOPinTypeCAN) refers to gpio.o(i.GPIOPadConfigSet) for GPIOPadConfigSet
    gpio.o(i.GPIOPinTypeComparator) refers to gpio.o(i.GPIODirModeSet) for GPIODirModeSet
    gpio.o(i.GPIOPinTypeComparator) refers to gpio.o(i.GPIOPadConfigSet) for GPIOPadConfigSet
    gpio.o(i.GPIOPinTypeComparatorOutput) refers to gpio.o(i.GPIODirModeSet) for GPIODirModeSet
    gpio.o(i.GPIOPinTypeComparatorOutput) refers to gpio.o(i.GPIOPadConfigSet) for GPIOPadConfigSet
    gpio.o(i.GPIOPinTypeDIVSCLK) refers to gpio.o(i.GPIODirModeSet) for GPIODirModeSet
    gpio.o(i.GPIOPinTypeDIVSCLK) refers to gpio.o(i.GPIOPadConfigSet) for GPIOPadConfigSet
    gpio.o(i.GPIOPinTypeEPI) refers to gpio.o(i.GPIODirModeSet) for GPIODirModeSet
    gpio.o(i.GPIOPinTypeEPI) refers to gpio.o(i.GPIOPadConfigSet) for GPIOPadConfigSet
    gpio.o(i.GPIOPinTypeEthernetLED) refers to gpio.o(i.GPIODirModeSet) for GPIODirModeSet
    gpio.o(i.GPIOPinTypeEthernetLED) refers to gpio.o(i.GPIOPadConfigSet) for GPIOPadConfigSet
    gpio.o(i.GPIOPinTypeEthernetMII) refers to gpio.o(i.GPIODirModeSet) for GPIODirModeSet
    gpio.o(i.GPIOPinTypeEthernetMII) refers to gpio.o(i.GPIOPadConfigSet) for GPIOPadConfigSet
    gpio.o(i.GPIOPinTypeGPIOInput) refers to gpio.o(i.GPIODirModeSet) for GPIODirModeSet
    gpio.o(i.GPIOPinTypeGPIOInput) refers to gpio.o(i.GPIOPadConfigSet) for GPIOPadConfigSet
    gpio.o(i.GPIOPinTypeGPIOOutput) refers to gpio.o(i.GPIOPadConfigSet) for GPIOPadConfigSet
    gpio.o(i.GPIOPinTypeGPIOOutput) refers to gpio.o(i.GPIODirModeSet) for GPIODirModeSet
    gpio.o(i.GPIOPinTypeGPIOOutputOD) refers to gpio.o(i.GPIOPadConfigSet) for GPIOPadConfigSet
    gpio.o(i.GPIOPinTypeGPIOOutputOD) refers to gpio.o(i.GPIODirModeSet) for GPIODirModeSet
    gpio.o(i.GPIOPinTypeHibernateRTCCLK) refers to gpio.o(i.GPIODirModeSet) for GPIODirModeSet
    gpio.o(i.GPIOPinTypeHibernateRTCCLK) refers to gpio.o(i.GPIOPadConfigSet) for GPIOPadConfigSet
    gpio.o(i.GPIOPinTypeI2C) refers to gpio.o(i.GPIODirModeSet) for GPIODirModeSet
    gpio.o(i.GPIOPinTypeI2C) refers to gpio.o(i.GPIOPadConfigSet) for GPIOPadConfigSet
    gpio.o(i.GPIOPinTypeI2CSCL) refers to gpio.o(i.GPIODirModeSet) for GPIODirModeSet
    gpio.o(i.GPIOPinTypeI2CSCL) refers to gpio.o(i.GPIOPadConfigSet) for GPIOPadConfigSet
    gpio.o(i.GPIOPinTypeLCD) refers to gpio.o(i.GPIODirModeSet) for GPIODirModeSet
    gpio.o(i.GPIOPinTypeLCD) refers to gpio.o(i.GPIOPadConfigSet) for GPIOPadConfigSet
    gpio.o(i.GPIOPinTypeOneWire) refers to gpio.o(i.GPIODirModeSet) for GPIODirModeSet
    gpio.o(i.GPIOPinTypeOneWire) refers to gpio.o(i.GPIOPadConfigSet) for GPIOPadConfigSet
    gpio.o(i.GPIOPinTypePWM) refers to gpio.o(i.GPIODirModeSet) for GPIODirModeSet
    gpio.o(i.GPIOPinTypePWM) refers to gpio.o(i.GPIOPadConfigSet) for GPIOPadConfigSet
    gpio.o(i.GPIOPinTypeQEI) refers to gpio.o(i.GPIODirModeSet) for GPIODirModeSet
    gpio.o(i.GPIOPinTypeQEI) refers to gpio.o(i.GPIOPadConfigSet) for GPIOPadConfigSet
    gpio.o(i.GPIOPinTypeSSI) refers to gpio.o(i.GPIODirModeSet) for GPIODirModeSet
    gpio.o(i.GPIOPinTypeSSI) refers to gpio.o(i.GPIOPadConfigSet) for GPIOPadConfigSet
    gpio.o(i.GPIOPinTypeTimer) refers to gpio.o(i.GPIODirModeSet) for GPIODirModeSet
    gpio.o(i.GPIOPinTypeTimer) refers to gpio.o(i.GPIOPadConfigSet) for GPIOPadConfigSet
    gpio.o(i.GPIOPinTypeTrace) refers to gpio.o(i.GPIODirModeSet) for GPIODirModeSet
    gpio.o(i.GPIOPinTypeTrace) refers to gpio.o(i.GPIOPadConfigSet) for GPIOPadConfigSet
    gpio.o(i.GPIOPinTypeUART) refers to gpio.o(i.GPIODirModeSet) for GPIODirModeSet
    gpio.o(i.GPIOPinTypeUART) refers to gpio.o(i.GPIOPadConfigSet) for GPIOPadConfigSet
    gpio.o(i.GPIOPinTypeUSBAnalog) refers to gpio.o(i.GPIODirModeSet) for GPIODirModeSet
    gpio.o(i.GPIOPinTypeUSBAnalog) refers to gpio.o(i.GPIOPadConfigSet) for GPIOPadConfigSet
    gpio.o(i.GPIOPinTypeUSBDigital) refers to gpio.o(i.GPIODirModeSet) for GPIODirModeSet
    gpio.o(i.GPIOPinTypeUSBDigital) refers to gpio.o(i.GPIOPadConfigSet) for GPIOPadConfigSet
    gpio.o(i.GPIOPinTypeWakeHigh) refers to gpio.o(i.GPIODirModeSet) for GPIODirModeSet
    gpio.o(i.GPIOPinTypeWakeHigh) refers to gpio.o(i.GPIOPadConfigSet) for GPIOPadConfigSet
    gpio.o(i.GPIOPinTypeWakeLow) refers to gpio.o(i.GPIODirModeSet) for GPIODirModeSet
    gpio.o(i.GPIOPinTypeWakeLow) refers to gpio.o(i.GPIOPadConfigSet) for GPIOPadConfigSet
    gpio.o(i._GPIOIntNumberGet) refers to gpio.o(.constdata) for .constdata
    sysctl.o(i.SysCtlClockFreqSet) refers to sysctl.o(.constdata) for .constdata
    sysctl.o(i.SysCtlClockGet) refers to sysctl.o(.constdata) for .constdata
    sysctl.o(i.SysCtlClockSet) refers to sysctl.o(.emb_text) for SysCtlDelay
    sysctl.o(i.SysCtlDeepSleep) refers to cpu.o(.emb_text) for CPUwfi
    sysctl.o(i.SysCtlIntRegister) refers to interrupt.o(i.IntRegister) for IntRegister
    sysctl.o(i.SysCtlIntRegister) refers to interrupt.o(i.IntEnable) for IntEnable
    sysctl.o(i.SysCtlIntUnregister) refers to interrupt.o(i.IntDisable) for IntDisable
    sysctl.o(i.SysCtlIntUnregister) refers to interrupt.o(i.IntUnregister) for IntUnregister
    sysctl.o(i.SysCtlSleep) refers to cpu.o(.emb_text) for CPUwfi
    sysctl.o(i.SysCtlVCOGet) refers to sysctl.o(.constdata) for .constdata
    systick.o(i.SysTickIntRegister) refers to interrupt.o(i.IntRegister) for IntRegister
    systick.o(i.SysTickIntUnregister) refers to interrupt.o(i.IntUnregister) for IntUnregister
    uart.o(i.UARTIntRegister) refers to interrupt.o(i.IntRegister) for IntRegister
    uart.o(i.UARTIntRegister) refers to interrupt.o(i.IntEnable) for IntEnable
    uart.o(i.UARTIntRegister) refers to uart.o(.constdata) for .constdata
    uart.o(i.UARTIntUnregister) refers to interrupt.o(i.IntDisable) for IntDisable
    uart.o(i.UARTIntUnregister) refers to interrupt.o(i.IntUnregister) for IntUnregister
    uart.o(i.UARTIntUnregister) refers to uart.o(.constdata) for .constdata
    interrupt.o(i.IntDisable) refers to interrupt.o(.constdata) for .constdata
    interrupt.o(i.IntEnable) refers to interrupt.o(.constdata) for .constdata
    interrupt.o(i.IntIsEnabled) refers to interrupt.o(.constdata) for .constdata
    interrupt.o(i.IntMasterDisable) refers to cpu.o(.emb_text) for CPUcpsid
    interrupt.o(i.IntMasterEnable) refers to cpu.o(.emb_text) for CPUcpsie
    interrupt.o(i.IntPendClear) refers to interrupt.o(.constdata) for .constdata
    interrupt.o(i.IntPendSet) refers to interrupt.o(.constdata) for .constdata
    interrupt.o(i.IntPriorityGet) refers to interrupt.o(.constdata) for .constdata
    interrupt.o(i.IntPriorityGroupingGet) refers to interrupt.o(.constdata) for .constdata
    interrupt.o(i.IntPriorityGroupingSet) refers to interrupt.o(.constdata) for .constdata
    interrupt.o(i.IntPriorityMaskGet) refers to cpu.o(.emb_text) for CPUbasepriGet
    interrupt.o(i.IntPriorityMaskSet) refers to cpu.o(.emb_text) for CPUbasepriSet
    interrupt.o(i.IntPrioritySet) refers to interrupt.o(.constdata) for .constdata
    interrupt.o(i.IntRegister) refers to interrupt.o(vtable) for vtable
    interrupt.o(i.IntUnregister) refers to interrupt.o(i._IntDefaultHandler) for _IntDefaultHandler
    interrupt.o(i.IntUnregister) refers to interrupt.o(vtable) for vtable
    entry.o(.ARM.Collect$$$$00000000) refers (Special) to entry10a.o(.ARM.Collect$$$$0000000F) for __rt_final_cpp
    entry.o(.ARM.Collect$$$$00000000) refers (Special) to entry11a.o(.ARM.Collect$$$$00000011) for __rt_final_exit
    entry.o(.ARM.Collect$$$$00000000) refers (Special) to entry12b.o(.ARM.Collect$$$$0000000E) for __rt_lib_shutdown_fini
    entry.o(.ARM.Collect$$$$00000000) refers (Special) to entry7b.o(.ARM.Collect$$$$00000008) for _main_clock
    entry.o(.ARM.Collect$$$$00000000) refers (Special) to entry8b.o(.ARM.Collect$$$$0000000A) for _main_cpp_init
    entry.o(.ARM.Collect$$$$00000000) refers (Special) to entry9a.o(.ARM.Collect$$$$0000000B) for _main_init
    entry.o(.ARM.Collect$$$$00000000) refers (Special) to entry5.o(.ARM.Collect$$$$00000004) for _main_scatterload
    entry.o(.ARM.Collect$$$$00000000) refers (Special) to entry2.o(.ARM.Collect$$$$00000001) for _main_stk
    entry2.o(.ARM.Collect$$$$00000001) refers to entry2.o(.ARM.Collect$$$$00002712) for __lit__00000000
    entry2.o(.ARM.Collect$$$$00002712) refers to startup_rvmdk.o(STACK) for __initial_sp
    entry2.o(__vectab_stack_and_reset_area) refers to startup_rvmdk.o(STACK) for __initial_sp
    entry2.o(__vectab_stack_and_reset_area) refers to entry.o(.ARM.Collect$$$$00000000) for __main
    entry5.o(.ARM.Collect$$$$00000004) refers to init.o(.text) for __scatterload
    entry9a.o(.ARM.Collect$$$$0000000B) refers to main.o(i.main) for main
    entry9b.o(.ARM.Collect$$$$0000000C) refers to main.o(i.main) for main
    init.o(.text) refers to entry5.o(.ARM.Collect$$$$00000004) for __main_after_scatterload


==============================================================================

Removing Unused input sections from the image.

    Removing startup_rvmdk.o(HEAP), (0 bytes).
    Removing startup_rvmdk.o(.text), (0 bytes).
    Removing gpio.o(i.GPIOADCTriggerDisable), (14 bytes).
    Removing gpio.o(i.GPIOADCTriggerEnable), (12 bytes).
    Removing gpio.o(i.GPIODMATriggerDisable), (14 bytes).
    Removing gpio.o(i.GPIODMATriggerEnable), (12 bytes).
    Removing gpio.o(i.GPIODirModeGet), (34 bytes).
    Removing gpio.o(i.GPIOIntClear), (6 bytes).
    Removing gpio.o(i.GPIOIntDisable), (14 bytes).
    Removing gpio.o(i.GPIOIntEnable), (12 bytes).
    Removing gpio.o(i.GPIOIntRegister), (26 bytes).
    Removing gpio.o(i.GPIOIntRegisterPin), (30 bytes).
    Removing gpio.o(i.GPIOIntStatus), (14 bytes).
    Removing gpio.o(i.GPIOIntTypeGet), (70 bytes).
    Removing gpio.o(i.GPIOIntTypeSet), (80 bytes).
    Removing gpio.o(i.GPIOIntUnregister), (22 bytes).
    Removing gpio.o(i.GPIOIntUnregisterPin), (26 bytes).
    Removing gpio.o(i.GPIOPadConfigGet), (248 bytes).
    Removing gpio.o(i.GPIOPinRead), (6 bytes).
    Removing gpio.o(i.GPIOPinTypeADC), (28 bytes).
    Removing gpio.o(i.GPIOPinTypeCAN), (28 bytes).
    Removing gpio.o(i.GPIOPinTypeComparator), (28 bytes).
    Removing gpio.o(i.GPIOPinTypeComparatorOutput), (28 bytes).
    Removing gpio.o(i.GPIOPinTypeDIVSCLK), (28 bytes).
    Removing gpio.o(i.GPIOPinTypeEPI), (28 bytes).
    Removing gpio.o(i.GPIOPinTypeEthernetLED), (28 bytes).
    Removing gpio.o(i.GPIOPinTypeEthernetMII), (28 bytes).
    Removing gpio.o(i.GPIOPinTypeGPIOInput), (28 bytes).
    Removing gpio.o(i.GPIOPinTypeGPIOOutputOD), (28 bytes).
    Removing gpio.o(i.GPIOPinTypeHibernateRTCCLK), (28 bytes).
    Removing gpio.o(i.GPIOPinTypeI2C), (28 bytes).
    Removing gpio.o(i.GPIOPinTypeI2CSCL), (28 bytes).
    Removing gpio.o(i.GPIOPinTypeLCD), (28 bytes).
    Removing gpio.o(i.GPIOPinTypeOneWire), (28 bytes).
    Removing gpio.o(i.GPIOPinTypePWM), (28 bytes).
    Removing gpio.o(i.GPIOPinTypeQEI), (28 bytes).
    Removing gpio.o(i.GPIOPinTypeSSI), (28 bytes).
    Removing gpio.o(i.GPIOPinTypeTimer), (28 bytes).
    Removing gpio.o(i.GPIOPinTypeTrace), (28 bytes).
    Removing gpio.o(i.GPIOPinTypeUSBAnalog), (28 bytes).
    Removing gpio.o(i.GPIOPinTypeUSBDigital), (28 bytes).
    Removing gpio.o(i.GPIOPinTypeWakeHigh), (30 bytes).
    Removing gpio.o(i.GPIOPinTypeWakeLow), (30 bytes).
    Removing gpio.o(i.GPIOPinWakeStatus), (6 bytes).
    Removing gpio.o(i.GPIOUnlockPin), (24 bytes).
    Removing gpio.o(i._GPIOIntNumberGet), (80 bytes).
    Removing sysctl.o(.emb_text), (6 bytes).
    Removing sysctl.o(i.SysCtlAltClkConfig), (12 bytes).
    Removing sysctl.o(i.SysCtlClockGet), (340 bytes).
    Removing sysctl.o(i.SysCtlClockOutConfig), (20 bytes).
    Removing sysctl.o(i.SysCtlClockSet), (288 bytes).
    Removing sysctl.o(i.SysCtlDeepSleep), (32 bytes).
    Removing sysctl.o(i.SysCtlDeepSleepClockConfigSet), (112 bytes).
    Removing sysctl.o(i.SysCtlDeepSleepClockSet), (12 bytes).
    Removing sysctl.o(i.SysCtlDeepSleepPowerSet), (12 bytes).
    Removing sysctl.o(i.SysCtlFlashSectorSizeGet), (56 bytes).
    Removing sysctl.o(i.SysCtlFlashSizeGet), (56 bytes).
    Removing sysctl.o(i.SysCtlGPIOAHBDisable), (28 bytes).
    Removing sysctl.o(i.SysCtlGPIOAHBEnable), (24 bytes).
    Removing sysctl.o(i.SysCtlIntClear), (12 bytes).
    Removing sysctl.o(i.SysCtlIntDisable), (16 bytes).
    Removing sysctl.o(i.SysCtlIntEnable), (16 bytes).
    Removing sysctl.o(i.SysCtlIntRegister), (20 bytes).
    Removing sysctl.o(i.SysCtlIntStatus), (16 bytes).
    Removing sysctl.o(i.SysCtlIntUnregister), (18 bytes).
    Removing sysctl.o(i.SysCtlLDODeepSleepGet), (12 bytes).
    Removing sysctl.o(i.SysCtlLDODeepSleepSet), (12 bytes).
    Removing sysctl.o(i.SysCtlLDOSleepGet), (12 bytes).
    Removing sysctl.o(i.SysCtlLDOSleepSet), (12 bytes).
    Removing sysctl.o(i.SysCtlMOSCConfigSet), (12 bytes).
    Removing sysctl.o(i.SysCtlNMIClear), (16 bytes).
    Removing sysctl.o(i.SysCtlNMIStatus), (12 bytes).
    Removing sysctl.o(i.SysCtlPIOSCCalibrate), (76 bytes).
    Removing sysctl.o(i.SysCtlPWMClockGet), (24 bytes).
    Removing sysctl.o(i.SysCtlPWMClockSet), (20 bytes).
    Removing sysctl.o(i.SysCtlPeripheralClockGating), (68 bytes).
    Removing sysctl.o(i.SysCtlPeripheralDeepSleepDisable), (40 bytes).
    Removing sysctl.o(i.SysCtlPeripheralDeepSleepEnable), (40 bytes).
    Removing sysctl.o(i.SysCtlPeripheralDisable), (40 bytes).
    Removing sysctl.o(i.SysCtlPeripheralPowerOff), (40 bytes).
    Removing sysctl.o(i.SysCtlPeripheralPowerOn), (40 bytes).
    Removing sysctl.o(i.SysCtlPeripheralPresent), (44 bytes).
    Removing sysctl.o(i.SysCtlPeripheralReset), (60 bytes).
    Removing sysctl.o(i.SysCtlPeripheralSleepDisable), (40 bytes).
    Removing sysctl.o(i.SysCtlPeripheralSleepEnable), (40 bytes).
    Removing sysctl.o(i.SysCtlReset), (16 bytes).
    Removing sysctl.o(i.SysCtlResetBehaviorGet), (12 bytes).
    Removing sysctl.o(i.SysCtlResetBehaviorSet), (12 bytes).
    Removing sysctl.o(i.SysCtlResetCauseClear), (16 bytes).
    Removing sysctl.o(i.SysCtlResetCauseGet), (12 bytes).
    Removing sysctl.o(i.SysCtlSRAMSizeGet), (16 bytes).
    Removing sysctl.o(i.SysCtlSleep), (4 bytes).
    Removing sysctl.o(i.SysCtlSleepPowerSet), (12 bytes).
    Removing sysctl.o(i.SysCtlUSBPLLDisable), (16 bytes).
    Removing sysctl.o(i.SysCtlUSBPLLEnable), (16 bytes).
    Removing sysctl.o(i.SysCtlVCOGet), (120 bytes).
    Removing sysctl.o(i.SysCtlVoltageEventClear), (16 bytes).
    Removing sysctl.o(i.SysCtlVoltageEventConfig), (12 bytes).
    Removing sysctl.o(i.SysCtlVoltageEventStatus), (12 bytes).
    Removing systick.o(i.SysTickIntDisable), (14 bytes).
    Removing systick.o(i.SysTickIntUnregister), (18 bytes).
    Removing systick.o(i.SysTickPeriodGet), (10 bytes).
    Removing systick.o(i.SysTickValueGet), (8 bytes).
    Removing uart.o(i.UART9BitAddrSend), (38 bytes).
    Removing uart.o(i.UART9BitAddrSet), (10 bytes).
    Removing uart.o(i.UART9BitDisable), (14 bytes).
    Removing uart.o(i.UART9BitEnable), (14 bytes).
    Removing uart.o(i.UARTBreakCtl), (18 bytes).
    Removing uart.o(i.UARTBusy), (8 bytes).
    Removing uart.o(i.UARTCharGet), (12 bytes).
    Removing uart.o(i.UARTCharPutNonBlocking), (16 bytes).
    Removing uart.o(i.UARTClockSourceGet), (6 bytes).
    Removing uart.o(i.UARTClockSourceSet), (6 bytes).
    Removing uart.o(i.UARTConfigGetExpClk), (46 bytes).
    Removing uart.o(i.UARTDMADisable), (10 bytes).
    Removing uart.o(i.UARTDMAEnable), (8 bytes).
    Removing uart.o(i.UARTDisable), (30 bytes).
    Removing uart.o(i.UARTDisableSIR), (10 bytes).
    Removing uart.o(i.UARTEnable), (20 bytes).
    Removing uart.o(i.UARTEnableSIR), (18 bytes).
    Removing uart.o(i.UARTFIFOEnable), (10 bytes).
    Removing uart.o(i.UARTFIFOLevelGet), (16 bytes).
    Removing uart.o(i.UARTFIFOLevelSet), (6 bytes).
    Removing uart.o(i.UARTFlowControlGet), (8 bytes).
    Removing uart.o(i.UARTFlowControlSet), (12 bytes).
    Removing uart.o(i.UARTIntDisable), (10 bytes).
    Removing uart.o(i.UARTIntUnregister), (88 bytes).
    Removing uart.o(i.UARTLoopbackEnable), (10 bytes).
    Removing uart.o(i.UARTModemControlClear), (14 bytes).
    Removing uart.o(i.UARTModemControlGet), (8 bytes).
    Removing uart.o(i.UARTModemControlSet), (12 bytes).
    Removing uart.o(i.UARTModemStatusGet), (10 bytes).
    Removing uart.o(i.UARTParityModeGet), (8 bytes).
    Removing uart.o(i.UARTParityModeSet), (12 bytes).
    Removing uart.o(i.UARTRxErrorClear), (6 bytes).
    Removing uart.o(i.UARTRxErrorGet), (8 bytes).
    Removing uart.o(i.UARTSmartCardDisable), (10 bytes).
    Removing uart.o(i.UARTSmartCardEnable), (22 bytes).
    Removing uart.o(i.UARTSpaceAvail), (10 bytes).
    Removing uart.o(i.UARTTxIntModeGet), (8 bytes).
    Removing uart.o(i.UARTTxIntModeSet), (12 bytes).
    Removing cpu.o(.emb_text), (38 bytes).
    Removing interrupt.o(i.IntDisable), (100 bytes).
    Removing interrupt.o(i.IntIsEnabled), (96 bytes).
    Removing interrupt.o(i.IntMasterDisable), (14 bytes).
    Removing interrupt.o(i.IntMasterEnable), (14 bytes).
    Removing interrupt.o(i.IntPendClear), (68 bytes).
    Removing interrupt.o(i.IntPendSet), (84 bytes).
    Removing interrupt.o(i.IntPriorityGet), (28 bytes).
    Removing interrupt.o(i.IntPriorityGroupingGet), (36 bytes).
    Removing interrupt.o(i.IntPriorityGroupingSet), (28 bytes).
    Removing interrupt.o(i.IntPriorityMaskGet), (4 bytes).
    Removing interrupt.o(i.IntPriorityMaskSet), (4 bytes).
    Removing interrupt.o(i.IntPrioritySet), (40 bytes).
    Removing interrupt.o(i.IntTrigger), (12 bytes).
    Removing interrupt.o(i.IntUnregister), (20 bytes).
    Removing interrupt.o(i._IntDefaultHandler), (2 bytes).

157 unused section(s) (total 4696 bytes) removed from the image.

==============================================================================

Image Symbol Table

    Local Symbols

    Symbol Name                              Value     Ov Type        Size  Object(Section)

    RESET                                    0x00000000   Section      540  startup_rvmdk.o(RESET)
    ../clib/../cmprslib/zerorunl.c           0x00000000   Number         0  __dczerorl.o ABSOLUTE
    ../clib/microlib/init/entry.s            0x00000000   Number         0  entry7b.o ABSOLUTE
    ../clib/microlib/init/entry.s            0x00000000   Number         0  entry12b.o ABSOLUTE
    ../clib/microlib/init/entry.s            0x00000000   Number         0  entry7a.o ABSOLUTE
    ../clib/microlib/init/entry.s            0x00000000   Number         0  entry2.o ABSOLUTE
    ../clib/microlib/init/entry.s            0x00000000   Number         0  entry5.o ABSOLUTE
    ../clib/microlib/init/entry.s            0x00000000   Number         0  entry12a.o ABSOLUTE
    ../clib/microlib/init/entry.s            0x00000000   Number         0  entry11b.o ABSOLUTE
    ../clib/microlib/init/entry.s            0x00000000   Number         0  entry.o ABSOLUTE
    ../clib/microlib/init/entry.s            0x00000000   Number         0  entry11a.o ABSOLUTE
    ../clib/microlib/init/entry.s            0x00000000   Number         0  entry10a.o ABSOLUTE
    ../clib/microlib/init/entry.s            0x00000000   Number         0  entry9b.o ABSOLUTE
    ../clib/microlib/init/entry.s            0x00000000   Number         0  entry9a.o ABSOLUTE
    ../clib/microlib/init/entry.s            0x00000000   Number         0  entry10b.o ABSOLUTE
    ../clib/microlib/init/entry.s            0x00000000   Number         0  entry8b.o ABSOLUTE
    ../clib/microlib/init/entry.s            0x00000000   Number         0  entry8a.o ABSOLUTE
    cpu.c                                    0x00000000   Number         0  cpu.o ABSOLUTE
    cpu.c                                    0x00000000   Number         0  cpu.o ABSOLUTE
    dc.s                                     0x00000000   Number         0  dc.o ABSOLUTE
    gpio.c                                   0x00000000   Number         0  gpio.o ABSOLUTE
    handlers.s                               0x00000000   Number         0  handlers.o ABSOLUTE
    init.s                                   0x00000000   Number         0  init.o ABSOLUTE
    interrupt.c                              0x00000000   Number         0  interrupt.o ABSOLUTE
    main.c                                   0x00000000   Number         0  main.o ABSOLUTE
    relay_functions.c                        0x00000000   Number         0  relay_functions.o ABSOLUTE
    startup_rvmdk.S                          0x00000000   Number         0  startup_rvmdk.o ABSOLUTE
    sysctl.c                                 0x00000000   Number         0  sysctl.o ABSOLUTE
    sysctl.c                                 0x00000000   Number         0  sysctl.o ABSOLUTE
    systick.c                                0x00000000   Number         0  systick.o ABSOLUTE
    uart.c                                   0x00000000   Number         0  uart.o ABSOLUTE
    uart_functions.c                         0x00000000   Number         0  uart_functions.o ABSOLUTE
    $v0                                      0x00000200   Number         0  startup_rvmdk.o(RESET)
    NmiSR                                    0x00000215   Thumb Code     0  startup_rvmdk.o(RESET)
    FaultISR                                 0x00000217   Thumb Code     0  startup_rvmdk.o(RESET)
    IntDefaultHandler                        0x00000219   Thumb Code     0  startup_rvmdk.o(RESET)
    .ARM.Collect$$$$00000000                 0x0000021c   Section        0  entry.o(.ARM.Collect$$$$00000000)
    .ARM.Collect$$$$00000001                 0x0000021c   Section        4  entry2.o(.ARM.Collect$$$$00000001)
    .ARM.Collect$$$$00000004                 0x00000220   Section        4  entry5.o(.ARM.Collect$$$$00000004)
    .ARM.Collect$$$$00000008                 0x00000224   Section        0  entry7b.o(.ARM.Collect$$$$00000008)
    .ARM.Collect$$$$0000000A                 0x00000224   Section        0  entry8b.o(.ARM.Collect$$$$0000000A)
    .ARM.Collect$$$$0000000B                 0x00000224   Section        8  entry9a.o(.ARM.Collect$$$$0000000B)
    .ARM.Collect$$$$0000000E                 0x0000022c   Section        4  entry12b.o(.ARM.Collect$$$$0000000E)
    .ARM.Collect$$$$0000000F                 0x00000230   Section        0  entry10a.o(.ARM.Collect$$$$0000000F)
    .ARM.Collect$$$$00000011                 0x00000230   Section        0  entry11a.o(.ARM.Collect$$$$00000011)
    .ARM.Collect$$$$00002712                 0x00000230   Section        4  entry2.o(.ARM.Collect$$$$00002712)
    __lit__00000000                          0x00000230   Data           4  entry2.o(.ARM.Collect$$$$00002712)
    .text                                    0x00000234   Section       36  init.o(.text)
    .text                                    0x00000258   Section        0  __dczerorl.o(.text)
    i.AnsOneRele                             0x00000294   Section        0  relay_functions.o(i.AnsOneRele)
    i.AnsStatus                              0x0000034c   Section        0  relay_functions.o(i.AnsStatus)
    i.GPIODirModeSet                         0x000003ac   Section        0  gpio.o(i.GPIODirModeSet)
    i.GPIOPadConfigSet                       0x000003d4   Section        0  gpio.o(i.GPIOPadConfigSet)
    i.GPIOPinConfigure                       0x00000544   Section        0  gpio.o(i.GPIOPinConfigure)
    i.GPIOPinTypeGPIOOutput                  0x00000588   Section        0  gpio.o(i.GPIOPinTypeGPIOOutput)
    i.GPIOPinTypeUART                        0x000005a4   Section        0  gpio.o(i.GPIOPinTypeUART)
    i.GPIOPinWrite                           0x000005c0   Section        0  gpio.o(i.GPIOPinWrite)
    i.IntEnable                              0x000005c8   Section        0  interrupt.o(i.IntEnable)
    i.IntRegister                            0x0000062c   Section        0  interrupt.o(i.IntRegister)
    i.PortF_setup                            0x00000660   Section        0  main.o(i.PortF_setup)
    i.PortN_setup                            0x00000688   Section        0  main.o(i.PortN_setup)
    i.SetupSystick                           0x000006b0   Section        0  main.o(i.SetupSystick)
    i.SetupUart                              0x000006e0   Section        0  main.o(i.SetupUart)
    i.SysCtlClockFreqSet                     0x0000075c   Section        0  sysctl.o(i.SysCtlClockFreqSet)
    i.SysCtlPeripheralEnable                 0x00000a40   Section        0  sysctl.o(i.SysCtlPeripheralEnable)
    i.SysCtlPeripheralReady                  0x00000a68   Section        0  sysctl.o(i.SysCtlPeripheralReady)
    i.SysTickDisable                         0x00000a94   Section        0  systick.o(i.SysTickDisable)
    i.SysTickEnable                          0x00000aa2   Section        0  systick.o(i.SysTickEnable)
    i.SysTickIntEnable                       0x00000ab0   Section        0  systick.o(i.SysTickIntEnable)
    i.SysTickIntHandler                      0x00000ac0   Section        0  main.o(i.SysTickIntHandler)
    i.SysTickIntRegister                     0x00000ad0   Section        0  systick.o(i.SysTickIntRegister)
    i.SysTickPeriodSet                       0x00000ae8   Section        0  systick.o(i.SysTickPeriodSet)
    i.UARTCharGetNonBlocking                 0x00000af2   Section        0  uart.o(i.UARTCharGetNonBlocking)
    i.UARTCharPut                            0x00000b02   Section        0  uart.o(i.UARTCharPut)
    i.UARTCharsAvail                         0x00000b0e   Section        0  uart.o(i.UARTCharsAvail)
    i.UARTConfigSetExpClk                    0x00000b18   Section        0  uart.o(i.UARTConfigSetExpClk)
    i.UARTFIFODisable                        0x00000b86   Section        0  uart.o(i.UARTFIFODisable)
    i.UARTIntClear                           0x00000b90   Section        0  uart.o(i.UARTIntClear)
    i.UARTIntEnable                          0x00000b94   Section        0  uart.o(i.UARTIntEnable)
    i.UARTIntRegister                        0x00000b9c   Section        0  uart.o(i.UARTIntRegister)
    i.UARTIntStatus                          0x00000bf4   Section        0  uart.o(i.UARTIntStatus)
    i.UARTStringReceive                      0x00000c00   Section        0  uart_functions.o(i.UARTStringReceive)
    i.UARTStringSend                         0x00000c20   Section        0  uart_functions.o(i.UARTStringSend)
    i.UART_Interruption_Handler              0x00000c40   Section        0  main.o(i.UART_Interruption_Handler)
    i.__scatterload_copy                     0x00000c80   Section       14  handlers.o(i.__scatterload_copy)
    i.__scatterload_null                     0x00000c8e   Section        2  handlers.o(i.__scatterload_null)
    i.__scatterload_zeroinit                 0x00000c90   Section       14  handlers.o(i.__scatterload_zeroinit)
    i.executaComando                         0x00000ca0   Section        0  relay_functions.o(i.executaComando)
    i.main                                   0x00000e30   Section        0  main.o(i.main)
    .constdata                               0x00000e8c   Section      552  gpio.o(.constdata)
    g_ppui32GPIOIntMapBlizzard               0x00000e8c   Data         192  gpio.o(.constdata)
    g_ppui32GPIOIntMapSnowflake              0x00000f4c   Data         216  gpio.o(.constdata)
    g_pui32GPIOBaseAddrs                     0x00001024   Data         144  gpio.o(.constdata)
    .constdata                               0x000010b4   Section      596  sysctl.o(.constdata)
    g_pui32VCOFrequencies                    0x000010b4   Data           8  sysctl.o(.constdata)
    g_pui32Xtals                             0x000010bc   Data         108  sysctl.o(.constdata)
    g_pppui32XTALtoVCO                       0x00001128   Data         432  sysctl.o(.constdata)
    g_sXTALtoMEMTIM                          0x000012d8   Data          48  sysctl.o(.constdata)
    .constdata                               0x00001308   Section      128  uart.o(.constdata)
    g_ppui32UARTIntMap                       0x00001308   Data          64  uart.o(.constdata)
    g_ppui32UARTIntMapSnowflake              0x00001348   Data          64  uart.o(.constdata)
    .constdata                               0x00001388   Section      268  interrupt.o(.constdata)
    g_pui32Priority                          0x00001388   Data          32  interrupt.o(.constdata)
    g_pui32Regs                              0x000013a8   Data         156  interrupt.o(.constdata)
    g_pui32EnRegs                            0x00001444   Data          20  interrupt.o(.constdata)
    g_pui32Dii16Regs                         0x00001458   Data          20  interrupt.o(.constdata)
    g_pui32PendRegs                          0x0000146c   Data          20  interrupt.o(.constdata)
    g_pui32UnpendRegs                        0x00001480   Data          20  interrupt.o(.constdata)
    .data                                    0x20000000   Section       16  main.o(.data)
    SysTicks1ms                              0x20000000   Data           4  main.o(.data)
    vtable                                   0x20000400   Section      620  interrupt.o(vtable)
    g_pfnRAMVectors                          0x20000400   Data         620  interrupt.o(vtable)
    STACK                                    0x20000670   Section      512  startup_rvmdk.o(STACK)
    StackMem                                 0x20000670   Data           0  startup_rvmdk.o(STACK)

    Global Symbols

    Symbol Name                              Value     Ov Type        Size  Object(Section)

    BuildAttributes$$THM_ISAv4$E$P$D$K$B$S$7EM$VFPi3$EXTD16$VFPS$VFMA$PE$A:L22UL41UL21$X:L11$S22US41US21$IEEE1$IW$USESV6$~STKCKD$USESV7$~SHL$OTIME$EBA8$MICROLIB$REQ8$PRES8$EABIv2 0x00000000   Number         0  anon$$obj.o ABSOLUTE
    __ARM_use_no_argv                        0x00000000   Number         0  main.o ABSOLUTE
    __Vectors                                0x00000000   Data           0  startup_rvmdk.o(RESET)
    __arm_fini_                               - Undefined Weak Reference
    __cpp_initialize__aeabi_                  - Undefined Weak Reference
    __cxa_finalize                            - Undefined Weak Reference
    _clock_init                               - Undefined Weak Reference
    _microlib_exit                            - Undefined Weak Reference
    Reset_Handler                            0x00000201   Thumb Code     0  startup_rvmdk.o(RESET)
    __main                                   0x0000021d   Thumb Code     0  entry.o(.ARM.Collect$$$$00000000)
    _main_stk                                0x0000021d   Thumb Code     0  entry2.o(.ARM.Collect$$$$00000001)
    _main_scatterload                        0x00000221   Thumb Code     0  entry5.o(.ARM.Collect$$$$00000004)
    __main_after_scatterload                 0x00000225   Thumb Code     0  entry5.o(.ARM.Collect$$$$00000004)
    _main_clock                              0x00000225   Thumb Code     0  entry7b.o(.ARM.Collect$$$$00000008)
    _main_cpp_init                           0x00000225   Thumb Code     0  entry8b.o(.ARM.Collect$$$$0000000A)
    _main_init                               0x00000225   Thumb Code     0  entry9a.o(.ARM.Collect$$$$0000000B)
    __rt_lib_shutdown_fini                   0x0000022d   Thumb Code     0  entry12b.o(.ARM.Collect$$$$0000000E)
    __rt_final_cpp                           0x00000231   Thumb Code     0  entry10a.o(.ARM.Collect$$$$0000000F)
    __rt_final_exit                          0x00000231   Thumb Code     0  entry11a.o(.ARM.Collect$$$$00000011)
    __scatterload                            0x00000235   Thumb Code    28  init.o(.text)
    __scatterload_rt2                        0x00000235   Thumb Code     0  init.o(.text)
    __decompress                             0x00000259   Thumb Code     0  __dczerorl.o(.text)
    __decompress0                            0x00000259   Thumb Code    58  __dczerorl.o(.text)
    AnsOneRele                               0x00000295   Thumb Code   118  relay_functions.o(i.AnsOneRele)
    AnsStatus                                0x0000034d   Thumb Code    90  relay_functions.o(i.AnsStatus)
    GPIODirModeSet                           0x000003ad   Thumb Code    40  gpio.o(i.GPIODirModeSet)
    GPIOPadConfigSet                         0x000003d5   Thumb Code   354  gpio.o(i.GPIOPadConfigSet)
    GPIOPinConfigure                         0x00000545   Thumb Code    60  gpio.o(i.GPIOPinConfigure)
    GPIOPinTypeGPIOOutput                    0x00000589   Thumb Code    28  gpio.o(i.GPIOPinTypeGPIOOutput)
    GPIOPinTypeUART                          0x000005a5   Thumb Code    28  gpio.o(i.GPIOPinTypeUART)
    GPIOPinWrite                             0x000005c1   Thumb Code     6  gpio.o(i.GPIOPinWrite)
    IntEnable                                0x000005c9   Thumb Code    92  interrupt.o(i.IntEnable)
    IntRegister                              0x0000062d   Thumb Code    44  interrupt.o(i.IntRegister)
    PortF_setup                              0x00000661   Thumb Code    30  main.o(i.PortF_setup)
    PortN_setup                              0x00000689   Thumb Code    30  main.o(i.PortN_setup)
    SetupSystick                             0x000006b1   Thumb Code    34  main.o(i.SetupSystick)
    SetupUart                                0x000006e1   Thumb Code   102  main.o(i.SetupUart)
    SysCtlClockFreqSet                       0x0000075d   Thumb Code   700  sysctl.o(i.SysCtlClockFreqSet)
    SysCtlPeripheralEnable                   0x00000a41   Thumb Code    36  sysctl.o(i.SysCtlPeripheralEnable)
    SysCtlPeripheralReady                    0x00000a69   Thumb Code    40  sysctl.o(i.SysCtlPeripheralReady)
    SysTickDisable                           0x00000a95   Thumb Code    14  systick.o(i.SysTickDisable)
    SysTickEnable                            0x00000aa3   Thumb Code    14  systick.o(i.SysTickEnable)
    SysTickIntEnable                         0x00000ab1   Thumb Code    14  systick.o(i.SysTickIntEnable)
    SysTickIntHandler                        0x00000ac1   Thumb Code    12  main.o(i.SysTickIntHandler)
    SysTickIntRegister                       0x00000ad1   Thumb Code    24  systick.o(i.SysTickIntRegister)
    SysTickPeriodSet                         0x00000ae9   Thumb Code    10  systick.o(i.SysTickPeriodSet)
    UARTCharGetNonBlocking                   0x00000af3   Thumb Code    16  uart.o(i.UARTCharGetNonBlocking)
    UARTCharPut                              0x00000b03   Thumb Code    12  uart.o(i.UARTCharPut)
    UARTCharsAvail                           0x00000b0f   Thumb Code    10  uart.o(i.UARTCharsAvail)
    UARTConfigSetExpClk                      0x00000b19   Thumb Code   110  uart.o(i.UARTConfigSetExpClk)
    UARTFIFODisable                          0x00000b87   Thumb Code    10  uart.o(i.UARTFIFODisable)
    UARTIntClear                             0x00000b91   Thumb Code     4  uart.o(i.UARTIntClear)
    UARTIntEnable                            0x00000b95   Thumb Code     8  uart.o(i.UARTIntEnable)
    UARTIntRegister                          0x00000b9d   Thumb Code    70  uart.o(i.UARTIntRegister)
    UARTIntStatus                            0x00000bf5   Thumb Code    10  uart.o(i.UARTIntStatus)
    UARTStringReceive                        0x00000c01   Thumb Code    28  uart_functions.o(i.UARTStringReceive)
    UARTStringSend                           0x00000c21   Thumb Code    28  uart_functions.o(i.UARTStringSend)
    UART_Interruption_Handler                0x00000c41   Thumb Code    54  main.o(i.UART_Interruption_Handler)
    __scatterload_copy                       0x00000c81   Thumb Code    14  handlers.o(i.__scatterload_copy)
    __scatterload_null                       0x00000c8f   Thumb Code     2  handlers.o(i.__scatterload_null)
    __scatterload_zeroinit                   0x00000c91   Thumb Code    14  handlers.o(i.__scatterload_zeroinit)
    executaComando                           0x00000ca1   Thumb Code   376  relay_functions.o(i.executaComando)
    main                                     0x00000e31   Thumb Code    72  main.o(i.main)
    Region$$Table$$Base                      0x00001494   Number         0  anon$$obj.o(Region$$Table)
    Region$$Table$$Limit                     0x000014b4   Number         0  anon$$obj.o(Region$$Table)
    rxbuffer                                 0x20000004   Data           4  main.o(.data)
    txbuffer                                 0x20000008   Data           4  main.o(.data)
    SysClock                                 0x2000000c   Data           4  main.o(.data)
    __initial_sp                             0x20000870   Data           0  startup_rvmdk.o(STACK)



==============================================================================

Memory Map of the image

  Image Entry point : 0x00000201

  Load Region LR_1 (Base: 0x00000000, Size: 0x00001b20, Max: 0xffffffff, ABSOLUTE, COMPRESSED[0x000014c4])

    Execution Region ER_RO (Exec base: 0x00000000, Load base: 0x00000000, Size: 0x000014b4, Max: 0xffffffff, ABSOLUTE)

    Exec Addr    Load Addr    Size         Type   Attr      Idx    E Section Name        Object

    0x00000000   0x00000000   0x0000021c   Code   RO           92  * RESET               startup_rvmdk.o
    0x0000021c   0x0000021c   0x00000000   Code   RO         1308  * .ARM.Collect$$$$00000000  mc_w.l(entry.o)
    0x0000021c   0x0000021c   0x00000004   Code   RO         1311    .ARM.Collect$$$$00000001  mc_w.l(entry2.o)
    0x00000220   0x00000220   0x00000004   Code   RO         1314    .ARM.Collect$$$$00000004  mc_w.l(entry5.o)
    0x00000224   0x00000224   0x00000000   Code   RO         1316    .ARM.Collect$$$$00000008  mc_w.l(entry7b.o)
    0x00000224   0x00000224   0x00000000   Code   RO         1318    .ARM.Collect$$$$0000000A  mc_w.l(entry8b.o)
    0x00000224   0x00000224   0x00000008   Code   RO         1319    .ARM.Collect$$$$0000000B  mc_w.l(entry9a.o)
    0x0000022c   0x0000022c   0x00000004   Code   RO         1326    .ARM.Collect$$$$0000000E  mc_w.l(entry12b.o)
    0x00000230   0x00000230   0x00000000   Code   RO         1321    .ARM.Collect$$$$0000000F  mc_w.l(entry10a.o)
    0x00000230   0x00000230   0x00000000   Code   RO         1323    .ARM.Collect$$$$00000011  mc_w.l(entry11a.o)
    0x00000230   0x00000230   0x00000004   Code   RO         1312    .ARM.Collect$$$$00002712  mc_w.l(entry2.o)
    0x00000234   0x00000234   0x00000024   Code   RO         1327    .text               mc_w.l(init.o)
    0x00000258   0x00000258   0x0000003a   Code   RO         1337    .text               mc_w.l(__dczerorl.o)
    0x00000292   0x00000292   0x00000002   PAD
    0x00000294   0x00000294   0x000000b8   Code   RO           97    i.AnsOneRele        relay_functions.o
    0x0000034c   0x0000034c   0x00000060   Code   RO           98    i.AnsStatus         relay_functions.o
    0x000003ac   0x000003ac   0x00000028   Code   RO          144    i.GPIODirModeSet    driverlib.lib(gpio.o)
    0x000003d4   0x000003d4   0x00000170   Code   RO          156    i.GPIOPadConfigSet  driverlib.lib(gpio.o)
    0x00000544   0x00000544   0x00000044   Code   RO          157    i.GPIOPinConfigure  driverlib.lib(gpio.o)
    0x00000588   0x00000588   0x0000001c   Code   RO          168    i.GPIOPinTypeGPIOOutput  driverlib.lib(gpio.o)
    0x000005a4   0x000005a4   0x0000001c   Code   RO          180    i.GPIOPinTypeUART   driverlib.lib(gpio.o)
    0x000005c0   0x000005c0   0x00000006   Code   RO          186    i.GPIOPinWrite      driverlib.lib(gpio.o)
    0x000005c6   0x000005c6   0x00000002   PAD
    0x000005c8   0x000005c8   0x00000064   Code   RO         1199    i.IntEnable         driverlib.lib(interrupt.o)
    0x0000062c   0x0000062c   0x00000034   Code   RO         1211    i.IntRegister       driverlib.lib(interrupt.o)
    0x00000660   0x00000660   0x00000028   Code   RO            1    i.PortF_setup       main.o
    0x00000688   0x00000688   0x00000028   Code   RO            2    i.PortN_setup       main.o
    0x000006b0   0x000006b0   0x00000030   Code   RO            3    i.SetupSystick      main.o
    0x000006e0   0x000006e0   0x0000007c   Code   RO            4    i.SetupUart         main.o
    0x0000075c   0x0000075c   0x000002e4   Code   RO          478    i.SysCtlClockFreqSet  driverlib.lib(sysctl.o)
    0x00000a40   0x00000a40   0x00000028   Code   RO          510    i.SysCtlPeripheralEnable  driverlib.lib(sysctl.o)
    0x00000a68   0x00000a68   0x0000002c   Code   RO          514    i.SysCtlPeripheralReady  driverlib.lib(sysctl.o)
    0x00000a94   0x00000a94   0x0000000e   Code   RO          830    i.SysTickDisable    driverlib.lib(systick.o)
    0x00000aa2   0x00000aa2   0x0000000e   Code   RO          831    i.SysTickEnable     driverlib.lib(systick.o)
    0x00000ab0   0x00000ab0   0x0000000e   Code   RO          833    i.SysTickIntEnable  driverlib.lib(systick.o)
    0x00000abe   0x00000abe   0x00000002   PAD
    0x00000ac0   0x00000ac0   0x00000010   Code   RO            5    i.SysTickIntHandler  main.o
    0x00000ad0   0x00000ad0   0x00000018   Code   RO          834    i.SysTickIntRegister  driverlib.lib(systick.o)
    0x00000ae8   0x00000ae8   0x0000000a   Code   RO          837    i.SysTickPeriodSet  driverlib.lib(systick.o)
    0x00000af2   0x00000af2   0x00000010   Code   RO          900    i.UARTCharGetNonBlocking  driverlib.lib(uart.o)
    0x00000b02   0x00000b02   0x0000000c   Code   RO          901    i.UARTCharPut       driverlib.lib(uart.o)
    0x00000b0e   0x00000b0e   0x0000000a   Code   RO          903    i.UARTCharsAvail    driverlib.lib(uart.o)
    0x00000b18   0x00000b18   0x0000006e   Code   RO          907    i.UARTConfigSetExpClk  driverlib.lib(uart.o)
    0x00000b86   0x00000b86   0x0000000a   Code   RO          914    i.UARTFIFODisable   driverlib.lib(uart.o)
    0x00000b90   0x00000b90   0x00000004   Code   RO          920    i.UARTIntClear      driverlib.lib(uart.o)
    0x00000b94   0x00000b94   0x00000008   Code   RO          922    i.UARTIntEnable     driverlib.lib(uart.o)
    0x00000b9c   0x00000b9c   0x00000058   Code   RO          923    i.UARTIntRegister   driverlib.lib(uart.o)
    0x00000bf4   0x00000bf4   0x0000000a   Code   RO          924    i.UARTIntStatus     driverlib.lib(uart.o)
    0x00000bfe   0x00000bfe   0x00000002   PAD
    0x00000c00   0x00000c00   0x00000020   Code   RO          121    i.UARTStringReceive  uart_functions.o
    0x00000c20   0x00000c20   0x00000020   Code   RO          122    i.UARTStringSend    uart_functions.o
    0x00000c40   0x00000c40   0x00000040   Code   RO            6    i.UART_Interruption_Handler  main.o
    0x00000c80   0x00000c80   0x0000000e   Code   RO         1331    i.__scatterload_copy  mc_w.l(handlers.o)
    0x00000c8e   0x00000c8e   0x00000002   Code   RO         1332    i.__scatterload_null  mc_w.l(handlers.o)
    0x00000c90   0x00000c90   0x0000000e   Code   RO         1333    i.__scatterload_zeroinit  mc_w.l(handlers.o)
    0x00000c9e   0x00000c9e   0x00000002   PAD
    0x00000ca0   0x00000ca0   0x00000190   Code   RO           99    i.executaComando    relay_functions.o
    0x00000e30   0x00000e30   0x0000005c   Code   RO            7    i.main              main.o
    0x00000e8c   0x00000e8c   0x00000228   Data   RO          189    .constdata          driverlib.lib(gpio.o)
    0x000010b4   0x000010b4   0x00000254   Data   RO          532    .constdata          driverlib.lib(sysctl.o)
    0x00001308   0x00001308   0x00000080   Data   RO          940    .constdata          driverlib.lib(uart.o)
    0x00001388   0x00001388   0x0000010c   Data   RO         1215    .constdata          driverlib.lib(interrupt.o)
    0x00001494   0x00001494   0x00000020   Data   RO         1329    Region$$Table       anon$$obj.o


    Execution Region ER_RW (Exec base: 0x20000000, Load base: 0x000014b4, Size: 0x0000066c, Max: 0xffffffff, ABSOLUTE, COMPRESSED[0x00000010])

    Exec Addr    Load Addr    Size         Type   Attr      Idx    E Section Name        Object

    0x20000000   COMPRESSED   0x00000010   Data   RW            8    .data               main.o
    0x20000010   COMPRESSED   0x000003f0   PAD
    0x20000400   COMPRESSED   0x0000026c   Data   RW         1216    vtable              driverlib.lib(interrupt.o)


    Execution Region ER_ZI (Exec base: 0x2000066c, Load base: 0x000014c4, Size: 0x00000204, Max: 0xffffffff, ABSOLUTE)

    Exec Addr    Load Addr    Size         Type   Attr      Idx    E Section Name        Object

    0x2000066c   0x000014c4   0x00000004   PAD
    0x20000670        -       0x00000200   Zero   RW           90    STACK               startup_rvmdk.o


==============================================================================

Image component sizes


      Code (inc. data)   RO Data    RW Data    ZI Data      Debug   Object Name

       424         90          0         16          0       8607   main.o
       680         96          0          0          0       2566   relay_functions.o
       540        514          0          0        512        248   startup_rvmdk.o
        64          8          0          0          0       1489   uart_functions.o

    ----------------------------------------------------------------------
      1708        708         32       1024        512      12910   Object Totals
         0          0         32          0          0          0   (incl. Generated)
         0          0          0       1008          0          0   (incl. Padding)

    ----------------------------------------------------------------------

      Code (inc. data)   RO Data    RW Data    ZI Data      Debug   Library Member Name

       538         22        552          0          0       7676   gpio.o
       152         16        268        620          0       2150   interrupt.o
       824         48        596          0          0       4490   sysctl.o
        76          0          0          0          0       2400   systick.o
       268         18        128          0          0       5954   uart.o
        58          0          0          0          0          0   __dczerorl.o
         0          0          0          0          0          0   entry.o
         0          0          0          0          0          0   entry10a.o
         0          0          0          0          0          0   entry11a.o
         4          0          0          0          0          0   entry12b.o
         8          4          0          0          0          0   entry2.o
         4          0          0          0          0          0   entry5.o
         0          0          0          0          0          0   entry7b.o
         0          0          0          0          0          0   entry8b.o
         8          4          0          0          0          0   entry9a.o
        30          0          0          0          0          0   handlers.o
        36          8          0          0          0         68   init.o

    ----------------------------------------------------------------------
      2016        120       1544        620          4      22738   Library Totals
        10          0          0          0          4          0   (incl. Padding)

    ----------------------------------------------------------------------

      Code (inc. data)   RO Data    RW Data    ZI Data      Debug   Library Name

      1858        104       1544        620          0      22670   driverlib.lib
       148         16          0          0          0         68   mc_w.l

    ----------------------------------------------------------------------
      2016        120       1544        620          4      22738   Library Totals

    ----------------------------------------------------------------------

==============================================================================


      Code (inc. data)   RO Data    RW Data    ZI Data      Debug   

      3724        828       1576       1644        516      32832   Grand Totals
      3724        828       1576         16        516      32832   ELF Image Totals (compressed)
      3724        828       1576         16          0          0   ROM Totals

==============================================================================

    Total RO  Size (Code + RO Data)                 5300 (   5.18kB)
    Total RW  Size (RW Data + ZI Data)              2160 (   2.11kB)
    Total ROM Size (Code + RO Data + RW Data)       5316 (   5.19kB)

==============================================================================

