<!doctype html public "-//w3c//dtd html 4.0 transitional//en">
<html><head>
<title>Static Call Graph - [.\Objects\MultiplosPerifericos.axf]</title></head>
<body><HR>
<H1>Static Call Graph for image .\Objects\MultiplosPerifericos.axf</H1><HR>
<BR><P>#&#060CALLGRAPH&#062# ARM Linker, 5060960: Last Updated: Fri May 31 23:07:56 2024
<BR><P>
<H3>Maximum Stack Usage =        128 bytes + Unknown(Functions without stacksize, Cycles, Untraceable Function Pointers)</H3><H3>
Call chain for Maximum Stack Depth:</H3>
main &rArr; OLED7_sendStrXYI &rArr; OLED7_sendCharXYI &rArr; OLED7_setXY &rArr; OLED7_command &rArr; I2C7_sendMultipleBytes
<P>
<H3>
Functions with no stack information
</H3><UL>
 <LI><a href="#[7]">Reset_Handler</a>
 <LI><a href="#[1]">NmiSR</a>
 <LI><a href="#[2]">FaultISR</a>
 <LI><a href="#[3]">IntDefaultHandler</a>
</UL>
</UL>
<P>
<H3>
Mutually Recursive functions
</H3> <LI><a href="#[4c]">UARTCharPut</a>&nbsp;&nbsp;&nbsp;&rArr;&nbsp;&nbsp;&nbsp;<a href="#[4c]">UARTCharPut</a><BR>
 <LI><a href="#[48]">UARTConfigSetExpClk</a>&nbsp;&nbsp;&nbsp;&rArr;&nbsp;&nbsp;&nbsp;<a href="#[48]">UARTConfigSetExpClk</a><BR>
 <LI><a href="#[1]">NmiSR</a>&nbsp;&nbsp;&nbsp;&rArr;&nbsp;&nbsp;&nbsp;<a href="#[1]">NmiSR</a><BR>
 <LI><a href="#[2]">FaultISR</a>&nbsp;&nbsp;&nbsp;&rArr;&nbsp;&nbsp;&nbsp;<a href="#[2]">FaultISR</a><BR>
 <LI><a href="#[3]">IntDefaultHandler</a>&nbsp;&nbsp;&nbsp;&rArr;&nbsp;&nbsp;&nbsp;<a href="#[3]">IntDefaultHandler</a><BR>
</UL>
<P>
<H3>
Function Pointers
</H3><UL>
 <LI><a href="#[2]">FaultISR</a> from startup_rvmdk.o(RESET) referenced from startup_rvmdk.o(RESET)
 <LI><a href="#[3]">IntDefaultHandler</a> from startup_rvmdk.o(RESET) referenced 116 times from startup_rvmdk.o(RESET)
 <LI><a href="#[1]">NmiSR</a> from startup_rvmdk.o(RESET) referenced from startup_rvmdk.o(RESET)
 <LI><a href="#[7]">Reset_Handler</a> from startup_rvmdk.o(RESET) referenced from startup_rvmdk.o(RESET)
 <LI><a href="#[5]">SysTickIntHandler</a> from main.o(i.SysTickIntHandler) referenced from main.o(i.SetupSystick)
 <LI><a href="#[6]">UART_Interruption_Handler</a> from main.o(i.UART_Interruption_Handler) referenced from main.o(i.SetupUart)
 <LI><a href="#[4]">main</a> from main.o(i.main) referenced from entry9a.o(.ARM.Collect$$$$0000000B)
</UL>
<P>
<H3>
Global Symbols
</H3>
<P><STRONG><a name="[7]"></a>Reset_Handler</STRONG> (Thumb, 0 bytes, Stack size unknown bytes, startup_rvmdk.o(RESET))
<BR><BR>[Calls]<UL><LI><a href="#[8]">&gt;&gt;</a>&nbsp;&nbsp;&nbsp;__main
</UL>

<P><STRONG><a name="[8]"></a>__main</STRONG> (Thumb, 0 bytes, Stack size unknown bytes, entry.o(.ARM.Collect$$$$00000000))
<BR><BR>[Called By]<UL><LI><a href="#[7]">&gt;&gt;</a>&nbsp;&nbsp;&nbsp;Reset_Handler
</UL>

<P><STRONG><a name="[57]"></a>_main_stk</STRONG> (Thumb, 0 bytes, Stack size unknown bytes, entry2.o(.ARM.Collect$$$$00000001))

<P><STRONG><a name="[9]"></a>_main_scatterload</STRONG> (Thumb, 0 bytes, Stack size unknown bytes, entry5.o(.ARM.Collect$$$$00000004))
<BR><BR>[Calls]<UL><LI><a href="#[a]">&gt;&gt;</a>&nbsp;&nbsp;&nbsp;__scatterload
</UL>

<P><STRONG><a name="[b]"></a>__main_after_scatterload</STRONG> (Thumb, 0 bytes, Stack size unknown bytes, entry5.o(.ARM.Collect$$$$00000004))
<BR><BR>[Called By]<UL><LI><a href="#[a]">&gt;&gt;</a>&nbsp;&nbsp;&nbsp;__scatterload
</UL>

<P><STRONG><a name="[58]"></a>_main_clock</STRONG> (Thumb, 0 bytes, Stack size unknown bytes, entry7b.o(.ARM.Collect$$$$00000008))

<P><STRONG><a name="[59]"></a>_main_cpp_init</STRONG> (Thumb, 0 bytes, Stack size unknown bytes, entry8b.o(.ARM.Collect$$$$0000000A))

<P><STRONG><a name="[5a]"></a>_main_init</STRONG> (Thumb, 0 bytes, Stack size unknown bytes, entry9a.o(.ARM.Collect$$$$0000000B))

<P><STRONG><a name="[5b]"></a>__rt_lib_shutdown_fini</STRONG> (Thumb, 0 bytes, Stack size unknown bytes, entry12b.o(.ARM.Collect$$$$0000000E))

<P><STRONG><a name="[5c]"></a>__rt_final_cpp</STRONG> (Thumb, 0 bytes, Stack size unknown bytes, entry10a.o(.ARM.Collect$$$$0000000F))

<P><STRONG><a name="[5d]"></a>__rt_final_exit</STRONG> (Thumb, 0 bytes, Stack size unknown bytes, entry11a.o(.ARM.Collect$$$$00000011))

<P><STRONG><a name="[56]"></a>strcpy</STRONG> (Thumb, 18 bytes, Stack size 0 bytes, strcpy.o(.text))
<BR><BR>[Called By]<UL><LI><a href="#[4]">&gt;&gt;</a>&nbsp;&nbsp;&nbsp;main
</UL>

<P><STRONG><a name="[a]"></a>__scatterload</STRONG> (Thumb, 28 bytes, Stack size 0 bytes, init.o(.text))
<BR><BR>[Calls]<UL><LI><a href="#[b]">&gt;&gt;</a>&nbsp;&nbsp;&nbsp;__main_after_scatterload
</UL>
<BR>[Called By]<UL><LI><a href="#[9]">&gt;&gt;</a>&nbsp;&nbsp;&nbsp;_main_scatterload
</UL>

<P><STRONG><a name="[5e]"></a>__scatterload_rt2</STRONG> (Thumb, 0 bytes, Stack size 0 bytes, init.o(.text), UNUSED)

<P><STRONG><a name="[5f]"></a>__decompress</STRONG> (Thumb, 0 bytes, Stack size unknown bytes, __dczerorl.o(.text), UNUSED)

<P><STRONG><a name="[60]"></a>__decompress0</STRONG> (Thumb, 58 bytes, Stack size unknown bytes, __dczerorl.o(.text), UNUSED)

<P><STRONG><a name="[c]"></a>AnsOneRele</STRONG> (Thumb, 90 bytes, Stack size 16 bytes, relay_functions.o(i.AnsOneRele))
<BR><BR>[Stack]<UL><LI>Max Depth = 32<LI>Call Chain = AnsOneRele &rArr; UARTStringSend
</UL>
<BR>[Calls]<UL><LI><a href="#[d]">&gt;&gt;</a>&nbsp;&nbsp;&nbsp;UARTStringSend
</UL>
<BR>[Called By]<UL><LI><a href="#[54]">&gt;&gt;</a>&nbsp;&nbsp;&nbsp;executaComando
</UL>

<P><STRONG><a name="[e]"></a>AnsStatus</STRONG> (Thumb, 74 bytes, Stack size 16 bytes, relay_functions.o(i.AnsStatus))
<BR><BR>[Stack]<UL><LI>Max Depth = 32<LI>Call Chain = AnsStatus &rArr; UARTStringSend
</UL>
<BR>[Calls]<UL><LI><a href="#[d]">&gt;&gt;</a>&nbsp;&nbsp;&nbsp;UARTStringSend
</UL>
<BR>[Called By]<UL><LI><a href="#[54]">&gt;&gt;</a>&nbsp;&nbsp;&nbsp;executaComando
</UL>

<P><STRONG><a name="[f]"></a>AtivaColuna</STRONG> (Thumb, 86 bytes, Stack size 8 bytes, teclado.o(i.AtivaColuna))
<BR><BR>[Stack]<UL><LI>Max Depth = 8<LI>Call Chain = AtivaColuna
</UL>
<BR>[Calls]<UL><LI><a href="#[10]">&gt;&gt;</a>&nbsp;&nbsp;&nbsp;GPIOPinWrite
</UL>
<BR>[Called By]<UL><LI><a href="#[53]">&gt;&gt;</a>&nbsp;&nbsp;&nbsp;VarreTeclado
</UL>

<P><STRONG><a name="[12]"></a>GPIODirModeSet</STRONG> (Thumb, 40 bytes, Stack size 0 bytes, gpio.o(i.GPIODirModeSet))
<BR><BR>[Called By]<UL><LI><a href="#[18]">&gt;&gt;</a>&nbsp;&nbsp;&nbsp;GPIOPinTypeUART
<LI><a href="#[17]">&gt;&gt;</a>&nbsp;&nbsp;&nbsp;GPIOPinTypePWM
<LI><a href="#[16]">&gt;&gt;</a>&nbsp;&nbsp;&nbsp;GPIOPinTypeI2CSCL
<LI><a href="#[15]">&gt;&gt;</a>&nbsp;&nbsp;&nbsp;GPIOPinTypeI2C
<LI><a href="#[14]">&gt;&gt;</a>&nbsp;&nbsp;&nbsp;GPIOPinTypeGPIOOutput
<LI><a href="#[11]">&gt;&gt;</a>&nbsp;&nbsp;&nbsp;GPIOPinTypeGPIOInput
</UL>

<P><STRONG><a name="[13]"></a>GPIOPadConfigSet</STRONG> (Thumb, 354 bytes, Stack size 36 bytes, gpio.o(i.GPIOPadConfigSet))
<BR><BR>[Stack]<UL><LI>Max Depth = 36<LI>Call Chain = GPIOPadConfigSet
</UL>
<BR>[Called By]<UL><LI><a href="#[18]">&gt;&gt;</a>&nbsp;&nbsp;&nbsp;GPIOPinTypeUART
<LI><a href="#[17]">&gt;&gt;</a>&nbsp;&nbsp;&nbsp;GPIOPinTypePWM
<LI><a href="#[16]">&gt;&gt;</a>&nbsp;&nbsp;&nbsp;GPIOPinTypeI2CSCL
<LI><a href="#[15]">&gt;&gt;</a>&nbsp;&nbsp;&nbsp;GPIOPinTypeI2C
<LI><a href="#[14]">&gt;&gt;</a>&nbsp;&nbsp;&nbsp;GPIOPinTypeGPIOOutput
<LI><a href="#[11]">&gt;&gt;</a>&nbsp;&nbsp;&nbsp;GPIOPinTypeGPIOInput
<LI><a href="#[3d]">&gt;&gt;</a>&nbsp;&nbsp;&nbsp;PortL_setup
</UL>

<P><STRONG><a name="[20]"></a>GPIOPinConfigure</STRONG> (Thumb, 60 bytes, Stack size 0 bytes, gpio.o(i.GPIOPinConfigure))
<BR><BR>[Called By]<UL><LI><a href="#[47]">&gt;&gt;</a>&nbsp;&nbsp;&nbsp;SetupUart
<LI><a href="#[36]">&gt;&gt;</a>&nbsp;&nbsp;&nbsp;PWM0_setup
<LI><a href="#[28]">&gt;&gt;</a>&nbsp;&nbsp;&nbsp;I2C7_config
<LI><a href="#[1d]">&gt;&gt;</a>&nbsp;&nbsp;&nbsp;I2C0_config
</UL>

<P><STRONG><a name="[2b]"></a>GPIOPinRead</STRONG> (Thumb, 6 bytes, Stack size 0 bytes, gpio.o(i.GPIOPinRead))
<BR><BR>[Called By]<UL><LI><a href="#[2a]">&gt;&gt;</a>&nbsp;&nbsp;&nbsp;LeLinha
</UL>

<P><STRONG><a name="[11]"></a>GPIOPinTypeGPIOInput</STRONG> (Thumb, 28 bytes, Stack size 12 bytes, gpio.o(i.GPIOPinTypeGPIOInput))
<BR><BR>[Stack]<UL><LI>Max Depth = 48<LI>Call Chain = GPIOPinTypeGPIOInput &rArr; GPIOPadConfigSet
</UL>
<BR>[Calls]<UL><LI><a href="#[12]">&gt;&gt;</a>&nbsp;&nbsp;&nbsp;GPIODirModeSet
<LI><a href="#[13]">&gt;&gt;</a>&nbsp;&nbsp;&nbsp;GPIOPadConfigSet
</UL>
<BR>[Called By]<UL><LI><a href="#[3d]">&gt;&gt;</a>&nbsp;&nbsp;&nbsp;PortL_setup
</UL>

<P><STRONG><a name="[14]"></a>GPIOPinTypeGPIOOutput</STRONG> (Thumb, 28 bytes, Stack size 12 bytes, gpio.o(i.GPIOPinTypeGPIOOutput))
<BR><BR>[Stack]<UL><LI>Max Depth = 48<LI>Call Chain = GPIOPinTypeGPIOOutput &rArr; GPIOPadConfigSet
</UL>
<BR>[Calls]<UL><LI><a href="#[12]">&gt;&gt;</a>&nbsp;&nbsp;&nbsp;GPIODirModeSet
<LI><a href="#[13]">&gt;&gt;</a>&nbsp;&nbsp;&nbsp;GPIOPadConfigSet
</UL>
<BR>[Called By]<UL><LI><a href="#[3f]">&gt;&gt;</a>&nbsp;&nbsp;&nbsp;PortN_setup
<LI><a href="#[3e]">&gt;&gt;</a>&nbsp;&nbsp;&nbsp;PortM_setup
<LI><a href="#[3c]">&gt;&gt;</a>&nbsp;&nbsp;&nbsp;PortF_setup
</UL>

<P><STRONG><a name="[15]"></a>GPIOPinTypeI2C</STRONG> (Thumb, 28 bytes, Stack size 12 bytes, gpio.o(i.GPIOPinTypeI2C))
<BR><BR>[Stack]<UL><LI>Max Depth = 48<LI>Call Chain = GPIOPinTypeI2C &rArr; GPIOPadConfigSet
</UL>
<BR>[Calls]<UL><LI><a href="#[12]">&gt;&gt;</a>&nbsp;&nbsp;&nbsp;GPIODirModeSet
<LI><a href="#[13]">&gt;&gt;</a>&nbsp;&nbsp;&nbsp;GPIOPadConfigSet
</UL>
<BR>[Called By]<UL><LI><a href="#[28]">&gt;&gt;</a>&nbsp;&nbsp;&nbsp;I2C7_config
<LI><a href="#[1d]">&gt;&gt;</a>&nbsp;&nbsp;&nbsp;I2C0_config
</UL>

<P><STRONG><a name="[16]"></a>GPIOPinTypeI2CSCL</STRONG> (Thumb, 28 bytes, Stack size 12 bytes, gpio.o(i.GPIOPinTypeI2CSCL))
<BR><BR>[Stack]<UL><LI>Max Depth = 48<LI>Call Chain = GPIOPinTypeI2CSCL &rArr; GPIOPadConfigSet
</UL>
<BR>[Calls]<UL><LI><a href="#[12]">&gt;&gt;</a>&nbsp;&nbsp;&nbsp;GPIODirModeSet
<LI><a href="#[13]">&gt;&gt;</a>&nbsp;&nbsp;&nbsp;GPIOPadConfigSet
</UL>
<BR>[Called By]<UL><LI><a href="#[28]">&gt;&gt;</a>&nbsp;&nbsp;&nbsp;I2C7_config
<LI><a href="#[1d]">&gt;&gt;</a>&nbsp;&nbsp;&nbsp;I2C0_config
</UL>

<P><STRONG><a name="[17]"></a>GPIOPinTypePWM</STRONG> (Thumb, 28 bytes, Stack size 12 bytes, gpio.o(i.GPIOPinTypePWM))
<BR><BR>[Stack]<UL><LI>Max Depth = 48<LI>Call Chain = GPIOPinTypePWM &rArr; GPIOPadConfigSet
</UL>
<BR>[Calls]<UL><LI><a href="#[12]">&gt;&gt;</a>&nbsp;&nbsp;&nbsp;GPIODirModeSet
<LI><a href="#[13]">&gt;&gt;</a>&nbsp;&nbsp;&nbsp;GPIOPadConfigSet
</UL>
<BR>[Called By]<UL><LI><a href="#[36]">&gt;&gt;</a>&nbsp;&nbsp;&nbsp;PWM0_setup
</UL>

<P><STRONG><a name="[18]"></a>GPIOPinTypeUART</STRONG> (Thumb, 28 bytes, Stack size 12 bytes, gpio.o(i.GPIOPinTypeUART))
<BR><BR>[Stack]<UL><LI>Max Depth = 48<LI>Call Chain = GPIOPinTypeUART &rArr; GPIOPadConfigSet
</UL>
<BR>[Calls]<UL><LI><a href="#[12]">&gt;&gt;</a>&nbsp;&nbsp;&nbsp;GPIODirModeSet
<LI><a href="#[13]">&gt;&gt;</a>&nbsp;&nbsp;&nbsp;GPIOPadConfigSet
</UL>
<BR>[Called By]<UL><LI><a href="#[47]">&gt;&gt;</a>&nbsp;&nbsp;&nbsp;SetupUart
</UL>

<P><STRONG><a name="[10]"></a>GPIOPinWrite</STRONG> (Thumb, 6 bytes, Stack size 0 bytes, gpio.o(i.GPIOPinWrite))
<BR><BR>[Called By]<UL><LI><a href="#[f]">&gt;&gt;</a>&nbsp;&nbsp;&nbsp;AtivaColuna
<LI><a href="#[54]">&gt;&gt;</a>&nbsp;&nbsp;&nbsp;executaComando
</UL>

<P><STRONG><a name="[19]"></a>I2C0_UpdateRelayStatus</STRONG> (Thumb, 134 bytes, Stack size 16 bytes, main.o(i.I2C0_UpdateRelayStatus))
<BR><BR>[Stack]<UL><LI>Max Depth = 76<LI>Call Chain = I2C0_UpdateRelayStatus &rArr; SSD1306_I2C0_DrawBitmap &rArr; SSD1306_I2C0_DrawPixel
</UL>
<BR>[Calls]<UL><LI><a href="#[1a]">&gt;&gt;</a>&nbsp;&nbsp;&nbsp;SSD1306_I2C0_cls
<LI><a href="#[1c]">&gt;&gt;</a>&nbsp;&nbsp;&nbsp;SSD1306_I2C0_UpdateScreen
<LI><a href="#[1b]">&gt;&gt;</a>&nbsp;&nbsp;&nbsp;SSD1306_I2C0_DrawBitmap
</UL>
<BR>[Called By]<UL><LI><a href="#[4]">&gt;&gt;</a>&nbsp;&nbsp;&nbsp;main
</UL>

<P><STRONG><a name="[1d]"></a>I2C0_config</STRONG> (Thumb, 82 bytes, Stack size 8 bytes, main.o(i.I2C0_config))
<BR><BR>[Stack]<UL><LI>Max Depth = 56<LI>Call Chain = I2C0_config &rArr; GPIOPinTypeI2CSCL &rArr; GPIOPadConfigSet
</UL>
<BR>[Calls]<UL><LI><a href="#[1f]">&gt;&gt;</a>&nbsp;&nbsp;&nbsp;SysCtlPeripheralReady
<LI><a href="#[1e]">&gt;&gt;</a>&nbsp;&nbsp;&nbsp;SysCtlPeripheralEnable
<LI><a href="#[21]">&gt;&gt;</a>&nbsp;&nbsp;&nbsp;SysCtlClockGet
<LI><a href="#[22]">&gt;&gt;</a>&nbsp;&nbsp;&nbsp;I2CMasterInitExpClk
<LI><a href="#[16]">&gt;&gt;</a>&nbsp;&nbsp;&nbsp;GPIOPinTypeI2CSCL
<LI><a href="#[15]">&gt;&gt;</a>&nbsp;&nbsp;&nbsp;GPIOPinTypeI2C
<LI><a href="#[20]">&gt;&gt;</a>&nbsp;&nbsp;&nbsp;GPIOPinConfigure
</UL>
<BR>[Called By]<UL><LI><a href="#[4]">&gt;&gt;</a>&nbsp;&nbsp;&nbsp;main
</UL>

<P><STRONG><a name="[23]"></a>I2C0_sendMultipleBytes</STRONG> (Thumb, 122 bytes, Stack size 24 bytes, main.o(i.I2C0_sendMultipleBytes))
<BR><BR>[Stack]<UL><LI>Max Depth = 24<LI>Call Chain = I2C0_sendMultipleBytes
</UL>
<BR>[Calls]<UL><LI><a href="#[24]">&gt;&gt;</a>&nbsp;&nbsp;&nbsp;I2CMasterSlaveAddrSet
<LI><a href="#[25]">&gt;&gt;</a>&nbsp;&nbsp;&nbsp;I2CMasterDataPut
<LI><a href="#[26]">&gt;&gt;</a>&nbsp;&nbsp;&nbsp;I2CMasterControl
<LI><a href="#[27]">&gt;&gt;</a>&nbsp;&nbsp;&nbsp;I2CMasterBusy
</UL>
<BR>[Called By]<UL><LI><a href="#[2e]">&gt;&gt;</a>&nbsp;&nbsp;&nbsp;OLED0_data
<LI><a href="#[2d]">&gt;&gt;</a>&nbsp;&nbsp;&nbsp;OLED0_command
</UL>

<P><STRONG><a name="[28]"></a>I2C7_config</STRONG> (Thumb, 82 bytes, Stack size 8 bytes, main.o(i.I2C7_config))
<BR><BR>[Stack]<UL><LI>Max Depth = 56<LI>Call Chain = I2C7_config &rArr; GPIOPinTypeI2CSCL &rArr; GPIOPadConfigSet
</UL>
<BR>[Calls]<UL><LI><a href="#[1f]">&gt;&gt;</a>&nbsp;&nbsp;&nbsp;SysCtlPeripheralReady
<LI><a href="#[1e]">&gt;&gt;</a>&nbsp;&nbsp;&nbsp;SysCtlPeripheralEnable
<LI><a href="#[21]">&gt;&gt;</a>&nbsp;&nbsp;&nbsp;SysCtlClockGet
<LI><a href="#[22]">&gt;&gt;</a>&nbsp;&nbsp;&nbsp;I2CMasterInitExpClk
<LI><a href="#[16]">&gt;&gt;</a>&nbsp;&nbsp;&nbsp;GPIOPinTypeI2CSCL
<LI><a href="#[15]">&gt;&gt;</a>&nbsp;&nbsp;&nbsp;GPIOPinTypeI2C
<LI><a href="#[20]">&gt;&gt;</a>&nbsp;&nbsp;&nbsp;GPIOPinConfigure
</UL>
<BR>[Called By]<UL><LI><a href="#[4]">&gt;&gt;</a>&nbsp;&nbsp;&nbsp;main
</UL>

<P><STRONG><a name="[29]"></a>I2C7_sendMultipleBytes</STRONG> (Thumb, 122 bytes, Stack size 24 bytes, main.o(i.I2C7_sendMultipleBytes))
<BR><BR>[Stack]<UL><LI>Max Depth = 24<LI>Call Chain = I2C7_sendMultipleBytes
</UL>
<BR>[Calls]<UL><LI><a href="#[24]">&gt;&gt;</a>&nbsp;&nbsp;&nbsp;I2CMasterSlaveAddrSet
<LI><a href="#[25]">&gt;&gt;</a>&nbsp;&nbsp;&nbsp;I2CMasterDataPut
<LI><a href="#[26]">&gt;&gt;</a>&nbsp;&nbsp;&nbsp;I2CMasterControl
<LI><a href="#[27]">&gt;&gt;</a>&nbsp;&nbsp;&nbsp;I2CMasterBusy
</UL>
<BR>[Called By]<UL><LI><a href="#[33]">&gt;&gt;</a>&nbsp;&nbsp;&nbsp;OLED7_sendChar
<LI><a href="#[30]">&gt;&gt;</a>&nbsp;&nbsp;&nbsp;OLED7_command
<LI><a href="#[34]">&gt;&gt;</a>&nbsp;&nbsp;&nbsp;OLED7_sendCharXYI
</UL>

<P><STRONG><a name="[27]"></a>I2CMasterBusy</STRONG> (Thumb, 12 bytes, Stack size 0 bytes, i2c.o(i.I2CMasterBusy))
<BR><BR>[Called By]<UL><LI><a href="#[29]">&gt;&gt;</a>&nbsp;&nbsp;&nbsp;I2C7_sendMultipleBytes
<LI><a href="#[23]">&gt;&gt;</a>&nbsp;&nbsp;&nbsp;I2C0_sendMultipleBytes
</UL>

<P><STRONG><a name="[26]"></a>I2CMasterControl</STRONG> (Thumb, 4 bytes, Stack size 0 bytes, i2c.o(i.I2CMasterControl))
<BR><BR>[Called By]<UL><LI><a href="#[29]">&gt;&gt;</a>&nbsp;&nbsp;&nbsp;I2C7_sendMultipleBytes
<LI><a href="#[23]">&gt;&gt;</a>&nbsp;&nbsp;&nbsp;I2C0_sendMultipleBytes
</UL>

<P><STRONG><a name="[25]"></a>I2CMasterDataPut</STRONG> (Thumb, 4 bytes, Stack size 0 bytes, i2c.o(i.I2CMasterDataPut))
<BR><BR>[Called By]<UL><LI><a href="#[29]">&gt;&gt;</a>&nbsp;&nbsp;&nbsp;I2C7_sendMultipleBytes
<LI><a href="#[23]">&gt;&gt;</a>&nbsp;&nbsp;&nbsp;I2C0_sendMultipleBytes
</UL>

<P><STRONG><a name="[22]"></a>I2CMasterInitExpClk</STRONG> (Thumb, 72 bytes, Stack size 0 bytes, i2c.o(i.I2CMasterInitExpClk))
<BR><BR>[Called By]<UL><LI><a href="#[28]">&gt;&gt;</a>&nbsp;&nbsp;&nbsp;I2C7_config
<LI><a href="#[1d]">&gt;&gt;</a>&nbsp;&nbsp;&nbsp;I2C0_config
</UL>

<P><STRONG><a name="[24]"></a>I2CMasterSlaveAddrSet</STRONG> (Thumb, 8 bytes, Stack size 0 bytes, i2c.o(i.I2CMasterSlaveAddrSet))
<BR><BR>[Called By]<UL><LI><a href="#[29]">&gt;&gt;</a>&nbsp;&nbsp;&nbsp;I2C7_sendMultipleBytes
<LI><a href="#[23]">&gt;&gt;</a>&nbsp;&nbsp;&nbsp;I2C0_sendMultipleBytes
</UL>

<P><STRONG><a name="[4d]"></a>IntEnable</STRONG> (Thumb, 92 bytes, Stack size 0 bytes, interrupt.o(i.IntEnable))
<BR><BR>[Called By]<UL><LI><a href="#[4a]">&gt;&gt;</a>&nbsp;&nbsp;&nbsp;UARTIntRegister
</UL>

<P><STRONG><a name="[4b]"></a>IntRegister</STRONG> (Thumb, 44 bytes, Stack size 8 bytes, interrupt.o(i.IntRegister))
<BR><BR>[Stack]<UL><LI>Max Depth = 8<LI>Call Chain = IntRegister
</UL>
<BR>[Called By]<UL><LI><a href="#[4a]">&gt;&gt;</a>&nbsp;&nbsp;&nbsp;UARTIntRegister
<LI><a href="#[44]">&gt;&gt;</a>&nbsp;&nbsp;&nbsp;SysTickIntRegister
</UL>

<P><STRONG><a name="[2a]"></a>LeLinha</STRONG> (Thumb, 48 bytes, Stack size 8 bytes, teclado.o(i.LeLinha))
<BR><BR>[Stack]<UL><LI>Max Depth = 8<LI>Call Chain = LeLinha
</UL>
<BR>[Calls]<UL><LI><a href="#[2b]">&gt;&gt;</a>&nbsp;&nbsp;&nbsp;GPIOPinRead
</UL>
<BR>[Called By]<UL><LI><a href="#[53]">&gt;&gt;</a>&nbsp;&nbsp;&nbsp;VarreTeclado
</UL>

<P><STRONG><a name="[2c]"></a>OLED0_Init</STRONG> (Thumb, 178 bytes, Stack size 8 bytes, ssd1306.o(i.OLED0_Init))
<BR><BR>[Stack]<UL><LI>Max Depth = 48<LI>Call Chain = OLED0_Init &rArr; OLED0_command &rArr; I2C0_sendMultipleBytes
</UL>
<BR>[Calls]<UL><LI><a href="#[2d]">&gt;&gt;</a>&nbsp;&nbsp;&nbsp;OLED0_command
</UL>
<BR>[Called By]<UL><LI><a href="#[4]">&gt;&gt;</a>&nbsp;&nbsp;&nbsp;main
</UL>

<P><STRONG><a name="[2d]"></a>OLED0_command</STRONG> (Thumb, 26 bytes, Stack size 16 bytes, ssd1306.o(i.OLED0_command))
<BR><BR>[Stack]<UL><LI>Max Depth = 40<LI>Call Chain = OLED0_command &rArr; I2C0_sendMultipleBytes
</UL>
<BR>[Calls]<UL><LI><a href="#[23]">&gt;&gt;</a>&nbsp;&nbsp;&nbsp;I2C0_sendMultipleBytes
</UL>
<BR>[Called By]<UL><LI><a href="#[1c]">&gt;&gt;</a>&nbsp;&nbsp;&nbsp;SSD1306_I2C0_UpdateScreen
<LI><a href="#[2c]">&gt;&gt;</a>&nbsp;&nbsp;&nbsp;OLED0_Init
</UL>

<P><STRONG><a name="[2e]"></a>OLED0_data</STRONG> (Thumb, 26 bytes, Stack size 16 bytes, ssd1306.o(i.OLED0_data))
<BR><BR>[Stack]<UL><LI>Max Depth = 40<LI>Call Chain = OLED0_data &rArr; I2C0_sendMultipleBytes
</UL>
<BR>[Calls]<UL><LI><a href="#[23]">&gt;&gt;</a>&nbsp;&nbsp;&nbsp;I2C0_sendMultipleBytes
</UL>
<BR>[Called By]<UL><LI><a href="#[1c]">&gt;&gt;</a>&nbsp;&nbsp;&nbsp;SSD1306_I2C0_UpdateScreen
</UL>

<P><STRONG><a name="[2f]"></a>OLED7_Init</STRONG> (Thumb, 142 bytes, Stack size 8 bytes, ssd1306.o(i.OLED7_Init))
<BR><BR>[Stack]<UL><LI>Max Depth = 48<LI>Call Chain = OLED7_Init &rArr; OLED7_command &rArr; I2C7_sendMultipleBytes
</UL>
<BR>[Calls]<UL><LI><a href="#[30]">&gt;&gt;</a>&nbsp;&nbsp;&nbsp;OLED7_command
</UL>
<BR>[Called By]<UL><LI><a href="#[4]">&gt;&gt;</a>&nbsp;&nbsp;&nbsp;main
</UL>

<P><STRONG><a name="[31]"></a>OLED7_clearDisplay</STRONG> (Thumb, 42 bytes, Stack size 16 bytes, ssd1306.o(i.OLED7_clearDisplay))
<BR><BR>[Stack]<UL><LI>Max Depth = 72<LI>Call Chain = OLED7_clearDisplay &rArr; OLED7_setXY &rArr; OLED7_command &rArr; I2C7_sendMultipleBytes
</UL>
<BR>[Calls]<UL><LI><a href="#[32]">&gt;&gt;</a>&nbsp;&nbsp;&nbsp;OLED7_setXY
<LI><a href="#[33]">&gt;&gt;</a>&nbsp;&nbsp;&nbsp;OLED7_sendChar
</UL>
<BR>[Called By]<UL><LI><a href="#[4]">&gt;&gt;</a>&nbsp;&nbsp;&nbsp;main
</UL>

<P><STRONG><a name="[30]"></a>OLED7_command</STRONG> (Thumb, 26 bytes, Stack size 16 bytes, ssd1306.o(i.OLED7_command))
<BR><BR>[Stack]<UL><LI>Max Depth = 40<LI>Call Chain = OLED7_command &rArr; I2C7_sendMultipleBytes
</UL>
<BR>[Calls]<UL><LI><a href="#[29]">&gt;&gt;</a>&nbsp;&nbsp;&nbsp;I2C7_sendMultipleBytes
</UL>
<BR>[Called By]<UL><LI><a href="#[32]">&gt;&gt;</a>&nbsp;&nbsp;&nbsp;OLED7_setXY
<LI><a href="#[2f]">&gt;&gt;</a>&nbsp;&nbsp;&nbsp;OLED7_Init
</UL>

<P><STRONG><a name="[33]"></a>OLED7_sendChar</STRONG> (Thumb, 26 bytes, Stack size 16 bytes, ssd1306.o(i.OLED7_sendChar))
<BR><BR>[Stack]<UL><LI>Max Depth = 40<LI>Call Chain = OLED7_sendChar &rArr; I2C7_sendMultipleBytes
</UL>
<BR>[Calls]<UL><LI><a href="#[29]">&gt;&gt;</a>&nbsp;&nbsp;&nbsp;I2C7_sendMultipleBytes
</UL>
<BR>[Called By]<UL><LI><a href="#[31]">&gt;&gt;</a>&nbsp;&nbsp;&nbsp;OLED7_clearDisplay
</UL>

<P><STRONG><a name="[34]"></a>OLED7_sendCharXYI</STRONG> (Thumb, 222 bytes, Stack size 32 bytes, ssd1306.o(i.OLED7_sendCharXYI))
<BR><BR>[Stack]<UL><LI>Max Depth = 88<LI>Call Chain = OLED7_sendCharXYI &rArr; OLED7_setXY &rArr; OLED7_command &rArr; I2C7_sendMultipleBytes
</UL>
<BR>[Calls]<UL><LI><a href="#[32]">&gt;&gt;</a>&nbsp;&nbsp;&nbsp;OLED7_setXY
<LI><a href="#[29]">&gt;&gt;</a>&nbsp;&nbsp;&nbsp;I2C7_sendMultipleBytes
</UL>
<BR>[Called By]<UL><LI><a href="#[35]">&gt;&gt;</a>&nbsp;&nbsp;&nbsp;OLED7_sendStrXYI
<LI><a href="#[4]">&gt;&gt;</a>&nbsp;&nbsp;&nbsp;main
</UL>

<P><STRONG><a name="[35]"></a>OLED7_sendStrXYI</STRONG> (Thumb, 38 bytes, Stack size 24 bytes, ssd1306.o(i.OLED7_sendStrXYI))
<BR><BR>[Stack]<UL><LI>Max Depth = 112<LI>Call Chain = OLED7_sendStrXYI &rArr; OLED7_sendCharXYI &rArr; OLED7_setXY &rArr; OLED7_command &rArr; I2C7_sendMultipleBytes
</UL>
<BR>[Calls]<UL><LI><a href="#[34]">&gt;&gt;</a>&nbsp;&nbsp;&nbsp;OLED7_sendCharXYI
</UL>
<BR>[Called By]<UL><LI><a href="#[4]">&gt;&gt;</a>&nbsp;&nbsp;&nbsp;main
</UL>

<P><STRONG><a name="[32]"></a>OLED7_setXY</STRONG> (Thumb, 40 bytes, Stack size 16 bytes, ssd1306.o(i.OLED7_setXY))
<BR><BR>[Stack]<UL><LI>Max Depth = 56<LI>Call Chain = OLED7_setXY &rArr; OLED7_command &rArr; I2C7_sendMultipleBytes
</UL>
<BR>[Calls]<UL><LI><a href="#[30]">&gt;&gt;</a>&nbsp;&nbsp;&nbsp;OLED7_command
</UL>
<BR>[Called By]<UL><LI><a href="#[34]">&gt;&gt;</a>&nbsp;&nbsp;&nbsp;OLED7_sendCharXYI
<LI><a href="#[31]">&gt;&gt;</a>&nbsp;&nbsp;&nbsp;OLED7_clearDisplay
</UL>

<P><STRONG><a name="[36]"></a>PWM0_setup</STRONG> (Thumb, 100 bytes, Stack size 8 bytes, main.o(i.PWM0_setup))
<BR><BR>[Stack]<UL><LI>Max Depth = 56<LI>Call Chain = PWM0_setup &rArr; GPIOPinTypePWM &rArr; GPIOPadConfigSet
</UL>
<BR>[Calls]<UL><LI><a href="#[1f]">&gt;&gt;</a>&nbsp;&nbsp;&nbsp;SysCtlPeripheralReady
<LI><a href="#[1e]">&gt;&gt;</a>&nbsp;&nbsp;&nbsp;SysCtlPeripheralEnable
<LI><a href="#[39]">&gt;&gt;</a>&nbsp;&nbsp;&nbsp;PWMPulseWidthSet
<LI><a href="#[3b]">&gt;&gt;</a>&nbsp;&nbsp;&nbsp;PWMOutputState
<LI><a href="#[38]">&gt;&gt;</a>&nbsp;&nbsp;&nbsp;PWMGenPeriodSet
<LI><a href="#[3a]">&gt;&gt;</a>&nbsp;&nbsp;&nbsp;PWMGenEnable
<LI><a href="#[37]">&gt;&gt;</a>&nbsp;&nbsp;&nbsp;PWMGenConfigure
<LI><a href="#[17]">&gt;&gt;</a>&nbsp;&nbsp;&nbsp;GPIOPinTypePWM
<LI><a href="#[20]">&gt;&gt;</a>&nbsp;&nbsp;&nbsp;GPIOPinConfigure
</UL>
<BR>[Called By]<UL><LI><a href="#[3c]">&gt;&gt;</a>&nbsp;&nbsp;&nbsp;PortF_setup
</UL>

<P><STRONG><a name="[37]"></a>PWMGenConfigure</STRONG> (Thumb, 38 bytes, Stack size 0 bytes, pwm.o(i.PWMGenConfigure))
<BR><BR>[Called By]<UL><LI><a href="#[36]">&gt;&gt;</a>&nbsp;&nbsp;&nbsp;PWM0_setup
</UL>

<P><STRONG><a name="[3a]"></a>PWMGenEnable</STRONG> (Thumb, 10 bytes, Stack size 0 bytes, pwm.o(i.PWMGenEnable))
<BR><BR>[Called By]<UL><LI><a href="#[36]">&gt;&gt;</a>&nbsp;&nbsp;&nbsp;PWM0_setup
</UL>

<P><STRONG><a name="[38]"></a>PWMGenPeriodSet</STRONG> (Thumb, 18 bytes, Stack size 0 bytes, pwm.o(i.PWMGenPeriodSet))
<BR><BR>[Called By]<UL><LI><a href="#[36]">&gt;&gt;</a>&nbsp;&nbsp;&nbsp;PWM0_setup
</UL>

<P><STRONG><a name="[3b]"></a>PWMOutputState</STRONG> (Thumb, 16 bytes, Stack size 0 bytes, pwm.o(i.PWMOutputState))
<BR><BR>[Called By]<UL><LI><a href="#[36]">&gt;&gt;</a>&nbsp;&nbsp;&nbsp;PWM0_setup
</UL>

<P><STRONG><a name="[39]"></a>PWMPulseWidthSet</STRONG> (Thumb, 32 bytes, Stack size 0 bytes, pwm.o(i.PWMPulseWidthSet))
<BR><BR>[Called By]<UL><LI><a href="#[36]">&gt;&gt;</a>&nbsp;&nbsp;&nbsp;PWM0_setup
</UL>

<P><STRONG><a name="[3c]"></a>PortF_setup</STRONG> (Thumb, 34 bytes, Stack size 8 bytes, main.o(i.PortF_setup))
<BR><BR>[Stack]<UL><LI>Max Depth = 64<LI>Call Chain = PortF_setup &rArr; PWM0_setup &rArr; GPIOPinTypePWM &rArr; GPIOPadConfigSet
</UL>
<BR>[Calls]<UL><LI><a href="#[1f]">&gt;&gt;</a>&nbsp;&nbsp;&nbsp;SysCtlPeripheralReady
<LI><a href="#[1e]">&gt;&gt;</a>&nbsp;&nbsp;&nbsp;SysCtlPeripheralEnable
<LI><a href="#[14]">&gt;&gt;</a>&nbsp;&nbsp;&nbsp;GPIOPinTypeGPIOOutput
<LI><a href="#[36]">&gt;&gt;</a>&nbsp;&nbsp;&nbsp;PWM0_setup
</UL>
<BR>[Called By]<UL><LI><a href="#[4]">&gt;&gt;</a>&nbsp;&nbsp;&nbsp;main
</UL>

<P><STRONG><a name="[3d]"></a>PortL_setup</STRONG> (Thumb, 42 bytes, Stack size 8 bytes, main.o(i.PortL_setup))
<BR><BR>[Stack]<UL><LI>Max Depth = 56<LI>Call Chain = PortL_setup &rArr; GPIOPinTypeGPIOInput &rArr; GPIOPadConfigSet
</UL>
<BR>[Calls]<UL><LI><a href="#[1f]">&gt;&gt;</a>&nbsp;&nbsp;&nbsp;SysCtlPeripheralReady
<LI><a href="#[1e]">&gt;&gt;</a>&nbsp;&nbsp;&nbsp;SysCtlPeripheralEnable
<LI><a href="#[11]">&gt;&gt;</a>&nbsp;&nbsp;&nbsp;GPIOPinTypeGPIOInput
<LI><a href="#[13]">&gt;&gt;</a>&nbsp;&nbsp;&nbsp;GPIOPadConfigSet
</UL>
<BR>[Called By]<UL><LI><a href="#[4]">&gt;&gt;</a>&nbsp;&nbsp;&nbsp;main
</UL>

<P><STRONG><a name="[3e]"></a>PortM_setup</STRONG> (Thumb, 30 bytes, Stack size 8 bytes, main.o(i.PortM_setup))
<BR><BR>[Stack]<UL><LI>Max Depth = 56<LI>Call Chain = PortM_setup &rArr; GPIOPinTypeGPIOOutput &rArr; GPIOPadConfigSet
</UL>
<BR>[Calls]<UL><LI><a href="#[1f]">&gt;&gt;</a>&nbsp;&nbsp;&nbsp;SysCtlPeripheralReady
<LI><a href="#[1e]">&gt;&gt;</a>&nbsp;&nbsp;&nbsp;SysCtlPeripheralEnable
<LI><a href="#[14]">&gt;&gt;</a>&nbsp;&nbsp;&nbsp;GPIOPinTypeGPIOOutput
</UL>
<BR>[Called By]<UL><LI><a href="#[4]">&gt;&gt;</a>&nbsp;&nbsp;&nbsp;main
</UL>

<P><STRONG><a name="[3f]"></a>PortN_setup</STRONG> (Thumb, 30 bytes, Stack size 8 bytes, main.o(i.PortN_setup))
<BR><BR>[Stack]<UL><LI>Max Depth = 56<LI>Call Chain = PortN_setup &rArr; GPIOPinTypeGPIOOutput &rArr; GPIOPadConfigSet
</UL>
<BR>[Calls]<UL><LI><a href="#[1f]">&gt;&gt;</a>&nbsp;&nbsp;&nbsp;SysCtlPeripheralReady
<LI><a href="#[1e]">&gt;&gt;</a>&nbsp;&nbsp;&nbsp;SysCtlPeripheralEnable
<LI><a href="#[14]">&gt;&gt;</a>&nbsp;&nbsp;&nbsp;GPIOPinTypeGPIOOutput
</UL>
<BR>[Called By]<UL><LI><a href="#[4]">&gt;&gt;</a>&nbsp;&nbsp;&nbsp;main
</UL>

<P><STRONG><a name="[1b]"></a>SSD1306_I2C0_DrawBitmap</STRONG> (Thumb, 122 bytes, Stack size 40 bytes, ssd1306.o(i.SSD1306_I2C0_DrawBitmap))
<BR><BR>[Stack]<UL><LI>Max Depth = 60<LI>Call Chain = SSD1306_I2C0_DrawBitmap &rArr; SSD1306_I2C0_DrawPixel
</UL>
<BR>[Calls]<UL><LI><a href="#[40]">&gt;&gt;</a>&nbsp;&nbsp;&nbsp;SSD1306_I2C0_DrawPixel
</UL>
<BR>[Called By]<UL><LI><a href="#[4]">&gt;&gt;</a>&nbsp;&nbsp;&nbsp;main
<LI><a href="#[19]">&gt;&gt;</a>&nbsp;&nbsp;&nbsp;I2C0_UpdateRelayStatus
</UL>

<P><STRONG><a name="[40]"></a>SSD1306_I2C0_DrawPixel</STRONG> (Thumb, 136 bytes, Stack size 20 bytes, ssd1306.o(i.SSD1306_I2C0_DrawPixel))
<BR><BR>[Stack]<UL><LI>Max Depth = 20<LI>Call Chain = SSD1306_I2C0_DrawPixel
</UL>
<BR>[Called By]<UL><LI><a href="#[1b]">&gt;&gt;</a>&nbsp;&nbsp;&nbsp;SSD1306_I2C0_DrawBitmap
</UL>

<P><STRONG><a name="[1c]"></a>SSD1306_I2C0_UpdateScreen</STRONG> (Thumb, 64 bytes, Stack size 16 bytes, ssd1306.o(i.SSD1306_I2C0_UpdateScreen))
<BR><BR>[Stack]<UL><LI>Max Depth = 56<LI>Call Chain = SSD1306_I2C0_UpdateScreen &rArr; OLED0_data &rArr; I2C0_sendMultipleBytes
</UL>
<BR>[Calls]<UL><LI><a href="#[2e]">&gt;&gt;</a>&nbsp;&nbsp;&nbsp;OLED0_data
<LI><a href="#[2d]">&gt;&gt;</a>&nbsp;&nbsp;&nbsp;OLED0_command
</UL>
<BR>[Called By]<UL><LI><a href="#[4]">&gt;&gt;</a>&nbsp;&nbsp;&nbsp;main
<LI><a href="#[19]">&gt;&gt;</a>&nbsp;&nbsp;&nbsp;I2C0_UpdateRelayStatus
</UL>

<P><STRONG><a name="[1a]"></a>SSD1306_I2C0_cls</STRONG> (Thumb, 22 bytes, Stack size 0 bytes, ssd1306.o(i.SSD1306_I2C0_cls))
<BR><BR>[Called By]<UL><LI><a href="#[4]">&gt;&gt;</a>&nbsp;&nbsp;&nbsp;main
<LI><a href="#[19]">&gt;&gt;</a>&nbsp;&nbsp;&nbsp;I2C0_UpdateRelayStatus
</UL>

<P><STRONG><a name="[41]"></a>SetupSystick</STRONG> (Thumb, 34 bytes, Stack size 8 bytes, main.o(i.SetupSystick))
<BR><BR>[Stack]<UL><LI>Max Depth = 24<LI>Call Chain = SetupSystick &rArr; SysTickIntRegister &rArr; IntRegister
</UL>
<BR>[Calls]<UL><LI><a href="#[43]">&gt;&gt;</a>&nbsp;&nbsp;&nbsp;SysTickPeriodSet
<LI><a href="#[44]">&gt;&gt;</a>&nbsp;&nbsp;&nbsp;SysTickIntRegister
<LI><a href="#[45]">&gt;&gt;</a>&nbsp;&nbsp;&nbsp;SysTickIntEnable
<LI><a href="#[46]">&gt;&gt;</a>&nbsp;&nbsp;&nbsp;SysTickEnable
<LI><a href="#[42]">&gt;&gt;</a>&nbsp;&nbsp;&nbsp;SysTickDisable
</UL>
<BR>[Called By]<UL><LI><a href="#[4]">&gt;&gt;</a>&nbsp;&nbsp;&nbsp;main
</UL>

<P><STRONG><a name="[47]"></a>SetupUart</STRONG> (Thumb, 96 bytes, Stack size 8 bytes, main.o(i.SetupUart))
<BR><BR>[Stack]<UL><LI>Max Depth = 56<LI>Call Chain = SetupUart &rArr; GPIOPinTypeUART &rArr; GPIOPadConfigSet
</UL>
<BR>[Calls]<UL><LI><a href="#[4a]">&gt;&gt;</a>&nbsp;&nbsp;&nbsp;UARTIntRegister
<LI><a href="#[49]">&gt;&gt;</a>&nbsp;&nbsp;&nbsp;UARTIntEnable
<LI><a href="#[48]">&gt;&gt;</a>&nbsp;&nbsp;&nbsp;UARTConfigSetExpClk
<LI><a href="#[1f]">&gt;&gt;</a>&nbsp;&nbsp;&nbsp;SysCtlPeripheralReady
<LI><a href="#[1e]">&gt;&gt;</a>&nbsp;&nbsp;&nbsp;SysCtlPeripheralEnable
<LI><a href="#[18]">&gt;&gt;</a>&nbsp;&nbsp;&nbsp;GPIOPinTypeUART
<LI><a href="#[20]">&gt;&gt;</a>&nbsp;&nbsp;&nbsp;GPIOPinConfigure
</UL>
<BR>[Called By]<UL><LI><a href="#[4]">&gt;&gt;</a>&nbsp;&nbsp;&nbsp;main
</UL>

<P><STRONG><a name="[55]"></a>SysCtlClockFreqSet</STRONG> (Thumb, 700 bytes, Stack size 24 bytes, sysctl.o(i.SysCtlClockFreqSet))
<BR><BR>[Stack]<UL><LI>Max Depth = 24<LI>Call Chain = SysCtlClockFreqSet
</UL>
<BR>[Called By]<UL><LI><a href="#[4]">&gt;&gt;</a>&nbsp;&nbsp;&nbsp;main
</UL>

<P><STRONG><a name="[21]"></a>SysCtlClockGet</STRONG> (Thumb, 304 bytes, Stack size 12 bytes, sysctl.o(i.SysCtlClockGet))
<BR><BR>[Stack]<UL><LI>Max Depth = 12<LI>Call Chain = SysCtlClockGet
</UL>
<BR>[Called By]<UL><LI><a href="#[28]">&gt;&gt;</a>&nbsp;&nbsp;&nbsp;I2C7_config
<LI><a href="#[1d]">&gt;&gt;</a>&nbsp;&nbsp;&nbsp;I2C0_config
</UL>

<P><STRONG><a name="[1e]"></a>SysCtlPeripheralEnable</STRONG> (Thumb, 36 bytes, Stack size 0 bytes, sysctl.o(i.SysCtlPeripheralEnable))
<BR><BR>[Called By]<UL><LI><a href="#[47]">&gt;&gt;</a>&nbsp;&nbsp;&nbsp;SetupUart
<LI><a href="#[3f]">&gt;&gt;</a>&nbsp;&nbsp;&nbsp;PortN_setup
<LI><a href="#[3e]">&gt;&gt;</a>&nbsp;&nbsp;&nbsp;PortM_setup
<LI><a href="#[3d]">&gt;&gt;</a>&nbsp;&nbsp;&nbsp;PortL_setup
<LI><a href="#[3c]">&gt;&gt;</a>&nbsp;&nbsp;&nbsp;PortF_setup
<LI><a href="#[36]">&gt;&gt;</a>&nbsp;&nbsp;&nbsp;PWM0_setup
<LI><a href="#[28]">&gt;&gt;</a>&nbsp;&nbsp;&nbsp;I2C7_config
<LI><a href="#[1d]">&gt;&gt;</a>&nbsp;&nbsp;&nbsp;I2C0_config
</UL>

<P><STRONG><a name="[1f]"></a>SysCtlPeripheralReady</STRONG> (Thumb, 40 bytes, Stack size 0 bytes, sysctl.o(i.SysCtlPeripheralReady))
<BR><BR>[Called By]<UL><LI><a href="#[47]">&gt;&gt;</a>&nbsp;&nbsp;&nbsp;SetupUart
<LI><a href="#[3f]">&gt;&gt;</a>&nbsp;&nbsp;&nbsp;PortN_setup
<LI><a href="#[3e]">&gt;&gt;</a>&nbsp;&nbsp;&nbsp;PortM_setup
<LI><a href="#[3d]">&gt;&gt;</a>&nbsp;&nbsp;&nbsp;PortL_setup
<LI><a href="#[3c]">&gt;&gt;</a>&nbsp;&nbsp;&nbsp;PortF_setup
<LI><a href="#[36]">&gt;&gt;</a>&nbsp;&nbsp;&nbsp;PWM0_setup
<LI><a href="#[28]">&gt;&gt;</a>&nbsp;&nbsp;&nbsp;I2C7_config
<LI><a href="#[1d]">&gt;&gt;</a>&nbsp;&nbsp;&nbsp;I2C0_config
</UL>

<P><STRONG><a name="[42]"></a>SysTickDisable</STRONG> (Thumb, 14 bytes, Stack size 0 bytes, systick.o(i.SysTickDisable))
<BR><BR>[Called By]<UL><LI><a href="#[41]">&gt;&gt;</a>&nbsp;&nbsp;&nbsp;SetupSystick
</UL>

<P><STRONG><a name="[46]"></a>SysTickEnable</STRONG> (Thumb, 14 bytes, Stack size 0 bytes, systick.o(i.SysTickEnable))
<BR><BR>[Called By]<UL><LI><a href="#[41]">&gt;&gt;</a>&nbsp;&nbsp;&nbsp;SetupSystick
</UL>

<P><STRONG><a name="[45]"></a>SysTickIntEnable</STRONG> (Thumb, 14 bytes, Stack size 0 bytes, systick.o(i.SysTickIntEnable))
<BR><BR>[Called By]<UL><LI><a href="#[41]">&gt;&gt;</a>&nbsp;&nbsp;&nbsp;SetupSystick
</UL>

<P><STRONG><a name="[5]"></a>SysTickIntHandler</STRONG> (Thumb, 12 bytes, Stack size 0 bytes, main.o(i.SysTickIntHandler))
<BR>[Address Reference Count : 1]<UL><LI> main.o(i.SetupSystick)
</UL>
<P><STRONG><a name="[44]"></a>SysTickIntRegister</STRONG> (Thumb, 24 bytes, Stack size 8 bytes, systick.o(i.SysTickIntRegister))
<BR><BR>[Stack]<UL><LI>Max Depth = 16<LI>Call Chain = SysTickIntRegister &rArr; IntRegister
</UL>
<BR>[Calls]<UL><LI><a href="#[4b]">&gt;&gt;</a>&nbsp;&nbsp;&nbsp;IntRegister
</UL>
<BR>[Called By]<UL><LI><a href="#[41]">&gt;&gt;</a>&nbsp;&nbsp;&nbsp;SetupSystick
</UL>

<P><STRONG><a name="[43]"></a>SysTickPeriodSet</STRONG> (Thumb, 10 bytes, Stack size 0 bytes, systick.o(i.SysTickPeriodSet))
<BR><BR>[Called By]<UL><LI><a href="#[41]">&gt;&gt;</a>&nbsp;&nbsp;&nbsp;SetupSystick
</UL>

<P><STRONG><a name="[4f]"></a>UARTCharGetNonBlocking</STRONG> (Thumb, 16 bytes, Stack size 0 bytes, uart.o(i.UARTCharGetNonBlocking))
<BR><BR>[Called By]<UL><LI><a href="#[4e]">&gt;&gt;</a>&nbsp;&nbsp;&nbsp;UARTStringReceive
<LI><a href="#[6]">&gt;&gt;</a>&nbsp;&nbsp;&nbsp;UART_Interruption_Handler
</UL>

<P><STRONG><a name="[4c]"></a>UARTCharPut</STRONG> (Thumb, 12 bytes, Stack size 0 bytes, uart.o(i.UARTCharPut))
<BR><BR>[Calls]<UL><LI><a href="#[4c]">&gt;&gt;</a>&nbsp;&nbsp;&nbsp;UARTCharPut
</UL>
<BR>[Called By]<UL><LI><a href="#[4c]">&gt;&gt;</a>&nbsp;&nbsp;&nbsp;UARTCharPut
<LI><a href="#[d]">&gt;&gt;</a>&nbsp;&nbsp;&nbsp;UARTStringSend
</UL>

<P><STRONG><a name="[50]"></a>UARTCharsAvail</STRONG> (Thumb, 10 bytes, Stack size 0 bytes, uart.o(i.UARTCharsAvail))
<BR><BR>[Called By]<UL><LI><a href="#[4e]">&gt;&gt;</a>&nbsp;&nbsp;&nbsp;UARTStringReceive
<LI><a href="#[4]">&gt;&gt;</a>&nbsp;&nbsp;&nbsp;main
</UL>

<P><STRONG><a name="[48]"></a>UARTConfigSetExpClk</STRONG> (Thumb, 110 bytes, Stack size 0 bytes, uart.o(i.UARTConfigSetExpClk))
<BR><BR>[Calls]<UL><LI><a href="#[48]">&gt;&gt;</a>&nbsp;&nbsp;&nbsp;UARTConfigSetExpClk
</UL>
<BR>[Called By]<UL><LI><a href="#[48]">&gt;&gt;</a>&nbsp;&nbsp;&nbsp;UARTConfigSetExpClk
<LI><a href="#[47]">&gt;&gt;</a>&nbsp;&nbsp;&nbsp;SetupUart
</UL>

<P><STRONG><a name="[52]"></a>UARTIntClear</STRONG> (Thumb, 4 bytes, Stack size 0 bytes, uart.o(i.UARTIntClear))
<BR><BR>[Called By]<UL><LI><a href="#[6]">&gt;&gt;</a>&nbsp;&nbsp;&nbsp;UART_Interruption_Handler
</UL>

<P><STRONG><a name="[49]"></a>UARTIntEnable</STRONG> (Thumb, 8 bytes, Stack size 0 bytes, uart.o(i.UARTIntEnable))
<BR><BR>[Called By]<UL><LI><a href="#[47]">&gt;&gt;</a>&nbsp;&nbsp;&nbsp;SetupUart
</UL>

<P><STRONG><a name="[4a]"></a>UARTIntRegister</STRONG> (Thumb, 70 bytes, Stack size 8 bytes, uart.o(i.UARTIntRegister))
<BR><BR>[Stack]<UL><LI>Max Depth = 16<LI>Call Chain = UARTIntRegister &rArr; IntRegister
</UL>
<BR>[Calls]<UL><LI><a href="#[4b]">&gt;&gt;</a>&nbsp;&nbsp;&nbsp;IntRegister
<LI><a href="#[4d]">&gt;&gt;</a>&nbsp;&nbsp;&nbsp;IntEnable
</UL>
<BR>[Called By]<UL><LI><a href="#[47]">&gt;&gt;</a>&nbsp;&nbsp;&nbsp;SetupUart
</UL>

<P><STRONG><a name="[51]"></a>UARTIntStatus</STRONG> (Thumb, 10 bytes, Stack size 0 bytes, uart.o(i.UARTIntStatus))
<BR><BR>[Called By]<UL><LI><a href="#[6]">&gt;&gt;</a>&nbsp;&nbsp;&nbsp;UART_Interruption_Handler
</UL>

<P><STRONG><a name="[4e]"></a>UARTStringReceive</STRONG> (Thumb, 38 bytes, Stack size 16 bytes, uart_functions.o(i.UARTStringReceive))
<BR><BR>[Stack]<UL><LI>Max Depth = 16<LI>Call Chain = UARTStringReceive
</UL>
<BR>[Calls]<UL><LI><a href="#[50]">&gt;&gt;</a>&nbsp;&nbsp;&nbsp;UARTCharsAvail
<LI><a href="#[4f]">&gt;&gt;</a>&nbsp;&nbsp;&nbsp;UARTCharGetNonBlocking
</UL>
<BR>[Called By]<UL><LI><a href="#[4]">&gt;&gt;</a>&nbsp;&nbsp;&nbsp;main
</UL>

<P><STRONG><a name="[d]"></a>UARTStringSend</STRONG> (Thumb, 28 bytes, Stack size 16 bytes, uart_functions.o(i.UARTStringSend))
<BR><BR>[Stack]<UL><LI>Max Depth = 16<LI>Call Chain = UARTStringSend
</UL>
<BR>[Calls]<UL><LI><a href="#[4c]">&gt;&gt;</a>&nbsp;&nbsp;&nbsp;UARTCharPut
</UL>
<BR>[Called By]<UL><LI><a href="#[e]">&gt;&gt;</a>&nbsp;&nbsp;&nbsp;AnsStatus
<LI><a href="#[c]">&gt;&gt;</a>&nbsp;&nbsp;&nbsp;AnsOneRele
<LI><a href="#[54]">&gt;&gt;</a>&nbsp;&nbsp;&nbsp;executaComando
</UL>

<P><STRONG><a name="[6]"></a>UART_Interruption_Handler</STRONG> (Thumb, 54 bytes, Stack size 16 bytes, main.o(i.UART_Interruption_Handler))
<BR><BR>[Stack]<UL><LI>Max Depth = 16<LI>Call Chain = UART_Interruption_Handler
</UL>
<BR>[Calls]<UL><LI><a href="#[51]">&gt;&gt;</a>&nbsp;&nbsp;&nbsp;UARTIntStatus
<LI><a href="#[52]">&gt;&gt;</a>&nbsp;&nbsp;&nbsp;UARTIntClear
<LI><a href="#[4f]">&gt;&gt;</a>&nbsp;&nbsp;&nbsp;UARTCharGetNonBlocking
</UL>
<BR>[Address Reference Count : 1]<UL><LI> main.o(i.SetupUart)
</UL>
<P><STRONG><a name="[53]"></a>VarreTeclado</STRONG> (Thumb, 214 bytes, Stack size 16 bytes, teclado.o(i.VarreTeclado))
<BR><BR>[Stack]<UL><LI>Max Depth = 24<LI>Call Chain = VarreTeclado &rArr; LeLinha
</UL>
<BR>[Calls]<UL><LI><a href="#[2a]">&gt;&gt;</a>&nbsp;&nbsp;&nbsp;LeLinha
<LI><a href="#[f]">&gt;&gt;</a>&nbsp;&nbsp;&nbsp;AtivaColuna
</UL>
<BR>[Called By]<UL><LI><a href="#[4]">&gt;&gt;</a>&nbsp;&nbsp;&nbsp;main
</UL>

<P><STRONG><a name="[61]"></a>__scatterload_copy</STRONG> (Thumb, 14 bytes, Stack size unknown bytes, handlers.o(i.__scatterload_copy), UNUSED)

<P><STRONG><a name="[62]"></a>__scatterload_null</STRONG> (Thumb, 2 bytes, Stack size unknown bytes, handlers.o(i.__scatterload_null), UNUSED)

<P><STRONG><a name="[63]"></a>__scatterload_zeroinit</STRONG> (Thumb, 14 bytes, Stack size unknown bytes, handlers.o(i.__scatterload_zeroinit), UNUSED)

<P><STRONG><a name="[54]"></a>executaComando</STRONG> (Thumb, 358 bytes, Stack size 16 bytes, relay_functions.o(i.executaComando))
<BR><BR>[Stack]<UL><LI>Max Depth = 48<LI>Call Chain = executaComando &rArr; AnsStatus &rArr; UARTStringSend
</UL>
<BR>[Calls]<UL><LI><a href="#[d]">&gt;&gt;</a>&nbsp;&nbsp;&nbsp;UARTStringSend
<LI><a href="#[10]">&gt;&gt;</a>&nbsp;&nbsp;&nbsp;GPIOPinWrite
<LI><a href="#[e]">&gt;&gt;</a>&nbsp;&nbsp;&nbsp;AnsStatus
<LI><a href="#[c]">&gt;&gt;</a>&nbsp;&nbsp;&nbsp;AnsOneRele
</UL>
<BR>[Called By]<UL><LI><a href="#[4]">&gt;&gt;</a>&nbsp;&nbsp;&nbsp;main
</UL>

<P><STRONG><a name="[4]"></a>main</STRONG> (Thumb, 296 bytes, Stack size 16 bytes, main.o(i.main))
<BR><BR>[Stack]<UL><LI>Max Depth = 128<LI>Call Chain = main &rArr; OLED7_sendStrXYI &rArr; OLED7_sendCharXYI &rArr; OLED7_setXY &rArr; OLED7_command &rArr; I2C7_sendMultipleBytes
</UL>
<BR>[Calls]<UL><LI><a href="#[54]">&gt;&gt;</a>&nbsp;&nbsp;&nbsp;executaComando
<LI><a href="#[53]">&gt;&gt;</a>&nbsp;&nbsp;&nbsp;VarreTeclado
<LI><a href="#[4e]">&gt;&gt;</a>&nbsp;&nbsp;&nbsp;UARTStringReceive
<LI><a href="#[50]">&gt;&gt;</a>&nbsp;&nbsp;&nbsp;UARTCharsAvail
<LI><a href="#[55]">&gt;&gt;</a>&nbsp;&nbsp;&nbsp;SysCtlClockFreqSet
<LI><a href="#[1a]">&gt;&gt;</a>&nbsp;&nbsp;&nbsp;SSD1306_I2C0_cls
<LI><a href="#[1c]">&gt;&gt;</a>&nbsp;&nbsp;&nbsp;SSD1306_I2C0_UpdateScreen
<LI><a href="#[1b]">&gt;&gt;</a>&nbsp;&nbsp;&nbsp;SSD1306_I2C0_DrawBitmap
<LI><a href="#[35]">&gt;&gt;</a>&nbsp;&nbsp;&nbsp;OLED7_sendStrXYI
<LI><a href="#[34]">&gt;&gt;</a>&nbsp;&nbsp;&nbsp;OLED7_sendCharXYI
<LI><a href="#[31]">&gt;&gt;</a>&nbsp;&nbsp;&nbsp;OLED7_clearDisplay
<LI><a href="#[2f]">&gt;&gt;</a>&nbsp;&nbsp;&nbsp;OLED7_Init
<LI><a href="#[2c]">&gt;&gt;</a>&nbsp;&nbsp;&nbsp;OLED0_Init
<LI><a href="#[47]">&gt;&gt;</a>&nbsp;&nbsp;&nbsp;SetupUart
<LI><a href="#[41]">&gt;&gt;</a>&nbsp;&nbsp;&nbsp;SetupSystick
<LI><a href="#[3f]">&gt;&gt;</a>&nbsp;&nbsp;&nbsp;PortN_setup
<LI><a href="#[3e]">&gt;&gt;</a>&nbsp;&nbsp;&nbsp;PortM_setup
<LI><a href="#[3d]">&gt;&gt;</a>&nbsp;&nbsp;&nbsp;PortL_setup
<LI><a href="#[3c]">&gt;&gt;</a>&nbsp;&nbsp;&nbsp;PortF_setup
<LI><a href="#[28]">&gt;&gt;</a>&nbsp;&nbsp;&nbsp;I2C7_config
<LI><a href="#[1d]">&gt;&gt;</a>&nbsp;&nbsp;&nbsp;I2C0_config
<LI><a href="#[19]">&gt;&gt;</a>&nbsp;&nbsp;&nbsp;I2C0_UpdateRelayStatus
<LI><a href="#[56]">&gt;&gt;</a>&nbsp;&nbsp;&nbsp;strcpy
</UL>
<BR>[Address Reference Count : 1]<UL><LI> entry9a.o(.ARM.Collect$$$$0000000B)
</UL><P>
<H3>
Local Symbols
</H3>
<P><STRONG><a name="[1]"></a>NmiSR</STRONG> (Thumb, 0 bytes, Stack size unknown bytes, startup_rvmdk.o(RESET))
<BR><BR>[Calls]<UL><LI><a href="#[1]">&gt;&gt;</a>&nbsp;&nbsp;&nbsp;NmiSR
</UL>
<BR>[Called By]<UL><LI><a href="#[1]">&gt;&gt;</a>&nbsp;&nbsp;&nbsp;NmiSR
</UL>
<BR>[Address Reference Count : 1]<UL><LI> startup_rvmdk.o(RESET)
</UL>
<P><STRONG><a name="[2]"></a>FaultISR</STRONG> (Thumb, 0 bytes, Stack size unknown bytes, startup_rvmdk.o(RESET))
<BR><BR>[Calls]<UL><LI><a href="#[2]">&gt;&gt;</a>&nbsp;&nbsp;&nbsp;FaultISR
</UL>
<BR>[Called By]<UL><LI><a href="#[2]">&gt;&gt;</a>&nbsp;&nbsp;&nbsp;FaultISR
</UL>
<BR>[Address Reference Count : 1]<UL><LI> startup_rvmdk.o(RESET)
</UL>
<P><STRONG><a name="[3]"></a>IntDefaultHandler</STRONG> (Thumb, 0 bytes, Stack size unknown bytes, startup_rvmdk.o(RESET))
<BR><BR>[Calls]<UL><LI><a href="#[3]">&gt;&gt;</a>&nbsp;&nbsp;&nbsp;IntDefaultHandler
</UL>
<BR>[Called By]<UL><LI><a href="#[3]">&gt;&gt;</a>&nbsp;&nbsp;&nbsp;IntDefaultHandler
</UL>
<BR>[Address Reference Count : 1]<UL><LI> startup_rvmdk.o(RESET)
</UL><P>
<H3>
Undefined Global Symbols
</H3><HR></body></html>
