Component: ARM Compiler 5.06 update 7 (build 960) Tool: armlink [4d3601]

==============================================================================

Section Cross References

    main.o(i.SetupSystick) refers to systick.o(i.SysTickDisable) for SysTickDisable
    main.o(i.SetupSystick) refers to systick.o(i.SysTickPeriodSet) for SysTickPeriodSet
    main.o(i.SetupSystick) refers to systick.o(i.SysTickIntRegister) for SysTickIntRegister
    main.o(i.SetupSystick) refers to systick.o(i.SysTickIntEnable) for SysTickIntEnable
    main.o(i.SetupSystick) refers to systick.o(i.SysTickEnable) for SysTickEnable
    main.o(i.SetupSystick) refers to main.o(.data) for .data
    main.o(i.SetupSystick) refers to main.o(i.SysTickIntHandler) for SysTickIntHandler
    main.o(i.SetupUart) refers to sysctl.o(i.SysCtlPeripheralEnable) for SysCtlPeripheralEnable
    main.o(i.SetupUart) refers to sysctl.o(i.SysCtlPeripheralReady) for SysCtlPeripheralReady
    main.o(i.SetupUart) refers to uart.o(i.UARTConfigSetExpClk) for UARTConfigSetExpClk
    main.o(i.SetupUart) refers to uart.o(i.UARTFIFODisable) for UARTFIFODisable
    main.o(i.SetupUart) refers to uart.o(i.UARTIntEnable) for UARTIntEnable
    main.o(i.SetupUart) refers to uart.o(i.UARTIntRegister) for UARTIntRegister
    main.o(i.SetupUart) refers to gpio.o(i.GPIOPinConfigure) for GPIOPinConfigure
    main.o(i.SetupUart) refers to gpio.o(i.GPIOPinTypeUART) for GPIOPinTypeUART
    main.o(i.SetupUart) refers to main.o(.data) for .data
    main.o(i.SetupUart) refers to main.o(i.UART_Interruption_Handler) for UART_Interruption_Handler
    main.o(i.SysTickIntHandler) refers to main.o(.data) for .data
    main.o(i.UARTNumberSend) refers to main.o(i.UARTStringSend) for UARTStringSend
    main.o(i.UARTStringSend) refers to uart.o(i.UARTCharPut) for UARTCharPut
    main.o(i.UART_Interruption_Handler) refers to uart.o(i.UARTIntStatus) for UARTIntStatus
    main.o(i.UART_Interruption_Handler) refers to uart.o(i.UARTIntClear) for UARTIntClear
    main.o(i.UART_Interruption_Handler) refers to uart.o(i.UARTCharGetNonBlocking) for UARTCharGetNonBlocking
    main.o(i.UART_Interruption_Handler) refers to main.o(.data) for .data
    main.o(i.main) refers to sysctl.o(i.SysCtlClockFreqSet) for SysCtlClockFreqSet
    main.o(i.main) refers to main.o(i.SetupSystick) for SetupSystick
    main.o(i.main) refers to main.o(i.SetupUart) for SetupUart
    main.o(i.main) refers to main.o(i.copyToRam) for copyToRam
    main.o(i.main) refers to main.o(i.UARTStringSend) for UARTStringSend
    main.o(i.main) refers to main.o(i.UARTNumberSend) for UARTNumberSend
    main.o(i.main) refers to main.o(.data) for .data
    main.o(i.main) refers to imagefunctions.o(i.EightBitHistogram_C) for EightBitHistogram_C
    main.o(i.main) refers to main.o(.bss) for .bss
    main.o(i.main) refers to imagefunctionsasm.o(.text) for EightBitHistogram_ASM
    main.o(i.main) refers to images.o(.data) for p_start_image0
    main.o(i.main) refers to images.o(.constdata) for height0
    main.o(i.main) refers to images.o(.constdata) for width0
    main.o(i.main) refers to images.o(.data) for p_start_image1
    main.o(i.main) refers to images.o(.constdata) for height1
    main.o(i.main) refers to images.o(.constdata) for width1
    startup_rvmdk.o(RESET) refers to startup_rvmdk.o(STACK) for StackMem
    startup_rvmdk.o(RESET) refers to entry.o(.ARM.Collect$$$$00000000) for __main
    images.o(.data) refers to images.o(.constdata) for image0
    images.o(.data) refers to images.o(.constdata) for image1
    gpio.o(i.GPIOIntRegister) refers to gpio.o(i._GPIOIntNumberGet) for _GPIOIntNumberGet
    gpio.o(i.GPIOIntRegister) refers to interrupt.o(i.IntRegister) for IntRegister
    gpio.o(i.GPIOIntRegister) refers to interrupt.o(i.IntEnable) for IntEnable
    gpio.o(i.GPIOIntRegisterPin) refers to gpio.o(i._GPIOIntNumberGet) for _GPIOIntNumberGet
    gpio.o(i.GPIOIntRegisterPin) refers to interrupt.o(i.IntRegister) for IntRegister
    gpio.o(i.GPIOIntRegisterPin) refers to interrupt.o(i.IntEnable) for IntEnable
    gpio.o(i.GPIOIntUnregister) refers to gpio.o(i._GPIOIntNumberGet) for _GPIOIntNumberGet
    gpio.o(i.GPIOIntUnregister) refers to interrupt.o(i.IntDisable) for IntDisable
    gpio.o(i.GPIOIntUnregister) refers to interrupt.o(i.IntUnregister) for IntUnregister
    gpio.o(i.GPIOIntUnregisterPin) refers to gpio.o(i._GPIOIntNumberGet) for _GPIOIntNumberGet
    gpio.o(i.GPIOIntUnregisterPin) refers to interrupt.o(i.IntDisable) for IntDisable
    gpio.o(i.GPIOIntUnregisterPin) refers to interrupt.o(i.IntUnregister) for IntUnregister
    gpio.o(i.GPIOPinConfigure) refers to gpio.o(.constdata) for .constdata
    gpio.o(i.GPIOPinTypeADC) refers to gpio.o(i.GPIODirModeSet) for GPIODirModeSet
    gpio.o(i.GPIOPinTypeADC) refers to gpio.o(i.GPIOPadConfigSet) for GPIOPadConfigSet
    gpio.o(i.GPIOPinTypeCAN) refers to gpio.o(i.GPIODirModeSet) for GPIODirModeSet
    gpio.o(i.GPIOPinTypeCAN) refers to gpio.o(i.GPIOPadConfigSet) for GPIOPadConfigSet
    gpio.o(i.GPIOPinTypeComparator) refers to gpio.o(i.GPIODirModeSet) for GPIODirModeSet
    gpio.o(i.GPIOPinTypeComparator) refers to gpio.o(i.GPIOPadConfigSet) for GPIOPadConfigSet
    gpio.o(i.GPIOPinTypeComparatorOutput) refers to gpio.o(i.GPIODirModeSet) for GPIODirModeSet
    gpio.o(i.GPIOPinTypeComparatorOutput) refers to gpio.o(i.GPIOPadConfigSet) for GPIOPadConfigSet
    gpio.o(i.GPIOPinTypeDIVSCLK) refers to gpio.o(i.GPIODirModeSet) for GPIODirModeSet
    gpio.o(i.GPIOPinTypeDIVSCLK) refers to gpio.o(i.GPIOPadConfigSet) for GPIOPadConfigSet
    gpio.o(i.GPIOPinTypeEPI) refers to gpio.o(i.GPIODirModeSet) for GPIODirModeSet
    gpio.o(i.GPIOPinTypeEPI) refers to gpio.o(i.GPIOPadConfigSet) for GPIOPadConfigSet
    gpio.o(i.GPIOPinTypeEthernetLED) refers to gpio.o(i.GPIODirModeSet) for GPIODirModeSet
    gpio.o(i.GPIOPinTypeEthernetLED) refers to gpio.o(i.GPIOPadConfigSet) for GPIOPadConfigSet
    gpio.o(i.GPIOPinTypeEthernetMII) refers to gpio.o(i.GPIODirModeSet) for GPIODirModeSet
    gpio.o(i.GPIOPinTypeEthernetMII) refers to gpio.o(i.GPIOPadConfigSet) for GPIOPadConfigSet
    gpio.o(i.GPIOPinTypeGPIOInput) refers to gpio.o(i.GPIODirModeSet) for GPIODirModeSet
    gpio.o(i.GPIOPinTypeGPIOInput) refers to gpio.o(i.GPIOPadConfigSet) for GPIOPadConfigSet
    gpio.o(i.GPIOPinTypeGPIOOutput) refers to gpio.o(i.GPIOPadConfigSet) for GPIOPadConfigSet
    gpio.o(i.GPIOPinTypeGPIOOutput) refers to gpio.o(i.GPIODirModeSet) for GPIODirModeSet
    gpio.o(i.GPIOPinTypeGPIOOutputOD) refers to gpio.o(i.GPIOPadConfigSet) for GPIOPadConfigSet
    gpio.o(i.GPIOPinTypeGPIOOutputOD) refers to gpio.o(i.GPIODirModeSet) for GPIODirModeSet
    gpio.o(i.GPIOPinTypeHibernateRTCCLK) refers to gpio.o(i.GPIODirModeSet) for GPIODirModeSet
    gpio.o(i.GPIOPinTypeHibernateRTCCLK) refers to gpio.o(i.GPIOPadConfigSet) for GPIOPadConfigSet
    gpio.o(i.GPIOPinTypeI2C) refers to gpio.o(i.GPIODirModeSet) for GPIODirModeSet
    gpio.o(i.GPIOPinTypeI2C) refers to gpio.o(i.GPIOPadConfigSet) for GPIOPadConfigSet
    gpio.o(i.GPIOPinTypeI2CSCL) refers to gpio.o(i.GPIODirModeSet) for GPIODirModeSet
    gpio.o(i.GPIOPinTypeI2CSCL) refers to gpio.o(i.GPIOPadConfigSet) for GPIOPadConfigSet
    gpio.o(i.GPIOPinTypeLCD) refers to gpio.o(i.GPIODirModeSet) for GPIODirModeSet
    gpio.o(i.GPIOPinTypeLCD) refers to gpio.o(i.GPIOPadConfigSet) for GPIOPadConfigSet
    gpio.o(i.GPIOPinTypeOneWire) refers to gpio.o(i.GPIODirModeSet) for GPIODirModeSet
    gpio.o(i.GPIOPinTypeOneWire) refers to gpio.o(i.GPIOPadConfigSet) for GPIOPadConfigSet
    gpio.o(i.GPIOPinTypePWM) refers to gpio.o(i.GPIODirModeSet) for GPIODirModeSet
    gpio.o(i.GPIOPinTypePWM) refers to gpio.o(i.GPIOPadConfigSet) for GPIOPadConfigSet
    gpio.o(i.GPIOPinTypeQEI) refers to gpio.o(i.GPIODirModeSet) for GPIODirModeSet
    gpio.o(i.GPIOPinTypeQEI) refers to gpio.o(i.GPIOPadConfigSet) for GPIOPadConfigSet
    gpio.o(i.GPIOPinTypeSSI) refers to gpio.o(i.GPIODirModeSet) for GPIODirModeSet
    gpio.o(i.GPIOPinTypeSSI) refers to gpio.o(i.GPIOPadConfigSet) for GPIOPadConfigSet
    gpio.o(i.GPIOPinTypeTimer) refers to gpio.o(i.GPIODirModeSet) for GPIODirModeSet
    gpio.o(i.GPIOPinTypeTimer) refers to gpio.o(i.GPIOPadConfigSet) for GPIOPadConfigSet
    gpio.o(i.GPIOPinTypeTrace) refers to gpio.o(i.GPIODirModeSet) for GPIODirModeSet
    gpio.o(i.GPIOPinTypeTrace) refers to gpio.o(i.GPIOPadConfigSet) for GPIOPadConfigSet
    gpio.o(i.GPIOPinTypeUART) refers to gpio.o(i.GPIODirModeSet) for GPIODirModeSet
    gpio.o(i.GPIOPinTypeUART) refers to gpio.o(i.GPIOPadConfigSet) for GPIOPadConfigSet
    gpio.o(i.GPIOPinTypeUSBAnalog) refers to gpio.o(i.GPIODirModeSet) for GPIODirModeSet
    gpio.o(i.GPIOPinTypeUSBAnalog) refers to gpio.o(i.GPIOPadConfigSet) for GPIOPadConfigSet
    gpio.o(i.GPIOPinTypeUSBDigital) refers to gpio.o(i.GPIODirModeSet) for GPIODirModeSet
    gpio.o(i.GPIOPinTypeUSBDigital) refers to gpio.o(i.GPIOPadConfigSet) for GPIOPadConfigSet
    gpio.o(i.GPIOPinTypeWakeHigh) refers to gpio.o(i.GPIODirModeSet) for GPIODirModeSet
    gpio.o(i.GPIOPinTypeWakeHigh) refers to gpio.o(i.GPIOPadConfigSet) for GPIOPadConfigSet
    gpio.o(i.GPIOPinTypeWakeLow) refers to gpio.o(i.GPIODirModeSet) for GPIODirModeSet
    gpio.o(i.GPIOPinTypeWakeLow) refers to gpio.o(i.GPIOPadConfigSet) for GPIOPadConfigSet
    gpio.o(i._GPIOIntNumberGet) refers to gpio.o(.constdata) for .constdata
    sysctl.o(i.SysCtlClockFreqSet) refers to sysctl.o(.constdata) for .constdata
    sysctl.o(i.SysCtlClockGet) refers to sysctl.o(.constdata) for .constdata
    sysctl.o(i.SysCtlClockSet) refers to sysctl.o(.emb_text) for SysCtlDelay
    sysctl.o(i.SysCtlDeepSleep) refers to cpu.o(.emb_text) for CPUwfi
    sysctl.o(i.SysCtlIntRegister) refers to interrupt.o(i.IntRegister) for IntRegister
    sysctl.o(i.SysCtlIntRegister) refers to interrupt.o(i.IntEnable) for IntEnable
    sysctl.o(i.SysCtlIntUnregister) refers to interrupt.o(i.IntDisable) for IntDisable
    sysctl.o(i.SysCtlIntUnregister) refers to interrupt.o(i.IntUnregister) for IntUnregister
    sysctl.o(i.SysCtlSleep) refers to cpu.o(.emb_text) for CPUwfi
    sysctl.o(i.SysCtlVCOGet) refers to sysctl.o(.constdata) for .constdata
    systick.o(i.SysTickIntRegister) refers to interrupt.o(i.IntRegister) for IntRegister
    systick.o(i.SysTickIntUnregister) refers to interrupt.o(i.IntUnregister) for IntUnregister
    uart.o(i.UARTIntRegister) refers to interrupt.o(i.IntRegister) for IntRegister
    uart.o(i.UARTIntRegister) refers to interrupt.o(i.IntEnable) for IntEnable
    uart.o(i.UARTIntRegister) refers to uart.o(.constdata) for .constdata
    uart.o(i.UARTIntUnregister) refers to interrupt.o(i.IntDisable) for IntDisable
    uart.o(i.UARTIntUnregister) refers to interrupt.o(i.IntUnregister) for IntUnregister
    uart.o(i.UARTIntUnregister) refers to uart.o(.constdata) for .constdata
    interrupt.o(i.IntDisable) refers to interrupt.o(.constdata) for .constdata
    interrupt.o(i.IntEnable) refers to interrupt.o(.constdata) for .constdata
    interrupt.o(i.IntIsEnabled) refers to interrupt.o(.constdata) for .constdata
    interrupt.o(i.IntMasterDisable) refers to cpu.o(.emb_text) for CPUcpsid
    interrupt.o(i.IntMasterEnable) refers to cpu.o(.emb_text) for CPUcpsie
    interrupt.o(i.IntPendClear) refers to interrupt.o(.constdata) for .constdata
    interrupt.o(i.IntPendSet) refers to interrupt.o(.constdata) for .constdata
    interrupt.o(i.IntPriorityGet) refers to interrupt.o(.constdata) for .constdata
    interrupt.o(i.IntPriorityGroupingGet) refers to interrupt.o(.constdata) for .constdata
    interrupt.o(i.IntPriorityGroupingSet) refers to interrupt.o(.constdata) for .constdata
    interrupt.o(i.IntPriorityMaskGet) refers to cpu.o(.emb_text) for CPUbasepriGet
    interrupt.o(i.IntPriorityMaskSet) refers to cpu.o(.emb_text) for CPUbasepriSet
    interrupt.o(i.IntPrioritySet) refers to interrupt.o(.constdata) for .constdata
    interrupt.o(i.IntRegister) refers to interrupt.o(vtable) for vtable
    interrupt.o(i.IntUnregister) refers to interrupt.o(i._IntDefaultHandler) for _IntDefaultHandler
    interrupt.o(i.IntUnregister) refers to interrupt.o(vtable) for vtable
    entry.o(.ARM.Collect$$$$00000000) refers (Special) to entry10a.o(.ARM.Collect$$$$0000000F) for __rt_final_cpp
    entry.o(.ARM.Collect$$$$00000000) refers (Special) to entry11a.o(.ARM.Collect$$$$00000011) for __rt_final_exit
    entry.o(.ARM.Collect$$$$00000000) refers (Special) to entry12b.o(.ARM.Collect$$$$0000000E) for __rt_lib_shutdown_fini
    entry.o(.ARM.Collect$$$$00000000) refers (Special) to entry7b.o(.ARM.Collect$$$$00000008) for _main_clock
    entry.o(.ARM.Collect$$$$00000000) refers (Special) to entry8b.o(.ARM.Collect$$$$0000000A) for _main_cpp_init
    entry.o(.ARM.Collect$$$$00000000) refers (Special) to entry9a.o(.ARM.Collect$$$$0000000B) for _main_init
    entry.o(.ARM.Collect$$$$00000000) refers (Special) to entry5.o(.ARM.Collect$$$$00000004) for _main_scatterload
    entry.o(.ARM.Collect$$$$00000000) refers (Special) to entry2.o(.ARM.Collect$$$$00000001) for _main_stk
    entry2.o(.ARM.Collect$$$$00000001) refers to entry2.o(.ARM.Collect$$$$00002712) for __lit__00000000
    entry2.o(.ARM.Collect$$$$00002712) refers to startup_rvmdk.o(STACK) for __initial_sp
    entry2.o(__vectab_stack_and_reset_area) refers to startup_rvmdk.o(STACK) for __initial_sp
    entry2.o(__vectab_stack_and_reset_area) refers to entry.o(.ARM.Collect$$$$00000000) for __main
    entry5.o(.ARM.Collect$$$$00000004) refers to init.o(.text) for __scatterload
    entry9a.o(.ARM.Collect$$$$0000000B) refers to main.o(i.main) for main
    entry9b.o(.ARM.Collect$$$$0000000C) refers to main.o(i.main) for main
    init.o(.text) refers to entry5.o(.ARM.Collect$$$$00000004) for __main_after_scatterload


==============================================================================

Removing Unused input sections from the image.

    Removing startup_rvmdk.o(HEAP), (0 bytes).
    Removing startup_rvmdk.o(.text), (0 bytes).
    Removing gpio.o(i.GPIOADCTriggerDisable), (14 bytes).
    Removing gpio.o(i.GPIOADCTriggerEnable), (12 bytes).
    Removing gpio.o(i.GPIODMATriggerDisable), (14 bytes).
    Removing gpio.o(i.GPIODMATriggerEnable), (12 bytes).
    Removing gpio.o(i.GPIODirModeGet), (34 bytes).
    Removing gpio.o(i.GPIOIntClear), (6 bytes).
    Removing gpio.o(i.GPIOIntDisable), (14 bytes).
    Removing gpio.o(i.GPIOIntEnable), (12 bytes).
    Removing gpio.o(i.GPIOIntRegister), (26 bytes).
    Removing gpio.o(i.GPIOIntRegisterPin), (30 bytes).
    Removing gpio.o(i.GPIOIntStatus), (14 bytes).
    Removing gpio.o(i.GPIOIntTypeGet), (70 bytes).
    Removing gpio.o(i.GPIOIntTypeSet), (80 bytes).
    Removing gpio.o(i.GPIOIntUnregister), (22 bytes).
    Removing gpio.o(i.GPIOIntUnregisterPin), (26 bytes).
    Removing gpio.o(i.GPIOPadConfigGet), (248 bytes).
    Removing gpio.o(i.GPIOPinRead), (6 bytes).
    Removing gpio.o(i.GPIOPinTypeADC), (28 bytes).
    Removing gpio.o(i.GPIOPinTypeCAN), (28 bytes).
    Removing gpio.o(i.GPIOPinTypeComparator), (28 bytes).
    Removing gpio.o(i.GPIOPinTypeComparatorOutput), (28 bytes).
    Removing gpio.o(i.GPIOPinTypeDIVSCLK), (28 bytes).
    Removing gpio.o(i.GPIOPinTypeEPI), (28 bytes).
    Removing gpio.o(i.GPIOPinTypeEthernetLED), (28 bytes).
    Removing gpio.o(i.GPIOPinTypeEthernetMII), (28 bytes).
    Removing gpio.o(i.GPIOPinTypeGPIOInput), (28 bytes).
    Removing gpio.o(i.GPIOPinTypeGPIOOutput), (28 bytes).
    Removing gpio.o(i.GPIOPinTypeGPIOOutputOD), (28 bytes).
    Removing gpio.o(i.GPIOPinTypeHibernateRTCCLK), (28 bytes).
    Removing gpio.o(i.GPIOPinTypeI2C), (28 bytes).
    Removing gpio.o(i.GPIOPinTypeI2CSCL), (28 bytes).
    Removing gpio.o(i.GPIOPinTypeLCD), (28 bytes).
    Removing gpio.o(i.GPIOPinTypeOneWire), (28 bytes).
    Removing gpio.o(i.GPIOPinTypePWM), (28 bytes).
    Removing gpio.o(i.GPIOPinTypeQEI), (28 bytes).
    Removing gpio.o(i.GPIOPinTypeSSI), (28 bytes).
    Removing gpio.o(i.GPIOPinTypeTimer), (28 bytes).
    Removing gpio.o(i.GPIOPinTypeTrace), (28 bytes).
    Removing gpio.o(i.GPIOPinTypeUSBAnalog), (28 bytes).
    Removing gpio.o(i.GPIOPinTypeUSBDigital), (28 bytes).
    Removing gpio.o(i.GPIOPinTypeWakeHigh), (30 bytes).
    Removing gpio.o(i.GPIOPinTypeWakeLow), (30 bytes).
    Removing gpio.o(i.GPIOPinWakeStatus), (6 bytes).
    Removing gpio.o(i.GPIOPinWrite), (6 bytes).
    Removing gpio.o(i.GPIOUnlockPin), (24 bytes).
    Removing gpio.o(i._GPIOIntNumberGet), (80 bytes).
    Removing sysctl.o(.emb_text), (6 bytes).
    Removing sysctl.o(i.SysCtlAltClkConfig), (12 bytes).
    Removing sysctl.o(i.SysCtlClockGet), (340 bytes).
    Removing sysctl.o(i.SysCtlClockOutConfig), (20 bytes).
    Removing sysctl.o(i.SysCtlClockSet), (288 bytes).
    Removing sysctl.o(i.SysCtlDeepSleep), (32 bytes).
    Removing sysctl.o(i.SysCtlDeepSleepClockConfigSet), (112 bytes).
    Removing sysctl.o(i.SysCtlDeepSleepClockSet), (12 bytes).
    Removing sysctl.o(i.SysCtlDeepSleepPowerSet), (12 bytes).
    Removing sysctl.o(i.SysCtlFlashSectorSizeGet), (56 bytes).
    Removing sysctl.o(i.SysCtlFlashSizeGet), (56 bytes).
    Removing sysctl.o(i.SysCtlGPIOAHBDisable), (28 bytes).
    Removing sysctl.o(i.SysCtlGPIOAHBEnable), (24 bytes).
    Removing sysctl.o(i.SysCtlIntClear), (12 bytes).
    Removing sysctl.o(i.SysCtlIntDisable), (16 bytes).
    Removing sysctl.o(i.SysCtlIntEnable), (16 bytes).
    Removing sysctl.o(i.SysCtlIntRegister), (20 bytes).
    Removing sysctl.o(i.SysCtlIntStatus), (16 bytes).
    Removing sysctl.o(i.SysCtlIntUnregister), (18 bytes).
    Removing sysctl.o(i.SysCtlLDODeepSleepGet), (12 bytes).
    Removing sysctl.o(i.SysCtlLDODeepSleepSet), (12 bytes).
    Removing sysctl.o(i.SysCtlLDOSleepGet), (12 bytes).
    Removing sysctl.o(i.SysCtlLDOSleepSet), (12 bytes).
    Removing sysctl.o(i.SysCtlMOSCConfigSet), (12 bytes).
    Removing sysctl.o(i.SysCtlNMIClear), (16 bytes).
    Removing sysctl.o(i.SysCtlNMIStatus), (12 bytes).
    Removing sysctl.o(i.SysCtlPIOSCCalibrate), (76 bytes).
    Removing sysctl.o(i.SysCtlPWMClockGet), (24 bytes).
    Removing sysctl.o(i.SysCtlPWMClockSet), (20 bytes).
    Removing sysctl.o(i.SysCtlPeripheralClockGating), (68 bytes).
    Removing sysctl.o(i.SysCtlPeripheralDeepSleepDisable), (40 bytes).
    Removing sysctl.o(i.SysCtlPeripheralDeepSleepEnable), (40 bytes).
    Removing sysctl.o(i.SysCtlPeripheralDisable), (40 bytes).
    Removing sysctl.o(i.SysCtlPeripheralPowerOff), (40 bytes).
    Removing sysctl.o(i.SysCtlPeripheralPowerOn), (40 bytes).
    Removing sysctl.o(i.SysCtlPeripheralPresent), (44 bytes).
    Removing sysctl.o(i.SysCtlPeripheralReset), (60 bytes).
    Removing sysctl.o(i.SysCtlPeripheralSleepDisable), (40 bytes).
    Removing sysctl.o(i.SysCtlPeripheralSleepEnable), (40 bytes).
    Removing sysctl.o(i.SysCtlReset), (16 bytes).
    Removing sysctl.o(i.SysCtlResetBehaviorGet), (12 bytes).
    Removing sysctl.o(i.SysCtlResetBehaviorSet), (12 bytes).
    Removing sysctl.o(i.SysCtlResetCauseClear), (16 bytes).
    Removing sysctl.o(i.SysCtlResetCauseGet), (12 bytes).
    Removing sysctl.o(i.SysCtlSRAMSizeGet), (16 bytes).
    Removing sysctl.o(i.SysCtlSleep), (4 bytes).
    Removing sysctl.o(i.SysCtlSleepPowerSet), (12 bytes).
    Removing sysctl.o(i.SysCtlUSBPLLDisable), (16 bytes).
    Removing sysctl.o(i.SysCtlUSBPLLEnable), (16 bytes).
    Removing sysctl.o(i.SysCtlVCOGet), (120 bytes).
    Removing sysctl.o(i.SysCtlVoltageEventClear), (16 bytes).
    Removing sysctl.o(i.SysCtlVoltageEventConfig), (12 bytes).
    Removing sysctl.o(i.SysCtlVoltageEventStatus), (12 bytes).
    Removing systick.o(i.SysTickIntDisable), (14 bytes).
    Removing systick.o(i.SysTickIntUnregister), (18 bytes).
    Removing systick.o(i.SysTickPeriodGet), (10 bytes).
    Removing systick.o(i.SysTickValueGet), (8 bytes).
    Removing uart.o(i.UART9BitAddrSend), (38 bytes).
    Removing uart.o(i.UART9BitAddrSet), (10 bytes).
    Removing uart.o(i.UART9BitDisable), (14 bytes).
    Removing uart.o(i.UART9BitEnable), (14 bytes).
    Removing uart.o(i.UARTBreakCtl), (18 bytes).
    Removing uart.o(i.UARTBusy), (8 bytes).
    Removing uart.o(i.UARTCharGet), (12 bytes).
    Removing uart.o(i.UARTCharPutNonBlocking), (16 bytes).
    Removing uart.o(i.UARTCharsAvail), (10 bytes).
    Removing uart.o(i.UARTClockSourceGet), (6 bytes).
    Removing uart.o(i.UARTClockSourceSet), (6 bytes).
    Removing uart.o(i.UARTConfigGetExpClk), (46 bytes).
    Removing uart.o(i.UARTDMADisable), (10 bytes).
    Removing uart.o(i.UARTDMAEnable), (8 bytes).
    Removing uart.o(i.UARTDisable), (30 bytes).
    Removing uart.o(i.UARTDisableSIR), (10 bytes).
    Removing uart.o(i.UARTEnable), (20 bytes).
    Removing uart.o(i.UARTEnableSIR), (18 bytes).
    Removing uart.o(i.UARTFIFOEnable), (10 bytes).
    Removing uart.o(i.UARTFIFOLevelGet), (16 bytes).
    Removing uart.o(i.UARTFIFOLevelSet), (6 bytes).
    Removing uart.o(i.UARTFlowControlGet), (8 bytes).
    Removing uart.o(i.UARTFlowControlSet), (12 bytes).
    Removing uart.o(i.UARTIntDisable), (10 bytes).
    Removing uart.o(i.UARTIntUnregister), (88 bytes).
    Removing uart.o(i.UARTLoopbackEnable), (10 bytes).
    Removing uart.o(i.UARTModemControlClear), (14 bytes).
    Removing uart.o(i.UARTModemControlGet), (8 bytes).
    Removing uart.o(i.UARTModemControlSet), (12 bytes).
    Removing uart.o(i.UARTModemStatusGet), (10 bytes).
    Removing uart.o(i.UARTParityModeGet), (8 bytes).
    Removing uart.o(i.UARTParityModeSet), (12 bytes).
    Removing uart.o(i.UARTRxErrorClear), (6 bytes).
    Removing uart.o(i.UARTRxErrorGet), (8 bytes).
    Removing uart.o(i.UARTSmartCardDisable), (10 bytes).
    Removing uart.o(i.UARTSmartCardEnable), (22 bytes).
    Removing uart.o(i.UARTSpaceAvail), (10 bytes).
    Removing uart.o(i.UARTTxIntModeGet), (8 bytes).
    Removing uart.o(i.UARTTxIntModeSet), (12 bytes).
    Removing cpu.o(.emb_text), (38 bytes).
    Removing interrupt.o(i.IntDisable), (100 bytes).
    Removing interrupt.o(i.IntIsEnabled), (96 bytes).
    Removing interrupt.o(i.IntMasterDisable), (14 bytes).
    Removing interrupt.o(i.IntMasterEnable), (14 bytes).
    Removing interrupt.o(i.IntPendClear), (68 bytes).
    Removing interrupt.o(i.IntPendSet), (84 bytes).
    Removing interrupt.o(i.IntPriorityGet), (28 bytes).
    Removing interrupt.o(i.IntPriorityGroupingGet), (36 bytes).
    Removing interrupt.o(i.IntPriorityGroupingSet), (28 bytes).
    Removing interrupt.o(i.IntPriorityMaskGet), (4 bytes).
    Removing interrupt.o(i.IntPriorityMaskSet), (4 bytes).
    Removing interrupt.o(i.IntPrioritySet), (40 bytes).
    Removing interrupt.o(i.IntTrigger), (12 bytes).
    Removing interrupt.o(i.IntUnregister), (20 bytes).
    Removing interrupt.o(i._IntDefaultHandler), (2 bytes).

160 unused section(s) (total 4740 bytes) removed from the image.

==============================================================================

Image Symbol Table

    Local Symbols

    Symbol Name                              Value     Ov Type        Size  Object(Section)

    RESET                                    0x00000000   Section      540  startup_rvmdk.o(RESET)
    ../clib/../cmprslib/zerorunl.c           0x00000000   Number         0  __dczerorl.o ABSOLUTE
    ../clib/microlib/init/entry.s            0x00000000   Number         0  entry12b.o ABSOLUTE
    ../clib/microlib/init/entry.s            0x00000000   Number         0  entry12a.o ABSOLUTE
    ../clib/microlib/init/entry.s            0x00000000   Number         0  entry11b.o ABSOLUTE
    ../clib/microlib/init/entry.s            0x00000000   Number         0  entry11a.o ABSOLUTE
    ../clib/microlib/init/entry.s            0x00000000   Number         0  entry10b.o ABSOLUTE
    ../clib/microlib/init/entry.s            0x00000000   Number         0  entry10a.o ABSOLUTE
    ../clib/microlib/init/entry.s            0x00000000   Number         0  entry9b.o ABSOLUTE
    ../clib/microlib/init/entry.s            0x00000000   Number         0  entry9a.o ABSOLUTE
    ../clib/microlib/init/entry.s            0x00000000   Number         0  entry8b.o ABSOLUTE
    ../clib/microlib/init/entry.s            0x00000000   Number         0  entry8a.o ABSOLUTE
    ../clib/microlib/init/entry.s            0x00000000   Number         0  entry7b.o ABSOLUTE
    ../clib/microlib/init/entry.s            0x00000000   Number         0  entry7a.o ABSOLUTE
    ../clib/microlib/init/entry.s            0x00000000   Number         0  entry5.o ABSOLUTE
    ../clib/microlib/init/entry.s            0x00000000   Number         0  entry2.o ABSOLUTE
    ../clib/microlib/init/entry.s            0x00000000   Number         0  entry.o ABSOLUTE
    cpu.c                                    0x00000000   Number         0  cpu.o ABSOLUTE
    cpu.c                                    0x00000000   Number         0  cpu.o ABSOLUTE
    dc.s                                     0x00000000   Number         0  dc.o ABSOLUTE
    gpio.c                                   0x00000000   Number         0  gpio.o ABSOLUTE
    handlers.s                               0x00000000   Number         0  handlers.o ABSOLUTE
    imageFunctions.c                         0x00000000   Number         0  imagefunctions.o ABSOLUTE
    imageFunctionsASM.s                      0x00000000   Number         0  imagefunctionsasm.o ABSOLUTE
    images.c                                 0x00000000   Number         0  images.o ABSOLUTE
    init.s                                   0x00000000   Number         0  init.o ABSOLUTE
    interrupt.c                              0x00000000   Number         0  interrupt.o ABSOLUTE
    main.c                                   0x00000000   Number         0  main.o ABSOLUTE
    startup_rvmdk.S                          0x00000000   Number         0  startup_rvmdk.o ABSOLUTE
    sysctl.c                                 0x00000000   Number         0  sysctl.o ABSOLUTE
    sysctl.c                                 0x00000000   Number         0  sysctl.o ABSOLUTE
    systick.c                                0x00000000   Number         0  systick.o ABSOLUTE
    uart.c                                   0x00000000   Number         0  uart.o ABSOLUTE
    $v0                                      0x00000200   Number         0  startup_rvmdk.o(RESET)
    NmiSR                                    0x00000215   Thumb Code     0  startup_rvmdk.o(RESET)
    FaultISR                                 0x00000217   Thumb Code     0  startup_rvmdk.o(RESET)
    IntDefaultHandler                        0x00000219   Thumb Code     0  startup_rvmdk.o(RESET)
    .ARM.Collect$$$$00000000                 0x0000021c   Section        0  entry.o(.ARM.Collect$$$$00000000)
    .ARM.Collect$$$$00000001                 0x0000021c   Section        4  entry2.o(.ARM.Collect$$$$00000001)
    .ARM.Collect$$$$00000004                 0x00000220   Section        4  entry5.o(.ARM.Collect$$$$00000004)
    .ARM.Collect$$$$00000008                 0x00000224   Section        0  entry7b.o(.ARM.Collect$$$$00000008)
    .ARM.Collect$$$$0000000A                 0x00000224   Section        0  entry8b.o(.ARM.Collect$$$$0000000A)
    .ARM.Collect$$$$0000000B                 0x00000224   Section        8  entry9a.o(.ARM.Collect$$$$0000000B)
    .ARM.Collect$$$$0000000E                 0x0000022c   Section        4  entry12b.o(.ARM.Collect$$$$0000000E)
    .ARM.Collect$$$$0000000F                 0x00000230   Section        0  entry10a.o(.ARM.Collect$$$$0000000F)
    .ARM.Collect$$$$00000011                 0x00000230   Section        0  entry11a.o(.ARM.Collect$$$$00000011)
    .ARM.Collect$$$$00002712                 0x00000230   Section        4  entry2.o(.ARM.Collect$$$$00002712)
    __lit__00000000                          0x00000230   Data           4  entry2.o(.ARM.Collect$$$$00002712)
    .text                                    0x00000234   Section       68  imagefunctionsasm.o(.text)
    $v0                                      0x00000234   Number         0  imagefunctionsasm.o(.text)
    .text                                    0x00000278   Section       36  init.o(.text)
    .text                                    0x0000029c   Section        0  __dczerorl.o(.text)
    i.EightBitHistogram_C                    0x000002d6   Section        0  imagefunctions.o(i.EightBitHistogram_C)
    i.GPIODirModeSet                         0x00000312   Section        0  gpio.o(i.GPIODirModeSet)
    i.GPIOPadConfigSet                       0x0000033c   Section        0  gpio.o(i.GPIOPadConfigSet)
    i.GPIOPinConfigure                       0x000004ac   Section        0  gpio.o(i.GPIOPinConfigure)
    i.GPIOPinTypeUART                        0x000004f0   Section        0  gpio.o(i.GPIOPinTypeUART)
    i.IntEnable                              0x0000050c   Section        0  interrupt.o(i.IntEnable)
    i.IntRegister                            0x00000570   Section        0  interrupt.o(i.IntRegister)
    i.SetupSystick                           0x000005a4   Section        0  main.o(i.SetupSystick)
    i.SetupUart                              0x000005d4   Section        0  main.o(i.SetupUart)
    i.SysCtlClockFreqSet                     0x00000654   Section        0  sysctl.o(i.SysCtlClockFreqSet)
    i.SysCtlPeripheralEnable                 0x00000938   Section        0  sysctl.o(i.SysCtlPeripheralEnable)
    i.SysCtlPeripheralReady                  0x00000960   Section        0  sysctl.o(i.SysCtlPeripheralReady)
    i.SysTickDisable                         0x0000098c   Section        0  systick.o(i.SysTickDisable)
    i.SysTickEnable                          0x0000099a   Section        0  systick.o(i.SysTickEnable)
    i.SysTickIntEnable                       0x000009a8   Section        0  systick.o(i.SysTickIntEnable)
    i.SysTickIntHandler                      0x000009b8   Section        0  main.o(i.SysTickIntHandler)
    i.SysTickIntRegister                     0x000009c8   Section        0  systick.o(i.SysTickIntRegister)
    i.SysTickPeriodSet                       0x000009e0   Section        0  systick.o(i.SysTickPeriodSet)
    i.UARTCharGetNonBlocking                 0x000009ea   Section        0  uart.o(i.UARTCharGetNonBlocking)
    i.UARTCharPut                            0x000009fa   Section        0  uart.o(i.UARTCharPut)
    i.UARTConfigSetExpClk                    0x00000a06   Section        0  uart.o(i.UARTConfigSetExpClk)
    i.UARTFIFODisable                        0x00000a74   Section        0  uart.o(i.UARTFIFODisable)
    i.UARTIntClear                           0x00000a7e   Section        0  uart.o(i.UARTIntClear)
    i.UARTIntEnable                          0x00000a82   Section        0  uart.o(i.UARTIntEnable)
    i.UARTIntRegister                        0x00000a8c   Section        0  uart.o(i.UARTIntRegister)
    i.UARTIntStatus                          0x00000ae4   Section        0  uart.o(i.UARTIntStatus)
    i.UARTNumberSend                         0x00000aee   Section        0  main.o(i.UARTNumberSend)
    i.UARTStringSend                         0x00000b30   Section        0  main.o(i.UARTStringSend)
    i.UART_Interruption_Handler              0x00000b50   Section        0  main.o(i.UART_Interruption_Handler)
    i.__scatterload_copy                     0x00000b84   Section       14  handlers.o(i.__scatterload_copy)
    i.__scatterload_null                     0x00000b92   Section        2  handlers.o(i.__scatterload_null)
    i.__scatterload_zeroinit                 0x00000b94   Section       14  handlers.o(i.__scatterload_zeroinit)
    i.copyToRam                              0x00000ba2   Section        0  main.o(i.copyToRam)
    i.main                                   0x00000bb4   Section        0  main.o(i.main)
    .constdata                               0x00000d40   Section        2  images.o(.constdata)
    .constdata                               0x00000d42   Section        2  images.o(.constdata)
    .constdata                               0x00000d44   Section       12  images.o(.constdata)
    .constdata                               0x00000d50   Section        2  images.o(.constdata)
    .constdata                               0x00000d52   Section        2  images.o(.constdata)
    .constdata                               0x00000d54   Section    19200  images.o(.constdata)
    .constdata                               0x00005854   Section      552  gpio.o(.constdata)
    g_ppui32GPIOIntMapBlizzard               0x00005854   Data         192  gpio.o(.constdata)
    g_ppui32GPIOIntMapSnowflake              0x00005914   Data         216  gpio.o(.constdata)
    g_pui32GPIOBaseAddrs                     0x000059ec   Data         144  gpio.o(.constdata)
    .constdata                               0x00005a7c   Section      596  sysctl.o(.constdata)
    g_pui32VCOFrequencies                    0x00005a7c   Data           8  sysctl.o(.constdata)
    g_pui32Xtals                             0x00005a84   Data         108  sysctl.o(.constdata)
    g_pppui32XTALtoVCO                       0x00005af0   Data         432  sysctl.o(.constdata)
    g_sXTALtoMEMTIM                          0x00005ca0   Data          48  sysctl.o(.constdata)
    .constdata                               0x00005cd0   Section      128  uart.o(.constdata)
    g_ppui32UARTIntMap                       0x00005cd0   Data          64  uart.o(.constdata)
    g_ppui32UARTIntMapSnowflake              0x00005d10   Data          64  uart.o(.constdata)
    .constdata                               0x00005d50   Section      268  interrupt.o(.constdata)
    g_pui32Priority                          0x00005d50   Data          32  interrupt.o(.constdata)
    g_pui32Regs                              0x00005d70   Data         156  interrupt.o(.constdata)
    g_pui32EnRegs                            0x00005e0c   Data          20  interrupt.o(.constdata)
    g_pui32Dii16Regs                         0x00005e20   Data          20  interrupt.o(.constdata)
    g_pui32PendRegs                          0x00005e34   Data          20  interrupt.o(.constdata)
    g_pui32UnpendRegs                        0x00005e48   Data          20  interrupt.o(.constdata)
    .data                                    0x20000000   Section       12  main.o(.data)
    SysTicks1ms                              0x20000000   Data           4  main.o(.data)
    .data                                    0x2000000c   Section        4  images.o(.data)
    .data                                    0x20000010   Section        4  images.o(.data)
    vtable                                   0x20000400   Section      620  interrupt.o(vtable)
    g_pfnRAMVectors                          0x20000400   Data         620  interrupt.o(vtable)
    .bss                                     0x2000066c   Section      640  main.o(.bss)
    histogram                                0x2000066c   Data         512  main.o(.bss)
    STACK                                    0x200008f0   Section      512  startup_rvmdk.o(STACK)
    StackMem                                 0x200008f0   Data           0  startup_rvmdk.o(STACK)

    Global Symbols

    Symbol Name                              Value     Ov Type        Size  Object(Section)

    BuildAttributes$$THM_ISAv4$E$P$D$K$B$S$7EM$VFPi3$EXTD16$VFPS$VFMA$PE$A:L22UL41UL21$X:L11$S22US41US21$IEEE1$IW$USESV6$~STKCKD$USESV7$~SHL$OTIME$EBA8$MICROLIB$REQ8$EABIv2 0x00000000   Number         0  anon$$obj.o ABSOLUTE
    __ARM_use_no_argv                        0x00000000   Number         0  main.o ABSOLUTE
    __Vectors                                0x00000000   Data           0  startup_rvmdk.o(RESET)
    __arm_fini_                               - Undefined Weak Reference
    __cpp_initialize__aeabi_                  - Undefined Weak Reference
    __cxa_finalize                            - Undefined Weak Reference
    _clock_init                               - Undefined Weak Reference
    _microlib_exit                            - Undefined Weak Reference
    Reset_Handler                            0x00000201   Thumb Code     0  startup_rvmdk.o(RESET)
    __main                                   0x0000021d   Thumb Code     0  entry.o(.ARM.Collect$$$$00000000)
    _main_stk                                0x0000021d   Thumb Code     0  entry2.o(.ARM.Collect$$$$00000001)
    _main_scatterload                        0x00000221   Thumb Code     0  entry5.o(.ARM.Collect$$$$00000004)
    __main_after_scatterload                 0x00000225   Thumb Code     0  entry5.o(.ARM.Collect$$$$00000004)
    _main_clock                              0x00000225   Thumb Code     0  entry7b.o(.ARM.Collect$$$$00000008)
    _main_cpp_init                           0x00000225   Thumb Code     0  entry8b.o(.ARM.Collect$$$$0000000A)
    _main_init                               0x00000225   Thumb Code     0  entry9a.o(.ARM.Collect$$$$0000000B)
    __rt_lib_shutdown_fini                   0x0000022d   Thumb Code     0  entry12b.o(.ARM.Collect$$$$0000000E)
    __rt_final_cpp                           0x00000231   Thumb Code     0  entry10a.o(.ARM.Collect$$$$0000000F)
    __rt_final_exit                          0x00000231   Thumb Code     0  entry11a.o(.ARM.Collect$$$$00000011)
    EightBitHistogram_ASM                    0x00000235   Thumb Code     0  imagefunctionsasm.o(.text)
    __scatterload                            0x00000279   Thumb Code    28  init.o(.text)
    __scatterload_rt2                        0x00000279   Thumb Code     0  init.o(.text)
    __decompress                             0x0000029d   Thumb Code     0  __dczerorl.o(.text)
    __decompress0                            0x0000029d   Thumb Code    58  __dczerorl.o(.text)
    EightBitHistogram_C                      0x000002d7   Thumb Code    60  imagefunctions.o(i.EightBitHistogram_C)
    GPIODirModeSet                           0x00000313   Thumb Code    40  gpio.o(i.GPIODirModeSet)
    GPIOPadConfigSet                         0x0000033d   Thumb Code   354  gpio.o(i.GPIOPadConfigSet)
    GPIOPinConfigure                         0x000004ad   Thumb Code    60  gpio.o(i.GPIOPinConfigure)
    GPIOPinTypeUART                          0x000004f1   Thumb Code    28  gpio.o(i.GPIOPinTypeUART)
    IntEnable                                0x0000050d   Thumb Code    92  interrupt.o(i.IntEnable)
    IntRegister                              0x00000571   Thumb Code    44  interrupt.o(i.IntRegister)
    SetupSystick                             0x000005a5   Thumb Code    36  main.o(i.SetupSystick)
    SetupUart                                0x000005d5   Thumb Code   106  main.o(i.SetupUart)
    SysCtlClockFreqSet                       0x00000655   Thumb Code   700  sysctl.o(i.SysCtlClockFreqSet)
    SysCtlPeripheralEnable                   0x00000939   Thumb Code    36  sysctl.o(i.SysCtlPeripheralEnable)
    SysCtlPeripheralReady                    0x00000961   Thumb Code    40  sysctl.o(i.SysCtlPeripheralReady)
    SysTickDisable                           0x0000098d   Thumb Code    14  systick.o(i.SysTickDisable)
    SysTickEnable                            0x0000099b   Thumb Code    14  systick.o(i.SysTickEnable)
    SysTickIntEnable                         0x000009a9   Thumb Code    14  systick.o(i.SysTickIntEnable)
    SysTickIntHandler                        0x000009b9   Thumb Code    10  main.o(i.SysTickIntHandler)
    SysTickIntRegister                       0x000009c9   Thumb Code    24  systick.o(i.SysTickIntRegister)
    SysTickPeriodSet                         0x000009e1   Thumb Code    10  systick.o(i.SysTickPeriodSet)
    UARTCharGetNonBlocking                   0x000009eb   Thumb Code    16  uart.o(i.UARTCharGetNonBlocking)
    UARTCharPut                              0x000009fb   Thumb Code    12  uart.o(i.UARTCharPut)
    UARTConfigSetExpClk                      0x00000a07   Thumb Code   110  uart.o(i.UARTConfigSetExpClk)
    UARTFIFODisable                          0x00000a75   Thumb Code    10  uart.o(i.UARTFIFODisable)
    UARTIntClear                             0x00000a7f   Thumb Code     4  uart.o(i.UARTIntClear)
    UARTIntEnable                            0x00000a83   Thumb Code     8  uart.o(i.UARTIntEnable)
    UARTIntRegister                          0x00000a8d   Thumb Code    70  uart.o(i.UARTIntRegister)
    UARTIntStatus                            0x00000ae5   Thumb Code    10  uart.o(i.UARTIntStatus)
    UARTNumberSend                           0x00000aef   Thumb Code    64  main.o(i.UARTNumberSend)
    UARTStringSend                           0x00000b31   Thumb Code    28  main.o(i.UARTStringSend)
    UART_Interruption_Handler                0x00000b51   Thumb Code    44  main.o(i.UART_Interruption_Handler)
    __scatterload_copy                       0x00000b85   Thumb Code    14  handlers.o(i.__scatterload_copy)
    __scatterload_null                       0x00000b93   Thumb Code     2  handlers.o(i.__scatterload_null)
    __scatterload_zeroinit                   0x00000b95   Thumb Code    14  handlers.o(i.__scatterload_zeroinit)
    copyToRam                                0x00000ba3   Thumb Code    18  main.o(i.copyToRam)
    main                                     0x00000bb5   Thumb Code   262  main.o(i.main)
    width0                                   0x00000d40   Data           2  images.o(.constdata)
    height0                                  0x00000d42   Data           2  images.o(.constdata)
    image0                                   0x00000d44   Data          12  images.o(.constdata)
    width1                                   0x00000d50   Data           2  images.o(.constdata)
    height1                                  0x00000d52   Data           2  images.o(.constdata)
    image1                                   0x00000d54   Data       19200  images.o(.constdata)
    Region$$Table$$Base                      0x00005e5c   Number         0  anon$$obj.o(Region$$Table)
    Region$$Table$$Limit                     0x00005e7c   Number         0  anon$$obj.o(Region$$Table)
    rxbuffer                                 0x20000004   Data           4  main.o(.data)
    SysClock                                 0x20000008   Data           4  main.o(.data)
    p_start_image0                           0x2000000c   Data           4  images.o(.data)
    p_start_image1                           0x20000010   Data           4  images.o(.data)
    ram_buffer_C                             0x2000086c   Data          60  main.o(.bss)
    ram_buffer_ASM                           0x200008a8   Data          68  main.o(.bss)
    __initial_sp                             0x20000af0   Data           0  startup_rvmdk.o(STACK)



==============================================================================

Memory Map of the image

  Image Entry point : 0x00000201

  Load Region LR_1 (Base: 0x00000000, Size: 0x000064e8, Max: 0xffffffff, ABSOLUTE, COMPRESSED[0x00005e90])

    Execution Region ER_RO (Exec base: 0x00000000, Load base: 0x00000000, Size: 0x00005e7c, Max: 0xffffffff, ABSOLUTE)

    Exec Addr    Load Addr    Size         Type   Attr      Idx    E Section Name        Object

    0x00000000   0x00000000   0x0000021c   Code   RO           97  * RESET               startup_rvmdk.o
    0x0000021c   0x0000021c   0x00000000   Code   RO         1305  * .ARM.Collect$$$$00000000  mc_w.l(entry.o)
    0x0000021c   0x0000021c   0x00000004   Code   RO         1308    .ARM.Collect$$$$00000001  mc_w.l(entry2.o)
    0x00000220   0x00000220   0x00000004   Code   RO         1311    .ARM.Collect$$$$00000004  mc_w.l(entry5.o)
    0x00000224   0x00000224   0x00000000   Code   RO         1313    .ARM.Collect$$$$00000008  mc_w.l(entry7b.o)
    0x00000224   0x00000224   0x00000000   Code   RO         1315    .ARM.Collect$$$$0000000A  mc_w.l(entry8b.o)
    0x00000224   0x00000224   0x00000008   Code   RO         1316    .ARM.Collect$$$$0000000B  mc_w.l(entry9a.o)
    0x0000022c   0x0000022c   0x00000004   Code   RO         1323    .ARM.Collect$$$$0000000E  mc_w.l(entry12b.o)
    0x00000230   0x00000230   0x00000000   Code   RO         1318    .ARM.Collect$$$$0000000F  mc_w.l(entry10a.o)
    0x00000230   0x00000230   0x00000000   Code   RO         1320    .ARM.Collect$$$$00000011  mc_w.l(entry11a.o)
    0x00000230   0x00000230   0x00000004   Code   RO         1309    .ARM.Collect$$$$00002712  mc_w.l(entry2.o)
    0x00000234   0x00000234   0x00000044   Code   RO          133    .text               imagefunctionsasm.o
    0x00000278   0x00000278   0x00000024   Code   RO         1324    .text               mc_w.l(init.o)
    0x0000029c   0x0000029c   0x0000003a   Code   RO         1334    .text               mc_w.l(__dczerorl.o)
    0x000002d6   0x000002d6   0x0000003c   Code   RO          121    i.EightBitHistogram_C  imagefunctions.o
    0x00000312   0x00000312   0x00000028   Code   RO          141    i.GPIODirModeSet    driverlib.lib(gpio.o)
    0x0000033a   0x0000033a   0x00000002   PAD
    0x0000033c   0x0000033c   0x00000170   Code   RO          153    i.GPIOPadConfigSet  driverlib.lib(gpio.o)
    0x000004ac   0x000004ac   0x00000044   Code   RO          154    i.GPIOPinConfigure  driverlib.lib(gpio.o)
    0x000004f0   0x000004f0   0x0000001c   Code   RO          177    i.GPIOPinTypeUART   driverlib.lib(gpio.o)
    0x0000050c   0x0000050c   0x00000064   Code   RO         1196    i.IntEnable         driverlib.lib(interrupt.o)
    0x00000570   0x00000570   0x00000034   Code   RO         1208    i.IntRegister       driverlib.lib(interrupt.o)
    0x000005a4   0x000005a4   0x00000030   Code   RO            1    i.SetupSystick      main.o
    0x000005d4   0x000005d4   0x00000080   Code   RO            2    i.SetupUart         main.o
    0x00000654   0x00000654   0x000002e4   Code   RO          475    i.SysCtlClockFreqSet  driverlib.lib(sysctl.o)
    0x00000938   0x00000938   0x00000028   Code   RO          507    i.SysCtlPeripheralEnable  driverlib.lib(sysctl.o)
    0x00000960   0x00000960   0x0000002c   Code   RO          511    i.SysCtlPeripheralReady  driverlib.lib(sysctl.o)
    0x0000098c   0x0000098c   0x0000000e   Code   RO          827    i.SysTickDisable    driverlib.lib(systick.o)
    0x0000099a   0x0000099a   0x0000000e   Code   RO          828    i.SysTickEnable     driverlib.lib(systick.o)
    0x000009a8   0x000009a8   0x0000000e   Code   RO          830    i.SysTickIntEnable  driverlib.lib(systick.o)
    0x000009b6   0x000009b6   0x00000002   PAD
    0x000009b8   0x000009b8   0x00000010   Code   RO            3    i.SysTickIntHandler  main.o
    0x000009c8   0x000009c8   0x00000018   Code   RO          831    i.SysTickIntRegister  driverlib.lib(systick.o)
    0x000009e0   0x000009e0   0x0000000a   Code   RO          834    i.SysTickPeriodSet  driverlib.lib(systick.o)
    0x000009ea   0x000009ea   0x00000010   Code   RO          897    i.UARTCharGetNonBlocking  driverlib.lib(uart.o)
    0x000009fa   0x000009fa   0x0000000c   Code   RO          898    i.UARTCharPut       driverlib.lib(uart.o)
    0x00000a06   0x00000a06   0x0000006e   Code   RO          904    i.UARTConfigSetExpClk  driverlib.lib(uart.o)
    0x00000a74   0x00000a74   0x0000000a   Code   RO          911    i.UARTFIFODisable   driverlib.lib(uart.o)
    0x00000a7e   0x00000a7e   0x00000004   Code   RO          917    i.UARTIntClear      driverlib.lib(uart.o)
    0x00000a82   0x00000a82   0x00000008   Code   RO          919    i.UARTIntEnable     driverlib.lib(uart.o)
    0x00000a8a   0x00000a8a   0x00000002   PAD
    0x00000a8c   0x00000a8c   0x00000058   Code   RO          920    i.UARTIntRegister   driverlib.lib(uart.o)
    0x00000ae4   0x00000ae4   0x0000000a   Code   RO          921    i.UARTIntStatus     driverlib.lib(uart.o)
    0x00000aee   0x00000aee   0x00000040   Code   RO            4    i.UARTNumberSend    main.o
    0x00000b2e   0x00000b2e   0x00000002   PAD
    0x00000b30   0x00000b30   0x00000020   Code   RO            5    i.UARTStringSend    main.o
    0x00000b50   0x00000b50   0x00000034   Code   RO            6    i.UART_Interruption_Handler  main.o
    0x00000b84   0x00000b84   0x0000000e   Code   RO         1328    i.__scatterload_copy  mc_w.l(handlers.o)
    0x00000b92   0x00000b92   0x00000002   Code   RO         1329    i.__scatterload_null  mc_w.l(handlers.o)
    0x00000b94   0x00000b94   0x0000000e   Code   RO         1330    i.__scatterload_zeroinit  mc_w.l(handlers.o)
    0x00000ba2   0x00000ba2   0x00000012   Code   RO            7    i.copyToRam         main.o
    0x00000bb4   0x00000bb4   0x0000018c   Code   RO            8    i.main              main.o
    0x00000d40   0x00000d40   0x00000002   Data   RO          102    .constdata          images.o
    0x00000d42   0x00000d42   0x00000002   Data   RO          103    .constdata          images.o
    0x00000d44   0x00000d44   0x0000000c   Data   RO          104    .constdata          images.o
    0x00000d50   0x00000d50   0x00000002   Data   RO          105    .constdata          images.o
    0x00000d52   0x00000d52   0x00000002   Data   RO          106    .constdata          images.o
    0x00000d54   0x00000d54   0x00004b00   Data   RO          107    .constdata          images.o
    0x00005854   0x00005854   0x00000228   Data   RO          186    .constdata          driverlib.lib(gpio.o)
    0x00005a7c   0x00005a7c   0x00000254   Data   RO          529    .constdata          driverlib.lib(sysctl.o)
    0x00005cd0   0x00005cd0   0x00000080   Data   RO          937    .constdata          driverlib.lib(uart.o)
    0x00005d50   0x00005d50   0x0000010c   Data   RO         1212    .constdata          driverlib.lib(interrupt.o)
    0x00005e5c   0x00005e5c   0x00000020   Data   RO         1326    Region$$Table       anon$$obj.o


    Execution Region ER_RW (Exec base: 0x20000000, Load base: 0x00005e7c, Size: 0x0000066c, Max: 0xffffffff, ABSOLUTE, COMPRESSED[0x00000014])

    Exec Addr    Load Addr    Size         Type   Attr      Idx    E Section Name        Object

    0x20000000   COMPRESSED   0x0000000c   Data   RW           10    .data               main.o
    0x2000000c   COMPRESSED   0x00000004   Data   RW          108    .data               images.o
    0x20000010   COMPRESSED   0x00000004   Data   RW          109    .data               images.o
    0x20000014   COMPRESSED   0x000003ec   PAD
    0x20000400   COMPRESSED   0x0000026c   Data   RW         1213    vtable              driverlib.lib(interrupt.o)


    Execution Region ER_ZI (Exec base: 0x2000066c, Load base: 0x00005e90, Size: 0x00000484, Max: 0xffffffff, ABSOLUTE)

    Exec Addr    Load Addr    Size         Type   Attr      Idx    E Section Name        Object

    0x2000066c        -       0x00000280   Zero   RW            9    .bss                main.o
    0x200008ec   0x00005e90   0x00000004   PAD
    0x200008f0        -       0x00000200   Zero   RW           95    STACK               startup_rvmdk.o


==============================================================================

Image component sizes


      Code (inc. data)   RO Data    RW Data    ZI Data      Debug   Object Name

        60          0          0          0          0       1238   imagefunctions.o
        68          2          0          0          0        240   imagefunctionsasm.o
         0          0      19220          8          0        808   images.o
       754        186          0         12        640       9972   main.o
       540        514          0          0        512        260   startup_rvmdk.o

    ----------------------------------------------------------------------
      1424        702      19252       1024       1156      12518   Object Totals
         0          0         32          0          0          0   (incl. Generated)
         2          0          0       1004          4          0   (incl. Padding)

    ----------------------------------------------------------------------

      Code (inc. data)   RO Data    RW Data    ZI Data      Debug   Library Member Name

       504         22        552          0          0       6629   gpio.o
       152         16        268        620          0       2150   interrupt.o
       824         48        596          0          0       4490   sysctl.o
        76          0          0          0          0       2400   systick.o
       258         18        128          0          0       5457   uart.o
        58          0          0          0          0          0   __dczerorl.o
         0          0          0          0          0          0   entry.o
         0          0          0          0          0          0   entry10a.o
         0          0          0          0          0          0   entry11a.o
         4          0          0          0          0          0   entry12b.o
         8          4          0          0          0          0   entry2.o
         4          0          0          0          0          0   entry5.o
         0          0          0          0          0          0   entry7b.o
         0          0          0          0          0          0   entry8b.o
         8          4          0          0          0          0   entry9a.o
        30          0          0          0          0          0   handlers.o
        36          8          0          0          0         68   init.o

    ----------------------------------------------------------------------
      1968        120       1544        620          0      21194   Library Totals
         6          0          0          0          0          0   (incl. Padding)

    ----------------------------------------------------------------------

      Code (inc. data)   RO Data    RW Data    ZI Data      Debug   Library Name

      1814        104       1544        620          0      21126   driverlib.lib
       148         16          0          0          0         68   mc_w.l

    ----------------------------------------------------------------------
      1968        120       1544        620          0      21194   Library Totals

    ----------------------------------------------------------------------

==============================================================================


      Code (inc. data)   RO Data    RW Data    ZI Data      Debug   

      3392        822      20796       1644       1156      31496   Grand Totals
      3392        822      20796         20       1156      31496   ELF Image Totals (compressed)
      3392        822      20796         20          0          0   ROM Totals

==============================================================================

    Total RO  Size (Code + RO Data)                24188 (  23.62kB)
    Total RW  Size (RW Data + ZI Data)              2800 (   2.73kB)
    Total ROM Size (Code + RO Data + RW Data)      24208 (  23.64kB)

==============================================================================

